<html>
<body>
<pre>
<h1>µVision Build Log</h1>
<h2>Tool Versions:</h2>
IDE-Version: ¦ÌVision V5.32.0.0
Copyright (C) 2020 ARM Ltd and ARM Germany GmbH. All rights reserved.
License Information: V CB, ZJU, LIC=WHYH9-4JYLP-KPGZY-IU18C-06QJN-3DQAZ
 
Tool Versions:
Toolchain:       MDK-ARM Plus  Version: 5.32.0.0
Toolchain Path:  C:\Keil_v5\ARM\ARMCC\Bin
C Compiler:      Armcc.exe V5.06 update 7 (build 960)
Assembler:       Armasm.exe V5.06 update 7 (build 960)
Linker/Locator:  ArmLink.exe V5.06 update 7 (build 960)
Library Manager: ArmAr.exe V5.06 update 7 (build 960)
Hex Converter:   FromElf.exe V5.06 update 7 (build 960)
CPU DLL:         SARMCM3.DLL V5.32.0.0
Dialog DLL:      DCM.DLL V1.17.3.0
Target DLL:      Segger\JL2CM3.dll V2.99.38.0
Dialog DLL:      TCM.DLL V1.46.0.0
 
<h2>Project:</h2>
C:\code\gd32\c1_driver\Firmware_app\MDK-ARM\dgm_app.uvprojx
Project File Date:  09/14/2025

<h2>Output:</h2>
*** Using Compiler 'V5.06 update 7 (build 960)', folder: 'C:\Keil_v5\ARM\ARMCC\Bin'
Build target 'dgm_app'
compiling encoder.c...
..\Source\encoder.c(459): warning:  #3170-D: use of a const variable in a constant expression is nonstandard in C
  float vel_vec[vel_average_filter_num] = {0.0f};
..\Source\encoder.c(471): warning:  #2532-D: support for trigraphs is disabled
  // --- ??/???? ---
..\Source\encoder.c(627): warning:  #177-D: variable "count_init"  was declared but never referenced
  	  static int32_t count_init = 0;
..\Source\encoder.c: 3 warnings, 0 errors
linking...
Program Size: Code=28800 RO-data=6932 RW-data=16480 ZI-data=12472  
FromELF: creating hex file...
After Build - User command #1: "C:\Keil_v5\\ARM\ARMCC\bin\fromelf.exe" --bincombined ".\object\dgm_app_fw.axf" --output="C:\code\gd32\c1_driver\Firmware_app\MDK-ARM\object\\dgm_app_fw.bin"
".\object\dgm_app_fw.axf" - 0 Error(s), 3 Warning(s).

<h2>Software Packages used:</h2>

Package Vendor: GigaDevice
                https://gd32mcu.com/data/documents/pack/GigaDevice.GD32C10x_DFP.1.4.0.pack
                GigaDevice.GD32C10x_DFP.1.4.0
                GigaDevice GD32C10x Series Device Support and Examples

<h2>Collection of Component include folders:</h2>
  C:\Users\17511\AppData\Local\Arm\Packs\GigaDevice\GD32C10x_DFP\1.4.0\Device\Include

<h2>Collection of Component Files used:</h2>
Build Time Elapsed:  00:00:01
</pre>
</body>
</html>
