<!doctype html public "-//w3c//dtd html 4.0 transitional//en">
<html><head>
<title>Static Call Graph - [.\object\dgm_app_fw.axf]</title></head>
<body><HR>
<H1>Static Call Graph for image .\object\dgm_app_fw.axf</H1><HR>
<BR><P>#&#060CALLGRAPH&#062# ARM Linker, 5060960: Last Updated: Mon Sep 15 19:15:26 2025
<BR><P>
<H3>Maximum Stack Usage =        480 bytes + Unknown(Cycles, Untraceable Function Pointers)</H3><H3>
Call chain for Maximum Stack Depth:</H3>
main &rArr; COM_CAN_loop &rArr; OD_write_2 &rArr; EE_WriteVariable16bits &rArr; PagesTransfer &rArr; ReadVariable &rArr; FindPage &rArr; SetPageState &rArr; FI_WriteDoubleWord &rArr; fmc_word_program
<P>
<H3>
Mutually Recursive functions
</H3> <LI><a href="#[9]">SysTick_Handler</a>&nbsp;&nbsp;&nbsp;&rArr;&nbsp;&nbsp;&nbsp;<a href="#[9]">SysTick_Handler</a><BR>
 <LI><a href="#[20]">CAN0_EWMC_IRQHandler</a>&nbsp;&nbsp;&nbsp;&rArr;&nbsp;&nbsp;&nbsp;<a href="#[20]">CAN0_EWMC_IRQHandler</a><BR>
</UL>
<P>
<H3>
Function Pointers
</H3><UL>
 <LI><a href="#[1c]">ADC0_1_IRQHandler</a> from gd32c10x_it.o(i.ADC0_1_IRQHandler) referenced from startup_gd32c10x.o(RESET)
 <LI><a href="#[4]">BusFault_Handler</a> from gd32c10x_it.o(i.BusFault_Handler) referenced from startup_gd32c10x.o(RESET)
 <LI><a href="#[20]">CAN0_EWMC_IRQHandler</a> from startup_gd32c10x.o(.text) referenced from startup_gd32c10x.o(RESET)
 <LI><a href="#[1e]">CAN0_RX0_IRQHandler</a> from gd32c10x_it.o(i.CAN0_RX0_IRQHandler) referenced from startup_gd32c10x.o(RESET)
 <LI><a href="#[1f]">CAN0_RX1_IRQHandler</a> from startup_gd32c10x.o(.text) referenced from startup_gd32c10x.o(RESET)
 <LI><a href="#[1d]">CAN0_TX_IRQHandler</a> from startup_gd32c10x.o(.text) referenced from startup_gd32c10x.o(RESET)
 <LI><a href="#[48]">CAN1_EWMC_IRQHandler</a> from startup_gd32c10x.o(.text) referenced from startup_gd32c10x.o(RESET)
 <LI><a href="#[46]">CAN1_RX0_IRQHandler</a> from startup_gd32c10x.o(.text) referenced from startup_gd32c10x.o(RESET)
 <LI><a href="#[47]">CAN1_RX1_IRQHandler</a> from startup_gd32c10x.o(.text) referenced from startup_gd32c10x.o(RESET)
 <LI><a href="#[45]">CAN1_TX_IRQHandler</a> from startup_gd32c10x.o(.text) referenced from startup_gd32c10x.o(RESET)
 <LI><a href="#[15]">DMA0_Channel0_IRQHandler</a> from startup_gd32c10x.o(.text) referenced from startup_gd32c10x.o(RESET)
 <LI><a href="#[16]">DMA0_Channel1_IRQHandler</a> from startup_gd32c10x.o(.text) referenced from startup_gd32c10x.o(RESET)
 <LI><a href="#[17]">DMA0_Channel2_IRQHandler</a> from startup_gd32c10x.o(.text) referenced from startup_gd32c10x.o(RESET)
 <LI><a href="#[18]">DMA0_Channel3_IRQHandler</a> from startup_gd32c10x.o(.text) referenced from startup_gd32c10x.o(RESET)
 <LI><a href="#[19]">DMA0_Channel4_IRQHandler</a> from startup_gd32c10x.o(.text) referenced from startup_gd32c10x.o(RESET)
 <LI><a href="#[1a]">DMA0_Channel5_IRQHandler</a> from startup_gd32c10x.o(.text) referenced from startup_gd32c10x.o(RESET)
 <LI><a href="#[1b]">DMA0_Channel6_IRQHandler</a> from startup_gd32c10x.o(.text) referenced from startup_gd32c10x.o(RESET)
 <LI><a href="#[40]">DMA1_Channel0_IRQHandler</a> from startup_gd32c10x.o(.text) referenced from startup_gd32c10x.o(RESET)
 <LI><a href="#[41]">DMA1_Channel1_IRQHandler</a> from startup_gd32c10x.o(.text) referenced from startup_gd32c10x.o(RESET)
 <LI><a href="#[42]">DMA1_Channel2_IRQHandler</a> from startup_gd32c10x.o(.text) referenced from startup_gd32c10x.o(RESET)
 <LI><a href="#[43]">DMA1_Channel3_IRQHandler</a> from startup_gd32c10x.o(.text) referenced from startup_gd32c10x.o(RESET)
 <LI><a href="#[44]">DMA1_Channel4_IRQHandler</a> from startup_gd32c10x.o(.text) referenced from startup_gd32c10x.o(RESET)
 <LI><a href="#[7]">DebugMon_Handler</a> from gd32c10x_it.o(i.DebugMon_Handler) referenced from startup_gd32c10x.o(RESET)
 <LI><a href="#[39]">EXMC_IRQHandler</a> from startup_gd32c10x.o(.text) referenced from startup_gd32c10x.o(RESET)
 <LI><a href="#[10]">EXTI0_IRQHandler</a> from startup_gd32c10x.o(.text) referenced from startup_gd32c10x.o(RESET)
 <LI><a href="#[32]">EXTI10_15_IRQHandler</a> from startup_gd32c10x.o(.text) referenced from startup_gd32c10x.o(RESET)
 <LI><a href="#[11]">EXTI1_IRQHandler</a> from startup_gd32c10x.o(.text) referenced from startup_gd32c10x.o(RESET)
 <LI><a href="#[12]">EXTI2_IRQHandler</a> from startup_gd32c10x.o(.text) referenced from startup_gd32c10x.o(RESET)
 <LI><a href="#[13]">EXTI3_IRQHandler</a> from startup_gd32c10x.o(.text) referenced from startup_gd32c10x.o(RESET)
 <LI><a href="#[14]">EXTI4_IRQHandler</a> from startup_gd32c10x.o(.text) referenced from startup_gd32c10x.o(RESET)
 <LI><a href="#[21]">EXTI5_9_IRQHandler</a> from startup_gd32c10x.o(.text) referenced from startup_gd32c10x.o(RESET)
 <LI><a href="#[e]">FMC_IRQHandler</a> from startup_gd32c10x.o(.text) referenced from startup_gd32c10x.o(RESET)
 <LI><a href="#[2]">HardFault_Handler</a> from gd32c10x_it.o(i.HardFault_Handler) referenced from startup_gd32c10x.o(RESET)
 <LI><a href="#[2a]">I2C0_ER_IRQHandler</a> from startup_gd32c10x.o(.text) referenced from startup_gd32c10x.o(RESET)
 <LI><a href="#[29]">I2C0_EV_IRQHandler</a> from startup_gd32c10x.o(.text) referenced from startup_gd32c10x.o(RESET)
 <LI><a href="#[2c]">I2C1_ER_IRQHandler</a> from startup_gd32c10x.o(.text) referenced from startup_gd32c10x.o(RESET)
 <LI><a href="#[2b]">I2C1_EV_IRQHandler</a> from startup_gd32c10x.o(.text) referenced from startup_gd32c10x.o(RESET)
 <LI><a href="#[b]">LVD_IRQHandler</a> from startup_gd32c10x.o(.text) referenced from startup_gd32c10x.o(RESET)
 <LI><a href="#[4d]">MC_controlword_update</a> from motor_ctrl.o(i.MC_controlword_update) referenced from od.o(.constdata)
 <LI><a href="#[51]">MC_ctrl_param_update</a> from motor_ctrl.o(i.MC_ctrl_param_update) referenced 7 times from od.o(.constdata)
 <LI><a href="#[4e]">MC_position_update</a> from motor_ctrl.o(i.MC_position_update) referenced from od.o(.constdata)
 <LI><a href="#[52]">MC_profile_update</a> from motor_ctrl.o(i.MC_profile_update) referenced 4 times from od.o(.constdata)
 <LI><a href="#[50]">MC_torque_update</a> from motor_ctrl.o(i.MC_torque_update) referenced from od.o(.constdata)
 <LI><a href="#[4f]">MC_velocity_update</a> from motor_ctrl.o(i.MC_velocity_update) referenced from od.o(.constdata)
 <LI><a href="#[3]">MemManage_Handler</a> from gd32c10x_it.o(i.MemManage_Handler) referenced from startup_gd32c10x.o(RESET)
 <LI><a href="#[1]">NMI_Handler</a> from gd32c10x_it.o(i.NMI_Handler) referenced from startup_gd32c10x.o(RESET)
 <LI><a href="#[53]">OD_restore_defalt</a> from od.o(i.OD_restore_defalt) referenced from od.o(.constdata)
 <LI><a href="#[8]">PendSV_Handler</a> from gd32c10x_it.o(i.PendSV_Handler) referenced from startup_gd32c10x.o(RESET)
 <LI><a href="#[f]">RCU_CTC_IRQHandler</a> from startup_gd32c10x.o(.text) referenced from startup_gd32c10x.o(RESET)
 <LI><a href="#[33]">RTC_Alarm_IRQHandler</a> from startup_gd32c10x.o(.text) referenced from startup_gd32c10x.o(RESET)
 <LI><a href="#[d]">RTC_IRQHandler</a> from startup_gd32c10x.o(.text) referenced from startup_gd32c10x.o(RESET)
 <LI><a href="#[0]">Reset_Handler</a> from startup_gd32c10x.o(.text) referenced from startup_gd32c10x.o(RESET)
 <LI><a href="#[2d]">SPI0_IRQHandler</a> from startup_gd32c10x.o(.text) referenced from startup_gd32c10x.o(RESET)
 <LI><a href="#[2e]">SPI1_IRQHandler</a> from startup_gd32c10x.o(.text) referenced from startup_gd32c10x.o(RESET)
 <LI><a href="#[3b]">SPI2_IRQHandler</a> from startup_gd32c10x.o(.text) referenced from startup_gd32c10x.o(RESET)
 <LI><a href="#[6]">SVC_Handler</a> from gd32c10x_it.o(i.SVC_Handler) referenced from startup_gd32c10x.o(RESET)
 <LI><a href="#[9]">SysTick_Handler</a> from startup_gd32c10x.o(.text) referenced from startup_gd32c10x.o(RESET)
 <LI><a href="#[4b]">SystemInit</a> from system_gd32c10x.o(i.SystemInit) referenced from startup_gd32c10x.o(.text)
 <LI><a href="#[c]">TAMPER_IRQHandler</a> from startup_gd32c10x.o(.text) referenced from startup_gd32c10x.o(RESET)
 <LI><a href="#[22]">TIMER0_BRK_TIMER8_IRQHandler</a> from startup_gd32c10x.o(.text) referenced from startup_gd32c10x.o(RESET)
 <LI><a href="#[25]">TIMER0_Channel_IRQHandler</a> from startup_gd32c10x.o(.text) referenced from startup_gd32c10x.o(RESET)
 <LI><a href="#[24]">TIMER0_TRG_CMT_TIMER10_IRQHandler</a> from startup_gd32c10x.o(.text) referenced from startup_gd32c10x.o(RESET)
 <LI><a href="#[23]">TIMER0_UP_TIMER9_IRQHandler</a> from startup_gd32c10x.o(.text) referenced from startup_gd32c10x.o(RESET)
 <LI><a href="#[26]">TIMER1_IRQHandler</a> from gd32c10x_it.o(i.TIMER1_IRQHandler) referenced from startup_gd32c10x.o(RESET)
 <LI><a href="#[27]">TIMER2_IRQHandler</a> from startup_gd32c10x.o(.text) referenced from startup_gd32c10x.o(RESET)
 <LI><a href="#[28]">TIMER3_IRQHandler</a> from startup_gd32c10x.o(.text) referenced from startup_gd32c10x.o(RESET)
 <LI><a href="#[3a]">TIMER4_IRQHandler</a> from startup_gd32c10x.o(.text) referenced from startup_gd32c10x.o(RESET)
 <LI><a href="#[3e]">TIMER5_IRQHandler</a> from startup_gd32c10x.o(.text) referenced from startup_gd32c10x.o(RESET)
 <LI><a href="#[3f]">TIMER6_IRQHandler</a> from startup_gd32c10x.o(.text) referenced from startup_gd32c10x.o(RESET)
 <LI><a href="#[35]">TIMER7_BRK_TIMER11_IRQHandler</a> from startup_gd32c10x.o(.text) referenced from startup_gd32c10x.o(RESET)
 <LI><a href="#[38]">TIMER7_Channel_IRQHandler</a> from startup_gd32c10x.o(.text) referenced from startup_gd32c10x.o(RESET)
 <LI><a href="#[37]">TIMER7_TRG_CMT_TIMER13_IRQHandler</a> from startup_gd32c10x.o(.text) referenced from startup_gd32c10x.o(RESET)
 <LI><a href="#[36]">TIMER7_UP_TIMER12_IRQHandler</a> from startup_gd32c10x.o(.text) referenced from startup_gd32c10x.o(RESET)
 <LI><a href="#[3c]">UART3_IRQHandler</a> from startup_gd32c10x.o(.text) referenced from startup_gd32c10x.o(RESET)
 <LI><a href="#[3d]">UART4_IRQHandler</a> from startup_gd32c10x.o(.text) referenced from startup_gd32c10x.o(RESET)
 <LI><a href="#[2f]">USART0_IRQHandler</a> from startup_gd32c10x.o(.text) referenced from startup_gd32c10x.o(RESET)
 <LI><a href="#[30]">USART1_IRQHandler</a> from startup_gd32c10x.o(.text) referenced from startup_gd32c10x.o(RESET)
 <LI><a href="#[31]">USART2_IRQHandler</a> from startup_gd32c10x.o(.text) referenced from startup_gd32c10x.o(RESET)
 <LI><a href="#[49]">USBFS_IRQHandler</a> from startup_gd32c10x.o(.text) referenced from startup_gd32c10x.o(RESET)
 <LI><a href="#[34]">USBFS_WKUP_IRQHandler</a> from startup_gd32c10x.o(.text) referenced from startup_gd32c10x.o(RESET)
 <LI><a href="#[5]">UsageFault_Handler</a> from gd32c10x_it.o(i.UsageFault_Handler) referenced from startup_gd32c10x.o(RESET)
 <LI><a href="#[a]">WWDGT_IRQHandler</a> from startup_gd32c10x.o(.text) referenced from startup_gd32c10x.o(RESET)
 <LI><a href="#[4c]">__main</a> from entry.o(.ARM.Collect$$$$00000000) referenced from startup_gd32c10x.o(.text)
 <LI><a href="#[4a]">main</a> from main.o(i.main) referenced from entry9a.o(.ARM.Collect$$$$0000000B)
</UL>
<P>
<H3>
Global Symbols
</H3>
<P><STRONG><a name="[4c]"></a>__main</STRONG> (Thumb, 0 bytes, Stack size unknown bytes, entry.o(.ARM.Collect$$$$00000000))
<BR>[Address Reference Count : 1]<UL><LI> startup_gd32c10x.o(.text)
</UL>
<P><STRONG><a name="[11a]"></a>_main_stk</STRONG> (Thumb, 0 bytes, Stack size unknown bytes, entry2.o(.ARM.Collect$$$$00000001))

<P><STRONG><a name="[54]"></a>_main_scatterload</STRONG> (Thumb, 0 bytes, Stack size unknown bytes, entry5.o(.ARM.Collect$$$$00000004))
<BR><BR>[Calls]<UL><LI><a href="#[55]">&gt;&gt;</a>&nbsp;&nbsp;&nbsp;__scatterload
</UL>

<P><STRONG><a name="[68]"></a>__main_after_scatterload</STRONG> (Thumb, 0 bytes, Stack size unknown bytes, entry5.o(.ARM.Collect$$$$00000004))
<BR><BR>[Called By]<UL><LI><a href="#[55]">&gt;&gt;</a>&nbsp;&nbsp;&nbsp;__scatterload
</UL>

<P><STRONG><a name="[11b]"></a>_main_clock</STRONG> (Thumb, 0 bytes, Stack size unknown bytes, entry7b.o(.ARM.Collect$$$$00000008))

<P><STRONG><a name="[11c]"></a>_main_cpp_init</STRONG> (Thumb, 0 bytes, Stack size unknown bytes, entry8b.o(.ARM.Collect$$$$0000000A))

<P><STRONG><a name="[11d]"></a>_main_init</STRONG> (Thumb, 0 bytes, Stack size unknown bytes, entry9a.o(.ARM.Collect$$$$0000000B))

<P><STRONG><a name="[11e]"></a>__rt_lib_shutdown_fini</STRONG> (Thumb, 0 bytes, Stack size unknown bytes, entry12b.o(.ARM.Collect$$$$0000000E))

<P><STRONG><a name="[11f]"></a>__rt_final_cpp</STRONG> (Thumb, 0 bytes, Stack size unknown bytes, entry10a.o(.ARM.Collect$$$$0000000F))

<P><STRONG><a name="[120]"></a>__rt_final_exit</STRONG> (Thumb, 0 bytes, Stack size unknown bytes, entry11a.o(.ARM.Collect$$$$00000011))

<P><STRONG><a name="[0]"></a>Reset_Handler</STRONG> (Thumb, 8 bytes, Stack size 0 bytes, startup_gd32c10x.o(.text))
<BR>[Address Reference Count : 1]<UL><LI> startup_gd32c10x.o(RESET)
</UL>
<P><STRONG><a name="[9]"></a>SysTick_Handler</STRONG> (Thumb, 2 bytes, Stack size 0 bytes, startup_gd32c10x.o(.text))
<BR><BR>[Calls]<UL><LI><a href="#[9]">&gt;&gt;</a>&nbsp;&nbsp;&nbsp;SysTick_Handler
</UL>
<BR>[Called By]<UL><LI><a href="#[9]">&gt;&gt;</a>&nbsp;&nbsp;&nbsp;SysTick_Handler
</UL>
<BR>[Address Reference Count : 1]<UL><LI> startup_gd32c10x.o(RESET)
</UL>
<P><STRONG><a name="[20]"></a>CAN0_EWMC_IRQHandler</STRONG> (Thumb, 0 bytes, Stack size 0 bytes, startup_gd32c10x.o(.text))
<BR><BR>[Calls]<UL><LI><a href="#[20]">&gt;&gt;</a>&nbsp;&nbsp;&nbsp;CAN0_EWMC_IRQHandler
</UL>
<BR>[Called By]<UL><LI><a href="#[20]">&gt;&gt;</a>&nbsp;&nbsp;&nbsp;CAN0_EWMC_IRQHandler
</UL>
<BR>[Address Reference Count : 1]<UL><LI> startup_gd32c10x.o(RESET)
</UL>
<P><STRONG><a name="[1f]"></a>CAN0_RX1_IRQHandler</STRONG> (Thumb, 0 bytes, Stack size 0 bytes, startup_gd32c10x.o(.text))
<BR>[Address Reference Count : 1]<UL><LI> startup_gd32c10x.o(RESET)
</UL>
<P><STRONG><a name="[1d]"></a>CAN0_TX_IRQHandler</STRONG> (Thumb, 0 bytes, Stack size 0 bytes, startup_gd32c10x.o(.text))
<BR>[Address Reference Count : 1]<UL><LI> startup_gd32c10x.o(RESET)
</UL>
<P><STRONG><a name="[48]"></a>CAN1_EWMC_IRQHandler</STRONG> (Thumb, 0 bytes, Stack size 0 bytes, startup_gd32c10x.o(.text))
<BR>[Address Reference Count : 1]<UL><LI> startup_gd32c10x.o(RESET)
</UL>
<P><STRONG><a name="[46]"></a>CAN1_RX0_IRQHandler</STRONG> (Thumb, 0 bytes, Stack size 0 bytes, startup_gd32c10x.o(.text))
<BR>[Address Reference Count : 1]<UL><LI> startup_gd32c10x.o(RESET)
</UL>
<P><STRONG><a name="[47]"></a>CAN1_RX1_IRQHandler</STRONG> (Thumb, 0 bytes, Stack size 0 bytes, startup_gd32c10x.o(.text))
<BR>[Address Reference Count : 1]<UL><LI> startup_gd32c10x.o(RESET)
</UL>
<P><STRONG><a name="[45]"></a>CAN1_TX_IRQHandler</STRONG> (Thumb, 0 bytes, Stack size 0 bytes, startup_gd32c10x.o(.text))
<BR>[Address Reference Count : 1]<UL><LI> startup_gd32c10x.o(RESET)
</UL>
<P><STRONG><a name="[15]"></a>DMA0_Channel0_IRQHandler</STRONG> (Thumb, 0 bytes, Stack size 0 bytes, startup_gd32c10x.o(.text))
<BR>[Address Reference Count : 1]<UL><LI> startup_gd32c10x.o(RESET)
</UL>
<P><STRONG><a name="[16]"></a>DMA0_Channel1_IRQHandler</STRONG> (Thumb, 0 bytes, Stack size 0 bytes, startup_gd32c10x.o(.text))
<BR>[Address Reference Count : 1]<UL><LI> startup_gd32c10x.o(RESET)
</UL>
<P><STRONG><a name="[17]"></a>DMA0_Channel2_IRQHandler</STRONG> (Thumb, 0 bytes, Stack size 0 bytes, startup_gd32c10x.o(.text))
<BR>[Address Reference Count : 1]<UL><LI> startup_gd32c10x.o(RESET)
</UL>
<P><STRONG><a name="[18]"></a>DMA0_Channel3_IRQHandler</STRONG> (Thumb, 0 bytes, Stack size 0 bytes, startup_gd32c10x.o(.text))
<BR>[Address Reference Count : 1]<UL><LI> startup_gd32c10x.o(RESET)
</UL>
<P><STRONG><a name="[19]"></a>DMA0_Channel4_IRQHandler</STRONG> (Thumb, 0 bytes, Stack size 0 bytes, startup_gd32c10x.o(.text))
<BR>[Address Reference Count : 1]<UL><LI> startup_gd32c10x.o(RESET)
</UL>
<P><STRONG><a name="[1a]"></a>DMA0_Channel5_IRQHandler</STRONG> (Thumb, 0 bytes, Stack size 0 bytes, startup_gd32c10x.o(.text))
<BR>[Address Reference Count : 1]<UL><LI> startup_gd32c10x.o(RESET)
</UL>
<P><STRONG><a name="[1b]"></a>DMA0_Channel6_IRQHandler</STRONG> (Thumb, 0 bytes, Stack size 0 bytes, startup_gd32c10x.o(.text))
<BR>[Address Reference Count : 1]<UL><LI> startup_gd32c10x.o(RESET)
</UL>
<P><STRONG><a name="[40]"></a>DMA1_Channel0_IRQHandler</STRONG> (Thumb, 0 bytes, Stack size 0 bytes, startup_gd32c10x.o(.text))
<BR>[Address Reference Count : 1]<UL><LI> startup_gd32c10x.o(RESET)
</UL>
<P><STRONG><a name="[41]"></a>DMA1_Channel1_IRQHandler</STRONG> (Thumb, 0 bytes, Stack size 0 bytes, startup_gd32c10x.o(.text))
<BR>[Address Reference Count : 1]<UL><LI> startup_gd32c10x.o(RESET)
</UL>
<P><STRONG><a name="[42]"></a>DMA1_Channel2_IRQHandler</STRONG> (Thumb, 0 bytes, Stack size 0 bytes, startup_gd32c10x.o(.text))
<BR>[Address Reference Count : 1]<UL><LI> startup_gd32c10x.o(RESET)
</UL>
<P><STRONG><a name="[43]"></a>DMA1_Channel3_IRQHandler</STRONG> (Thumb, 0 bytes, Stack size 0 bytes, startup_gd32c10x.o(.text))
<BR>[Address Reference Count : 1]<UL><LI> startup_gd32c10x.o(RESET)
</UL>
<P><STRONG><a name="[44]"></a>DMA1_Channel4_IRQHandler</STRONG> (Thumb, 0 bytes, Stack size 0 bytes, startup_gd32c10x.o(.text))
<BR>[Address Reference Count : 1]<UL><LI> startup_gd32c10x.o(RESET)
</UL>
<P><STRONG><a name="[39]"></a>EXMC_IRQHandler</STRONG> (Thumb, 0 bytes, Stack size 0 bytes, startup_gd32c10x.o(.text))
<BR>[Address Reference Count : 1]<UL><LI> startup_gd32c10x.o(RESET)
</UL>
<P><STRONG><a name="[10]"></a>EXTI0_IRQHandler</STRONG> (Thumb, 0 bytes, Stack size 0 bytes, startup_gd32c10x.o(.text))
<BR>[Address Reference Count : 1]<UL><LI> startup_gd32c10x.o(RESET)
</UL>
<P><STRONG><a name="[32]"></a>EXTI10_15_IRQHandler</STRONG> (Thumb, 0 bytes, Stack size 0 bytes, startup_gd32c10x.o(.text))
<BR>[Address Reference Count : 1]<UL><LI> startup_gd32c10x.o(RESET)
</UL>
<P><STRONG><a name="[11]"></a>EXTI1_IRQHandler</STRONG> (Thumb, 0 bytes, Stack size 0 bytes, startup_gd32c10x.o(.text))
<BR>[Address Reference Count : 1]<UL><LI> startup_gd32c10x.o(RESET)
</UL>
<P><STRONG><a name="[12]"></a>EXTI2_IRQHandler</STRONG> (Thumb, 0 bytes, Stack size 0 bytes, startup_gd32c10x.o(.text))
<BR>[Address Reference Count : 1]<UL><LI> startup_gd32c10x.o(RESET)
</UL>
<P><STRONG><a name="[13]"></a>EXTI3_IRQHandler</STRONG> (Thumb, 0 bytes, Stack size 0 bytes, startup_gd32c10x.o(.text))
<BR>[Address Reference Count : 1]<UL><LI> startup_gd32c10x.o(RESET)
</UL>
<P><STRONG><a name="[14]"></a>EXTI4_IRQHandler</STRONG> (Thumb, 0 bytes, Stack size 0 bytes, startup_gd32c10x.o(.text))
<BR>[Address Reference Count : 1]<UL><LI> startup_gd32c10x.o(RESET)
</UL>
<P><STRONG><a name="[21]"></a>EXTI5_9_IRQHandler</STRONG> (Thumb, 0 bytes, Stack size 0 bytes, startup_gd32c10x.o(.text))
<BR>[Address Reference Count : 1]<UL><LI> startup_gd32c10x.o(RESET)
</UL>
<P><STRONG><a name="[e]"></a>FMC_IRQHandler</STRONG> (Thumb, 0 bytes, Stack size 0 bytes, startup_gd32c10x.o(.text))
<BR>[Address Reference Count : 1]<UL><LI> startup_gd32c10x.o(RESET)
</UL>
<P><STRONG><a name="[2a]"></a>I2C0_ER_IRQHandler</STRONG> (Thumb, 0 bytes, Stack size 0 bytes, startup_gd32c10x.o(.text))
<BR>[Address Reference Count : 1]<UL><LI> startup_gd32c10x.o(RESET)
</UL>
<P><STRONG><a name="[29]"></a>I2C0_EV_IRQHandler</STRONG> (Thumb, 0 bytes, Stack size 0 bytes, startup_gd32c10x.o(.text))
<BR>[Address Reference Count : 1]<UL><LI> startup_gd32c10x.o(RESET)
</UL>
<P><STRONG><a name="[2c]"></a>I2C1_ER_IRQHandler</STRONG> (Thumb, 0 bytes, Stack size 0 bytes, startup_gd32c10x.o(.text))
<BR>[Address Reference Count : 1]<UL><LI> startup_gd32c10x.o(RESET)
</UL>
<P><STRONG><a name="[2b]"></a>I2C1_EV_IRQHandler</STRONG> (Thumb, 0 bytes, Stack size 0 bytes, startup_gd32c10x.o(.text))
<BR>[Address Reference Count : 1]<UL><LI> startup_gd32c10x.o(RESET)
</UL>
<P><STRONG><a name="[b]"></a>LVD_IRQHandler</STRONG> (Thumb, 0 bytes, Stack size 0 bytes, startup_gd32c10x.o(.text))
<BR>[Address Reference Count : 1]<UL><LI> startup_gd32c10x.o(RESET)
</UL>
<P><STRONG><a name="[f]"></a>RCU_CTC_IRQHandler</STRONG> (Thumb, 0 bytes, Stack size 0 bytes, startup_gd32c10x.o(.text))
<BR>[Address Reference Count : 1]<UL><LI> startup_gd32c10x.o(RESET)
</UL>
<P><STRONG><a name="[33]"></a>RTC_Alarm_IRQHandler</STRONG> (Thumb, 0 bytes, Stack size 0 bytes, startup_gd32c10x.o(.text))
<BR>[Address Reference Count : 1]<UL><LI> startup_gd32c10x.o(RESET)
</UL>
<P><STRONG><a name="[d]"></a>RTC_IRQHandler</STRONG> (Thumb, 0 bytes, Stack size 0 bytes, startup_gd32c10x.o(.text))
<BR>[Address Reference Count : 1]<UL><LI> startup_gd32c10x.o(RESET)
</UL>
<P><STRONG><a name="[2d]"></a>SPI0_IRQHandler</STRONG> (Thumb, 0 bytes, Stack size 0 bytes, startup_gd32c10x.o(.text))
<BR>[Address Reference Count : 1]<UL><LI> startup_gd32c10x.o(RESET)
</UL>
<P><STRONG><a name="[2e]"></a>SPI1_IRQHandler</STRONG> (Thumb, 0 bytes, Stack size 0 bytes, startup_gd32c10x.o(.text))
<BR>[Address Reference Count : 1]<UL><LI> startup_gd32c10x.o(RESET)
</UL>
<P><STRONG><a name="[3b]"></a>SPI2_IRQHandler</STRONG> (Thumb, 0 bytes, Stack size 0 bytes, startup_gd32c10x.o(.text))
<BR>[Address Reference Count : 1]<UL><LI> startup_gd32c10x.o(RESET)
</UL>
<P><STRONG><a name="[c]"></a>TAMPER_IRQHandler</STRONG> (Thumb, 0 bytes, Stack size 0 bytes, startup_gd32c10x.o(.text))
<BR>[Address Reference Count : 1]<UL><LI> startup_gd32c10x.o(RESET)
</UL>
<P><STRONG><a name="[22]"></a>TIMER0_BRK_TIMER8_IRQHandler</STRONG> (Thumb, 0 bytes, Stack size 0 bytes, startup_gd32c10x.o(.text))
<BR>[Address Reference Count : 1]<UL><LI> startup_gd32c10x.o(RESET)
</UL>
<P><STRONG><a name="[25]"></a>TIMER0_Channel_IRQHandler</STRONG> (Thumb, 0 bytes, Stack size 0 bytes, startup_gd32c10x.o(.text))
<BR>[Address Reference Count : 1]<UL><LI> startup_gd32c10x.o(RESET)
</UL>
<P><STRONG><a name="[24]"></a>TIMER0_TRG_CMT_TIMER10_IRQHandler</STRONG> (Thumb, 0 bytes, Stack size 0 bytes, startup_gd32c10x.o(.text))
<BR>[Address Reference Count : 1]<UL><LI> startup_gd32c10x.o(RESET)
</UL>
<P><STRONG><a name="[23]"></a>TIMER0_UP_TIMER9_IRQHandler</STRONG> (Thumb, 0 bytes, Stack size 0 bytes, startup_gd32c10x.o(.text))
<BR>[Address Reference Count : 1]<UL><LI> startup_gd32c10x.o(RESET)
</UL>
<P><STRONG><a name="[27]"></a>TIMER2_IRQHandler</STRONG> (Thumb, 0 bytes, Stack size 0 bytes, startup_gd32c10x.o(.text))
<BR>[Address Reference Count : 1]<UL><LI> startup_gd32c10x.o(RESET)
</UL>
<P><STRONG><a name="[28]"></a>TIMER3_IRQHandler</STRONG> (Thumb, 0 bytes, Stack size 0 bytes, startup_gd32c10x.o(.text))
<BR>[Address Reference Count : 1]<UL><LI> startup_gd32c10x.o(RESET)
</UL>
<P><STRONG><a name="[3a]"></a>TIMER4_IRQHandler</STRONG> (Thumb, 0 bytes, Stack size 0 bytes, startup_gd32c10x.o(.text))
<BR>[Address Reference Count : 1]<UL><LI> startup_gd32c10x.o(RESET)
</UL>
<P><STRONG><a name="[3e]"></a>TIMER5_IRQHandler</STRONG> (Thumb, 0 bytes, Stack size 0 bytes, startup_gd32c10x.o(.text))
<BR>[Address Reference Count : 1]<UL><LI> startup_gd32c10x.o(RESET)
</UL>
<P><STRONG><a name="[3f]"></a>TIMER6_IRQHandler</STRONG> (Thumb, 0 bytes, Stack size 0 bytes, startup_gd32c10x.o(.text))
<BR>[Address Reference Count : 1]<UL><LI> startup_gd32c10x.o(RESET)
</UL>
<P><STRONG><a name="[35]"></a>TIMER7_BRK_TIMER11_IRQHandler</STRONG> (Thumb, 0 bytes, Stack size 0 bytes, startup_gd32c10x.o(.text))
<BR>[Address Reference Count : 1]<UL><LI> startup_gd32c10x.o(RESET)
</UL>
<P><STRONG><a name="[38]"></a>TIMER7_Channel_IRQHandler</STRONG> (Thumb, 0 bytes, Stack size 0 bytes, startup_gd32c10x.o(.text))
<BR>[Address Reference Count : 1]<UL><LI> startup_gd32c10x.o(RESET)
</UL>
<P><STRONG><a name="[37]"></a>TIMER7_TRG_CMT_TIMER13_IRQHandler</STRONG> (Thumb, 0 bytes, Stack size 0 bytes, startup_gd32c10x.o(.text))
<BR>[Address Reference Count : 1]<UL><LI> startup_gd32c10x.o(RESET)
</UL>
<P><STRONG><a name="[36]"></a>TIMER7_UP_TIMER12_IRQHandler</STRONG> (Thumb, 0 bytes, Stack size 0 bytes, startup_gd32c10x.o(.text))
<BR>[Address Reference Count : 1]<UL><LI> startup_gd32c10x.o(RESET)
</UL>
<P><STRONG><a name="[3c]"></a>UART3_IRQHandler</STRONG> (Thumb, 0 bytes, Stack size 0 bytes, startup_gd32c10x.o(.text))
<BR>[Address Reference Count : 1]<UL><LI> startup_gd32c10x.o(RESET)
</UL>
<P><STRONG><a name="[3d]"></a>UART4_IRQHandler</STRONG> (Thumb, 0 bytes, Stack size 0 bytes, startup_gd32c10x.o(.text))
<BR>[Address Reference Count : 1]<UL><LI> startup_gd32c10x.o(RESET)
</UL>
<P><STRONG><a name="[2f]"></a>USART0_IRQHandler</STRONG> (Thumb, 0 bytes, Stack size 0 bytes, startup_gd32c10x.o(.text))
<BR>[Address Reference Count : 1]<UL><LI> startup_gd32c10x.o(RESET)
</UL>
<P><STRONG><a name="[30]"></a>USART1_IRQHandler</STRONG> (Thumb, 0 bytes, Stack size 0 bytes, startup_gd32c10x.o(.text))
<BR>[Address Reference Count : 1]<UL><LI> startup_gd32c10x.o(RESET)
</UL>
<P><STRONG><a name="[31]"></a>USART2_IRQHandler</STRONG> (Thumb, 0 bytes, Stack size 0 bytes, startup_gd32c10x.o(.text))
<BR>[Address Reference Count : 1]<UL><LI> startup_gd32c10x.o(RESET)
</UL>
<P><STRONG><a name="[49]"></a>USBFS_IRQHandler</STRONG> (Thumb, 0 bytes, Stack size 0 bytes, startup_gd32c10x.o(.text))
<BR>[Address Reference Count : 1]<UL><LI> startup_gd32c10x.o(RESET)
</UL>
<P><STRONG><a name="[34]"></a>USBFS_WKUP_IRQHandler</STRONG> (Thumb, 0 bytes, Stack size 0 bytes, startup_gd32c10x.o(.text))
<BR>[Address Reference Count : 1]<UL><LI> startup_gd32c10x.o(RESET)
</UL>
<P><STRONG><a name="[a]"></a>WWDGT_IRQHandler</STRONG> (Thumb, 0 bytes, Stack size 0 bytes, startup_gd32c10x.o(.text))
<BR>[Address Reference Count : 1]<UL><LI> startup_gd32c10x.o(RESET)
</UL>
<P><STRONG><a name="[56]"></a>__aeabi_ldivmod</STRONG> (Thumb, 98 bytes, Stack size 24 bytes, ldiv.o(.text))
<BR><BR>[Stack]<UL><LI>Max Depth = 64<LI>Call Chain = __aeabi_ldivmod &rArr; __aeabi_uldivmod
</UL>
<BR>[Calls]<UL><LI><a href="#[57]">&gt;&gt;</a>&nbsp;&nbsp;&nbsp;__aeabi_uldivmod
</UL>
<BR>[Called By]<UL><LI><a href="#[a2]">&gt;&gt;</a>&nbsp;&nbsp;&nbsp;ENCODER_calib_loop
</UL>

<P><STRONG><a name="[e5]"></a>__aeabi_memcpy</STRONG> (Thumb, 36 bytes, Stack size 0 bytes, memcpya.o(.text))
<BR><BR>[Called By]<UL><LI><a href="#[75]">&gt;&gt;</a>&nbsp;&nbsp;&nbsp;fifoBuf_putData
<LI><a href="#[70]">&gt;&gt;</a>&nbsp;&nbsp;&nbsp;fifoBuf_getData
</UL>

<P><STRONG><a name="[aa]"></a>__aeabi_memcpy4</STRONG> (Thumb, 0 bytes, Stack size 0 bytes, memcpya.o(.text))
<BR><BR>[Called By]<UL><LI><a href="#[a9]">&gt;&gt;</a>&nbsp;&nbsp;&nbsp;ENCODER_init
<LI><a href="#[bb]">&gt;&gt;</a>&nbsp;&nbsp;&nbsp;MP_trapezoid_pos_calculate
</UL>

<P><STRONG><a name="[121]"></a>__aeabi_memcpy8</STRONG> (Thumb, 0 bytes, Stack size 0 bytes, memcpya.o(.text), UNUSED)

<P><STRONG><a name="[59]"></a>__aeabi_memset</STRONG> (Thumb, 14 bytes, Stack size 0 bytes, memseta.o(.text), UNUSED)
<BR><BR>[Called By]<UL><LI><a href="#[5a]">&gt;&gt;</a>&nbsp;&nbsp;&nbsp;_memset$wrapper
<LI><a href="#[58]">&gt;&gt;</a>&nbsp;&nbsp;&nbsp;__aeabi_memclr
</UL>

<P><STRONG><a name="[122]"></a>__aeabi_memset4</STRONG> (Thumb, 0 bytes, Stack size 0 bytes, memseta.o(.text), UNUSED)

<P><STRONG><a name="[123]"></a>__aeabi_memset8</STRONG> (Thumb, 0 bytes, Stack size 0 bytes, memseta.o(.text), UNUSED)

<P><STRONG><a name="[58]"></a>__aeabi_memclr</STRONG> (Thumb, 4 bytes, Stack size 0 bytes, memseta.o(.text), UNUSED)
<BR><BR>[Calls]<UL><LI><a href="#[59]">&gt;&gt;</a>&nbsp;&nbsp;&nbsp;__aeabi_memset
</UL>

<P><STRONG><a name="[a8]"></a>__aeabi_memclr4</STRONG> (Thumb, 0 bytes, Stack size 0 bytes, memseta.o(.text))
<BR><BR>[Called By]<UL><LI><a href="#[a7]">&gt;&gt;</a>&nbsp;&nbsp;&nbsp;ENCODER_calib_start
<LI><a href="#[a9]">&gt;&gt;</a>&nbsp;&nbsp;&nbsp;ENCODER_init
</UL>

<P><STRONG><a name="[124]"></a>__aeabi_memclr8</STRONG> (Thumb, 0 bytes, Stack size 0 bytes, memseta.o(.text), UNUSED)

<P><STRONG><a name="[5a]"></a>_memset$wrapper</STRONG> (Thumb, 18 bytes, Stack size 8 bytes, memseta.o(.text), UNUSED)
<BR><BR>[Calls]<UL><LI><a href="#[59]">&gt;&gt;</a>&nbsp;&nbsp;&nbsp;__aeabi_memset
</UL>

<P><STRONG><a name="[5b]"></a>__aeabi_dadd</STRONG> (Thumb, 322 bytes, Stack size 48 bytes, dadd.o(.text))
<BR><BR>[Stack]<UL><LI>Max Depth = 88<LI>Call Chain = __aeabi_dadd &rArr; _double_epilogue &rArr; _double_round
</UL>
<BR>[Calls]<UL><LI><a href="#[5d]">&gt;&gt;</a>&nbsp;&nbsp;&nbsp;__aeabi_lasr
<LI><a href="#[5c]">&gt;&gt;</a>&nbsp;&nbsp;&nbsp;__aeabi_llsl
<LI><a href="#[5f]">&gt;&gt;</a>&nbsp;&nbsp;&nbsp;_double_round
<LI><a href="#[5e]">&gt;&gt;</a>&nbsp;&nbsp;&nbsp;_double_epilogue
</UL>
<BR>[Called By]<UL><LI><a href="#[60]">&gt;&gt;</a>&nbsp;&nbsp;&nbsp;__aeabi_dsub
<LI><a href="#[61]">&gt;&gt;</a>&nbsp;&nbsp;&nbsp;__aeabi_drsub
<LI><a href="#[dc]">&gt;&gt;</a>&nbsp;&nbsp;&nbsp;__hardfp_floor
</UL>

<P><STRONG><a name="[60]"></a>__aeabi_dsub</STRONG> (Thumb, 6 bytes, Stack size 0 bytes, dadd.o(.text))
<BR><BR>[Stack]<UL><LI>Max Depth = 88<LI>Call Chain = __aeabi_dsub &rArr; __aeabi_dadd &rArr; _double_epilogue &rArr; _double_round
</UL>
<BR>[Calls]<UL><LI><a href="#[5b]">&gt;&gt;</a>&nbsp;&nbsp;&nbsp;__aeabi_dadd
</UL>
<BR>[Called By]<UL><LI><a href="#[ac]">&gt;&gt;</a>&nbsp;&nbsp;&nbsp;multi_encoder
</UL>

<P><STRONG><a name="[61]"></a>__aeabi_drsub</STRONG> (Thumb, 6 bytes, Stack size 0 bytes, dadd.o(.text))
<BR><BR>[Stack]<UL><LI>Max Depth = 88<LI>Call Chain = __aeabi_drsub &rArr; __aeabi_dadd &rArr; _double_epilogue &rArr; _double_round
</UL>
<BR>[Calls]<UL><LI><a href="#[5b]">&gt;&gt;</a>&nbsp;&nbsp;&nbsp;__aeabi_dadd
</UL>
<BR>[Called By]<UL><LI><a href="#[dc]">&gt;&gt;</a>&nbsp;&nbsp;&nbsp;__hardfp_floor
</UL>

<P><STRONG><a name="[62]"></a>__aeabi_l2f</STRONG> (Thumb, 44 bytes, Stack size 16 bytes, ffltl.o(.text))
<BR><BR>[Stack]<UL><LI>Max Depth = 20<LI>Call Chain = __aeabi_l2f &rArr; _float_epilogue
</UL>
<BR>[Calls]<UL><LI><a href="#[63]">&gt;&gt;</a>&nbsp;&nbsp;&nbsp;_float_epilogue
</UL>
<BR>[Called By]<UL><LI><a href="#[b4]">&gt;&gt;</a>&nbsp;&nbsp;&nbsp;servo_loop
</UL>

<P><STRONG><a name="[64]"></a>__aeabi_ui2d</STRONG> (Thumb, 26 bytes, Stack size 16 bytes, dfltui.o(.text))
<BR><BR>[Stack]<UL><LI>Max Depth = 56<LI>Call Chain = __aeabi_ui2d &rArr; _double_epilogue &rArr; _double_round
</UL>
<BR>[Calls]<UL><LI><a href="#[5e]">&gt;&gt;</a>&nbsp;&nbsp;&nbsp;_double_epilogue
</UL>
<BR>[Called By]<UL><LI><a href="#[ac]">&gt;&gt;</a>&nbsp;&nbsp;&nbsp;multi_encoder
</UL>

<P><STRONG><a name="[65]"></a>__aeabi_f2lz</STRONG> (Thumb, 66 bytes, Stack size 8 bytes, ffixl.o(.text))
<BR><BR>[Stack]<UL><LI>Max Depth = 8<LI>Call Chain = __aeabi_f2lz
</UL>
<BR>[Calls]<UL><LI><a href="#[5c]">&gt;&gt;</a>&nbsp;&nbsp;&nbsp;__aeabi_llsl
</UL>
<BR>[Called By]<UL><LI><a href="#[b4]">&gt;&gt;</a>&nbsp;&nbsp;&nbsp;servo_loop
</UL>

<P><STRONG><a name="[66]"></a>__aeabi_d2iz</STRONG> (Thumb, 62 bytes, Stack size 16 bytes, dfixi.o(.text))
<BR><BR>[Stack]<UL><LI>Max Depth = 16<LI>Call Chain = __aeabi_d2iz
</UL>
<BR>[Calls]<UL><LI><a href="#[67]">&gt;&gt;</a>&nbsp;&nbsp;&nbsp;__aeabi_llsr
</UL>
<BR>[Called By]<UL><LI><a href="#[ac]">&gt;&gt;</a>&nbsp;&nbsp;&nbsp;multi_encoder
</UL>

<P><STRONG><a name="[57]"></a>__aeabi_uldivmod</STRONG> (Thumb, 98 bytes, Stack size 40 bytes, uldiv.o(.text))
<BR><BR>[Stack]<UL><LI>Max Depth = 40<LI>Call Chain = __aeabi_uldivmod
</UL>
<BR>[Calls]<UL><LI><a href="#[67]">&gt;&gt;</a>&nbsp;&nbsp;&nbsp;__aeabi_llsr
<LI><a href="#[5c]">&gt;&gt;</a>&nbsp;&nbsp;&nbsp;__aeabi_llsl
</UL>
<BR>[Called By]<UL><LI><a href="#[56]">&gt;&gt;</a>&nbsp;&nbsp;&nbsp;__aeabi_ldivmod
</UL>

<P><STRONG><a name="[5c]"></a>__aeabi_llsl</STRONG> (Thumb, 30 bytes, Stack size 0 bytes, llshl.o(.text))
<BR><BR>[Called By]<UL><LI><a href="#[65]">&gt;&gt;</a>&nbsp;&nbsp;&nbsp;__aeabi_f2lz
<LI><a href="#[57]">&gt;&gt;</a>&nbsp;&nbsp;&nbsp;__aeabi_uldivmod
<LI><a href="#[5e]">&gt;&gt;</a>&nbsp;&nbsp;&nbsp;_double_epilogue
<LI><a href="#[5b]">&gt;&gt;</a>&nbsp;&nbsp;&nbsp;__aeabi_dadd
</UL>

<P><STRONG><a name="[125]"></a>_ll_shift_l</STRONG> (Thumb, 0 bytes, Stack size 0 bytes, llshl.o(.text), UNUSED)

<P><STRONG><a name="[67]"></a>__aeabi_llsr</STRONG> (Thumb, 32 bytes, Stack size 0 bytes, llushr.o(.text))
<BR><BR>[Called By]<UL><LI><a href="#[66]">&gt;&gt;</a>&nbsp;&nbsp;&nbsp;__aeabi_d2iz
<LI><a href="#[57]">&gt;&gt;</a>&nbsp;&nbsp;&nbsp;__aeabi_uldivmod
<LI><a href="#[5e]">&gt;&gt;</a>&nbsp;&nbsp;&nbsp;_double_epilogue
</UL>

<P><STRONG><a name="[126]"></a>_ll_ushift_r</STRONG> (Thumb, 0 bytes, Stack size 0 bytes, llushr.o(.text), UNUSED)

<P><STRONG><a name="[5d]"></a>__aeabi_lasr</STRONG> (Thumb, 36 bytes, Stack size 0 bytes, llsshr.o(.text))
<BR><BR>[Called By]<UL><LI><a href="#[5b]">&gt;&gt;</a>&nbsp;&nbsp;&nbsp;__aeabi_dadd
</UL>

<P><STRONG><a name="[127]"></a>_ll_sshift_r</STRONG> (Thumb, 0 bytes, Stack size 0 bytes, llsshr.o(.text), UNUSED)

<P><STRONG><a name="[128]"></a>__I$use$fp</STRONG> (Thumb, 0 bytes, Stack size 0 bytes, iusefp.o(.text), UNUSED)

<P><STRONG><a name="[129]"></a>_float_round</STRONG> (Thumb, 18 bytes, Stack size 0 bytes, fepilogue.o(.text), UNUSED)

<P><STRONG><a name="[63]"></a>_float_epilogue</STRONG> (Thumb, 92 bytes, Stack size 4 bytes, fepilogue.o(.text))
<BR><BR>[Stack]<UL><LI>Max Depth = 4<LI>Call Chain = _float_epilogue
</UL>
<BR>[Called By]<UL><LI><a href="#[62]">&gt;&gt;</a>&nbsp;&nbsp;&nbsp;__aeabi_l2f
</UL>

<P><STRONG><a name="[5f]"></a>_double_round</STRONG> (Thumb, 30 bytes, Stack size 8 bytes, depilogue.o(.text))
<BR><BR>[Stack]<UL><LI>Max Depth = 8<LI>Call Chain = _double_round
</UL>
<BR>[Called By]<UL><LI><a href="#[5e]">&gt;&gt;</a>&nbsp;&nbsp;&nbsp;_double_epilogue
<LI><a href="#[5b]">&gt;&gt;</a>&nbsp;&nbsp;&nbsp;__aeabi_dadd
</UL>

<P><STRONG><a name="[5e]"></a>_double_epilogue</STRONG> (Thumb, 156 bytes, Stack size 32 bytes, depilogue.o(.text))
<BR><BR>[Stack]<UL><LI>Max Depth = 40<LI>Call Chain = _double_epilogue &rArr; _double_round
</UL>
<BR>[Calls]<UL><LI><a href="#[67]">&gt;&gt;</a>&nbsp;&nbsp;&nbsp;__aeabi_llsr
<LI><a href="#[5c]">&gt;&gt;</a>&nbsp;&nbsp;&nbsp;__aeabi_llsl
<LI><a href="#[5f]">&gt;&gt;</a>&nbsp;&nbsp;&nbsp;_double_round
</UL>
<BR>[Called By]<UL><LI><a href="#[64]">&gt;&gt;</a>&nbsp;&nbsp;&nbsp;__aeabi_ui2d
<LI><a href="#[5b]">&gt;&gt;</a>&nbsp;&nbsp;&nbsp;__aeabi_dadd
</UL>

<P><STRONG><a name="[dd]"></a>__aeabi_cdrcmple</STRONG> (Thumb, 48 bytes, Stack size 0 bytes, cdrcmple.o(.text))
<BR><BR>[Called By]<UL><LI><a href="#[dc]">&gt;&gt;</a>&nbsp;&nbsp;&nbsp;__hardfp_floor
</UL>

<P><STRONG><a name="[55]"></a>__scatterload</STRONG> (Thumb, 28 bytes, Stack size 0 bytes, init.o(.text))
<BR><BR>[Calls]<UL><LI><a href="#[68]">&gt;&gt;</a>&nbsp;&nbsp;&nbsp;__main_after_scatterload
</UL>
<BR>[Called By]<UL><LI><a href="#[54]">&gt;&gt;</a>&nbsp;&nbsp;&nbsp;_main_scatterload
</UL>

<P><STRONG><a name="[12a]"></a>__scatterload_rt2</STRONG> (Thumb, 0 bytes, Stack size 0 bytes, init.o(.text), UNUSED)

<P><STRONG><a name="[12b]"></a>__decompress</STRONG> (Thumb, 0 bytes, Stack size unknown bytes, __dczerorl.o(.text), UNUSED)

<P><STRONG><a name="[12c]"></a>__decompress0</STRONG> (Thumb, 58 bytes, Stack size unknown bytes, __dczerorl.o(.text), UNUSED)

<P><STRONG><a name="[1c]"></a>ADC0_1_IRQHandler</STRONG> (Thumb, 14 bytes, Stack size 0 bytes, gd32c10x_it.o(i.ADC0_1_IRQHandler))
<BR><BR>[Stack]<UL><LI>Max Depth = 288<LI>Call Chain = ADC0_1_IRQHandler &rArr; MC_high_priority_task &rArr; servo_loop &rArr; MP_trapezoid_pos_calculate &rArr; __hardfp_sqrtf
</UL>
<BR>[Calls]<UL><LI><a href="#[69]">&gt;&gt;</a>&nbsp;&nbsp;&nbsp;MC_high_priority_task
</UL>
<BR>[Address Reference Count : 1]<UL><LI> startup_gd32c10x.o(RESET)
</UL>
<P><STRONG><a name="[4]"></a>BusFault_Handler</STRONG> (Thumb, 4 bytes, Stack size 0 bytes, gd32c10x_it.o(i.BusFault_Handler))
<BR><BR>[Calls]<UL><LI><a href="#[6a]">&gt;&gt;</a>&nbsp;&nbsp;&nbsp;Error_Handler
</UL>
<BR>[Address Reference Count : 1]<UL><LI> startup_gd32c10x.o(RESET)
</UL>
<P><STRONG><a name="[1e]"></a>CAN0_RX0_IRQHandler</STRONG> (Thumb, 4 bytes, Stack size 0 bytes, gd32c10x_it.o(i.CAN0_RX0_IRQHandler))
<BR><BR>[Stack]<UL><LI>Max Depth = 136<LI>Call Chain = CAN0_RX0_IRQHandler &rArr; COM_CAN_rx_callback &rArr; fifoBuf_putData
</UL>
<BR>[Calls]<UL><LI><a href="#[6b]">&gt;&gt;</a>&nbsp;&nbsp;&nbsp;COM_CAN_rx_callback
</UL>
<BR>[Address Reference Count : 1]<UL><LI> startup_gd32c10x.o(RESET)
</UL>
<P><STRONG><a name="[6c]"></a>COM_CAN_init</STRONG> (Thumb, 78 bytes, Stack size 8 bytes, com_can.o(i.COM_CAN_init))
<BR><BR>[Stack]<UL><LI>Max Depth = 164<LI>Call Chain = COM_CAN_init &rArr; SOC_can_init &rArr; can_init
</UL>
<BR>[Calls]<UL><LI><a href="#[6d]">&gt;&gt;</a>&nbsp;&nbsp;&nbsp;fifoBuf_init
<LI><a href="#[6e]">&gt;&gt;</a>&nbsp;&nbsp;&nbsp;SOC_can_init
</UL>
<BR>[Called By]<UL><LI><a href="#[4a]">&gt;&gt;</a>&nbsp;&nbsp;&nbsp;main
</UL>

<P><STRONG><a name="[6f]"></a>COM_CAN_loop</STRONG> (Thumb, 1074 bytes, Stack size 168 bytes, com_can.o(i.COM_CAN_loop))
<BR><BR>[Stack]<UL><LI>Max Depth = 432<LI>Call Chain = COM_CAN_loop &rArr; OD_write_2 &rArr; EE_WriteVariable16bits &rArr; PagesTransfer &rArr; ReadVariable &rArr; FindPage &rArr; SetPageState &rArr; FI_WriteDoubleWord &rArr; fmc_word_program
</UL>
<BR>[Calls]<UL><LI><a href="#[75]">&gt;&gt;</a>&nbsp;&nbsp;&nbsp;fifoBuf_putData
<LI><a href="#[82]">&gt;&gt;</a>&nbsp;&nbsp;&nbsp;fifoBuf_getUsed
<LI><a href="#[70]">&gt;&gt;</a>&nbsp;&nbsp;&nbsp;fifoBuf_getData
<LI><a href="#[77]">&gt;&gt;</a>&nbsp;&nbsp;&nbsp;OD_write_4
<LI><a href="#[76]">&gt;&gt;</a>&nbsp;&nbsp;&nbsp;OD_write_2
<LI><a href="#[73]">&gt;&gt;</a>&nbsp;&nbsp;&nbsp;OD_write_1
<LI><a href="#[72]">&gt;&gt;</a>&nbsp;&nbsp;&nbsp;OD_read
<LI><a href="#[71]">&gt;&gt;</a>&nbsp;&nbsp;&nbsp;MC_target_sync
<LI><a href="#[7d]">&gt;&gt;</a>&nbsp;&nbsp;&nbsp;MC_set_state
<LI><a href="#[79]">&gt;&gt;</a>&nbsp;&nbsp;&nbsp;MC_pdo_profile_velocity
<LI><a href="#[78]">&gt;&gt;</a>&nbsp;&nbsp;&nbsp;MC_pdo_profile_position
<LI><a href="#[7a]">&gt;&gt;</a>&nbsp;&nbsp;&nbsp;MC_pdo_interp_position
<LI><a href="#[7e]">&gt;&gt;</a>&nbsp;&nbsp;&nbsp;DFU_start
<LI><a href="#[80]">&gt;&gt;</a>&nbsp;&nbsp;&nbsp;DFU_jump_to_bootloader
<LI><a href="#[81]">&gt;&gt;</a>&nbsp;&nbsp;&nbsp;DFU_data
<LI><a href="#[7c]">&gt;&gt;</a>&nbsp;&nbsp;&nbsp;SOC_pwm_disable
<LI><a href="#[7f]">&gt;&gt;</a>&nbsp;&nbsp;&nbsp;SOC_can_transmit_block
<LI><a href="#[74]">&gt;&gt;</a>&nbsp;&nbsp;&nbsp;SOC_can_transmit
<LI><a href="#[83]">&gt;&gt;</a>&nbsp;&nbsp;&nbsp;SOC_can_is_tx_busy
<LI><a href="#[7b]">&gt;&gt;</a>&nbsp;&nbsp;&nbsp;MC_get_state
</UL>
<BR>[Called By]<UL><LI><a href="#[4a]">&gt;&gt;</a>&nbsp;&nbsp;&nbsp;main
</UL>

<P><STRONG><a name="[84]"></a>COM_CAN_plot_value</STRONG> (Thumb, 90 bytes, Stack size 88 bytes, com_can.o(i.COM_CAN_plot_value))
<BR><BR>[Stack]<UL><LI>Max Depth = 128<LI>Call Chain = COM_CAN_plot_value &rArr; fifoBuf_putData
</UL>
<BR>[Calls]<UL><LI><a href="#[85]">&gt;&gt;</a>&nbsp;&nbsp;&nbsp;float_to_data
<LI><a href="#[75]">&gt;&gt;</a>&nbsp;&nbsp;&nbsp;fifoBuf_putData
<LI><a href="#[74]">&gt;&gt;</a>&nbsp;&nbsp;&nbsp;SOC_can_transmit
</UL>
<BR>[Called By]<UL><LI><a href="#[b8]">&gt;&gt;</a>&nbsp;&nbsp;&nbsp;MC_low_priority_task
</UL>

<P><STRONG><a name="[86]"></a>COM_CAN_report_bootup</STRONG> (Thumb, 46 bytes, Stack size 72 bytes, com_can.o(i.COM_CAN_report_bootup))
<BR><BR>[Stack]<UL><LI>Max Depth = 112<LI>Call Chain = COM_CAN_report_bootup &rArr; fifoBuf_putData
</UL>
<BR>[Calls]<UL><LI><a href="#[75]">&gt;&gt;</a>&nbsp;&nbsp;&nbsp;fifoBuf_putData
</UL>
<BR>[Called By]<UL><LI><a href="#[4a]">&gt;&gt;</a>&nbsp;&nbsp;&nbsp;main
</UL>

<P><STRONG><a name="[87]"></a>COM_CAN_report_err</STRONG> (Thumb, 104 bytes, Stack size 80 bytes, com_can.o(i.COM_CAN_report_err))
<BR><BR>[Stack]<UL><LI>Max Depth = 120<LI>Call Chain = COM_CAN_report_err &rArr; fifoBuf_putData
</UL>
<BR>[Calls]<UL><LI><a href="#[75]">&gt;&gt;</a>&nbsp;&nbsp;&nbsp;fifoBuf_putData
<LI><a href="#[7d]">&gt;&gt;</a>&nbsp;&nbsp;&nbsp;MC_set_state
<LI><a href="#[7c]">&gt;&gt;</a>&nbsp;&nbsp;&nbsp;SOC_pwm_disable
<LI><a href="#[7b]">&gt;&gt;</a>&nbsp;&nbsp;&nbsp;MC_get_state
</UL>
<BR>[Called By]<UL><LI><a href="#[b4]">&gt;&gt;</a>&nbsp;&nbsp;&nbsp;servo_loop
<LI><a href="#[b8]">&gt;&gt;</a>&nbsp;&nbsp;&nbsp;MC_low_priority_task
<LI><a href="#[4a]">&gt;&gt;</a>&nbsp;&nbsp;&nbsp;main
</UL>

<P><STRONG><a name="[88]"></a>COM_CAN_report_frame</STRONG> (Thumb, 24 bytes, Stack size 0 bytes, com_can.o(i.COM_CAN_report_frame))
<BR><BR>[Stack]<UL><LI>Max Depth = 40<LI>Call Chain = COM_CAN_report_frame &rArr; fifoBuf_putData
</UL>
<BR>[Calls]<UL><LI><a href="#[75]">&gt;&gt;</a>&nbsp;&nbsp;&nbsp;fifoBuf_putData
</UL>
<BR>[Called By]<UL><LI><a href="#[b4]">&gt;&gt;</a>&nbsp;&nbsp;&nbsp;servo_loop
</UL>

<P><STRONG><a name="[6b]"></a>COM_CAN_rx_callback</STRONG> (Thumb, 172 bytes, Stack size 96 bytes, com_can.o(i.COM_CAN_rx_callback))
<BR><BR>[Stack]<UL><LI>Max Depth = 136<LI>Call Chain = COM_CAN_rx_callback &rArr; fifoBuf_putData
</UL>
<BR>[Calls]<UL><LI><a href="#[75]">&gt;&gt;</a>&nbsp;&nbsp;&nbsp;fifoBuf_putData
</UL>
<BR>[Called By]<UL><LI><a href="#[1e]">&gt;&gt;</a>&nbsp;&nbsp;&nbsp;CAN0_RX0_IRQHandler
</UL>

<P><STRONG><a name="[81]"></a>DFU_data</STRONG> (Thumb, 128 bytes, Stack size 32 bytes, dfu.o(i.DFU_data))
<BR><BR>[Stack]<UL><LI>Max Depth = 48<LI>Call Chain = DFU_data &rArr; fmc_word_program
</UL>
<BR>[Calls]<UL><LI><a href="#[8b]">&gt;&gt;</a>&nbsp;&nbsp;&nbsp;fmc_word_program
<LI><a href="#[89]">&gt;&gt;</a>&nbsp;&nbsp;&nbsp;fmc_unlock
<LI><a href="#[8c]">&gt;&gt;</a>&nbsp;&nbsp;&nbsp;fmc_lock
<LI><a href="#[8a]">&gt;&gt;</a>&nbsp;&nbsp;&nbsp;fmc_flag_clear
</UL>
<BR>[Called By]<UL><LI><a href="#[6f]">&gt;&gt;</a>&nbsp;&nbsp;&nbsp;COM_CAN_loop
</UL>

<P><STRONG><a name="[80]"></a>DFU_jump_to_bootloader</STRONG> (Thumb, 92 bytes, Stack size 0 bytes, dfu.o(i.DFU_jump_to_bootloader))
<BR><BR>[Called By]<UL><LI><a href="#[6f]">&gt;&gt;</a>&nbsp;&nbsp;&nbsp;COM_CAN_loop
</UL>

<P><STRONG><a name="[7e]"></a>DFU_start</STRONG> (Thumb, 90 bytes, Stack size 24 bytes, dfu.o(i.DFU_start))
<BR><BR>[Stack]<UL><LI>Max Depth = 40<LI>Call Chain = DFU_start &rArr; fmc_page_erase
</UL>
<BR>[Calls]<UL><LI><a href="#[89]">&gt;&gt;</a>&nbsp;&nbsp;&nbsp;fmc_unlock
<LI><a href="#[8d]">&gt;&gt;</a>&nbsp;&nbsp;&nbsp;fmc_page_erase
<LI><a href="#[8c]">&gt;&gt;</a>&nbsp;&nbsp;&nbsp;fmc_lock
<LI><a href="#[8a]">&gt;&gt;</a>&nbsp;&nbsp;&nbsp;fmc_flag_clear
</UL>
<BR>[Called By]<UL><LI><a href="#[6f]">&gt;&gt;</a>&nbsp;&nbsp;&nbsp;COM_CAN_loop
</UL>

<P><STRONG><a name="[7]"></a>DebugMon_Handler</STRONG> (Thumb, 4 bytes, Stack size 0 bytes, gd32c10x_it.o(i.DebugMon_Handler))
<BR><BR>[Calls]<UL><LI><a href="#[6a]">&gt;&gt;</a>&nbsp;&nbsp;&nbsp;Error_Handler
</UL>
<BR>[Address Reference Count : 1]<UL><LI> startup_gd32c10x.o(RESET)
</UL>
<P><STRONG><a name="[8e]"></a>EE_CleanUp</STRONG> (Thumb, 94 bytes, Stack size 24 bytes, eeprom_emul.o(i.EE_CleanUp))
<BR><BR>[Stack]<UL><LI>Max Depth = 80<LI>Call Chain = EE_CleanUp &rArr; FI_PageErase &rArr; fmc_page_erase
</UL>
<BR>[Calls]<UL><LI><a href="#[90]">&gt;&gt;</a>&nbsp;&nbsp;&nbsp;FI_PageErase
<LI><a href="#[91]">&gt;&gt;</a>&nbsp;&nbsp;&nbsp;FI_CacheFlush
<LI><a href="#[8f]">&gt;&gt;</a>&nbsp;&nbsp;&nbsp;GetPageState
</UL>
<BR>[Called By]<UL><LI><a href="#[77]">&gt;&gt;</a>&nbsp;&nbsp;&nbsp;OD_write_4
<LI><a href="#[76]">&gt;&gt;</a>&nbsp;&nbsp;&nbsp;OD_write_2
<LI><a href="#[73]">&gt;&gt;</a>&nbsp;&nbsp;&nbsp;OD_write_1
</UL>

<P><STRONG><a name="[92]"></a>EE_Format</STRONG> (Thumb, 136 bytes, Stack size 24 bytes, eeprom_emul.o(i.EE_Format))
<BR><BR>[Stack]<UL><LI>Max Depth = 112<LI>Call Chain = EE_Format &rArr; SetPageState &rArr; FI_WriteDoubleWord &rArr; fmc_word_program
</UL>
<BR>[Calls]<UL><LI><a href="#[90]">&gt;&gt;</a>&nbsp;&nbsp;&nbsp;FI_PageErase
<LI><a href="#[91]">&gt;&gt;</a>&nbsp;&nbsp;&nbsp;FI_CacheFlush
<LI><a href="#[93]">&gt;&gt;</a>&nbsp;&nbsp;&nbsp;SetPageState
</UL>
<BR>[Called By]<UL><LI><a href="#[53]">&gt;&gt;</a>&nbsp;&nbsp;&nbsp;OD_restore_defalt
</UL>

<P><STRONG><a name="[94]"></a>EE_Init</STRONG> (Thumb, 866 bytes, Stack size 40 bytes, eeprom_emul.o(i.EE_Init))
<BR><BR>[Stack]<UL><LI>Max Depth = 264<LI>Call Chain = EE_Init &rArr; PagesTransfer &rArr; ReadVariable &rArr; FindPage &rArr; SetPageState &rArr; FI_WriteDoubleWord &rArr; fmc_word_program
</UL>
<BR>[Calls]<UL><LI><a href="#[90]">&gt;&gt;</a>&nbsp;&nbsp;&nbsp;FI_PageErase
<LI><a href="#[91]">&gt;&gt;</a>&nbsp;&nbsp;&nbsp;FI_CacheFlush
<LI><a href="#[96]">&gt;&gt;</a>&nbsp;&nbsp;&nbsp;VerifyPagesFullWriteVariable
<LI><a href="#[93]">&gt;&gt;</a>&nbsp;&nbsp;&nbsp;SetPageState
<LI><a href="#[95]">&gt;&gt;</a>&nbsp;&nbsp;&nbsp;PagesTransfer
<LI><a href="#[8f]">&gt;&gt;</a>&nbsp;&nbsp;&nbsp;GetPageState
</UL>
<BR>[Called By]<UL><LI><a href="#[bc]">&gt;&gt;</a>&nbsp;&nbsp;&nbsp;OD_init
</UL>

<P><STRONG><a name="[97]"></a>EE_ReadVariable16bits</STRONG> (Thumb, 40 bytes, Stack size 16 bytes, eeprom_emul.o(i.EE_ReadVariable16bits))
<BR><BR>[Stack]<UL><LI>Max Depth = 200<LI>Call Chain = EE_ReadVariable16bits &rArr; ReadVariable &rArr; FindPage &rArr; SetPageState &rArr; FI_WriteDoubleWord &rArr; fmc_word_program
</UL>
<BR>[Calls]<UL><LI><a href="#[98]">&gt;&gt;</a>&nbsp;&nbsp;&nbsp;ReadVariable
</UL>
<BR>[Called By]<UL><LI><a href="#[bc]">&gt;&gt;</a>&nbsp;&nbsp;&nbsp;OD_init
</UL>

<P><STRONG><a name="[99]"></a>EE_ReadVariable32bits</STRONG> (Thumb, 40 bytes, Stack size 16 bytes, eeprom_emul.o(i.EE_ReadVariable32bits))
<BR><BR>[Stack]<UL><LI>Max Depth = 200<LI>Call Chain = EE_ReadVariable32bits &rArr; ReadVariable &rArr; FindPage &rArr; SetPageState &rArr; FI_WriteDoubleWord &rArr; fmc_word_program
</UL>
<BR>[Calls]<UL><LI><a href="#[98]">&gt;&gt;</a>&nbsp;&nbsp;&nbsp;ReadVariable
</UL>
<BR>[Called By]<UL><LI><a href="#[bc]">&gt;&gt;</a>&nbsp;&nbsp;&nbsp;OD_init
</UL>

<P><STRONG><a name="[9a]"></a>EE_ReadVariable8bits</STRONG> (Thumb, 40 bytes, Stack size 16 bytes, eeprom_emul.o(i.EE_ReadVariable8bits))
<BR><BR>[Stack]<UL><LI>Max Depth = 200<LI>Call Chain = EE_ReadVariable8bits &rArr; ReadVariable &rArr; FindPage &rArr; SetPageState &rArr; FI_WriteDoubleWord &rArr; fmc_word_program
</UL>
<BR>[Calls]<UL><LI><a href="#[98]">&gt;&gt;</a>&nbsp;&nbsp;&nbsp;ReadVariable
</UL>
<BR>[Called By]<UL><LI><a href="#[bc]">&gt;&gt;</a>&nbsp;&nbsp;&nbsp;OD_init
</UL>

<P><STRONG><a name="[9b]"></a>EE_WriteVariable16bits</STRONG> (Thumb, 46 bytes, Stack size 16 bytes, eeprom_emul.o(i.EE_WriteVariable16bits))
<BR><BR>[Stack]<UL><LI>Max Depth = 240<LI>Call Chain = EE_WriteVariable16bits &rArr; PagesTransfer &rArr; ReadVariable &rArr; FindPage &rArr; SetPageState &rArr; FI_WriteDoubleWord &rArr; fmc_word_program
</UL>
<BR>[Calls]<UL><LI><a href="#[96]">&gt;&gt;</a>&nbsp;&nbsp;&nbsp;VerifyPagesFullWriteVariable
<LI><a href="#[95]">&gt;&gt;</a>&nbsp;&nbsp;&nbsp;PagesTransfer
</UL>
<BR>[Called By]<UL><LI><a href="#[76]">&gt;&gt;</a>&nbsp;&nbsp;&nbsp;OD_write_2
</UL>

<P><STRONG><a name="[9c]"></a>EE_WriteVariable32bits</STRONG> (Thumb, 46 bytes, Stack size 16 bytes, eeprom_emul.o(i.EE_WriteVariable32bits))
<BR><BR>[Stack]<UL><LI>Max Depth = 240<LI>Call Chain = EE_WriteVariable32bits &rArr; PagesTransfer &rArr; ReadVariable &rArr; FindPage &rArr; SetPageState &rArr; FI_WriteDoubleWord &rArr; fmc_word_program
</UL>
<BR>[Calls]<UL><LI><a href="#[96]">&gt;&gt;</a>&nbsp;&nbsp;&nbsp;VerifyPagesFullWriteVariable
<LI><a href="#[95]">&gt;&gt;</a>&nbsp;&nbsp;&nbsp;PagesTransfer
</UL>
<BR>[Called By]<UL><LI><a href="#[77]">&gt;&gt;</a>&nbsp;&nbsp;&nbsp;OD_write_4
</UL>

<P><STRONG><a name="[9d]"></a>EE_WriteVariable8bits</STRONG> (Thumb, 46 bytes, Stack size 16 bytes, eeprom_emul.o(i.EE_WriteVariable8bits))
<BR><BR>[Stack]<UL><LI>Max Depth = 240<LI>Call Chain = EE_WriteVariable8bits &rArr; PagesTransfer &rArr; ReadVariable &rArr; FindPage &rArr; SetPageState &rArr; FI_WriteDoubleWord &rArr; fmc_word_program
</UL>
<BR>[Calls]<UL><LI><a href="#[96]">&gt;&gt;</a>&nbsp;&nbsp;&nbsp;VerifyPagesFullWriteVariable
<LI><a href="#[95]">&gt;&gt;</a>&nbsp;&nbsp;&nbsp;PagesTransfer
</UL>
<BR>[Called By]<UL><LI><a href="#[73]">&gt;&gt;</a>&nbsp;&nbsp;&nbsp;OD_write_1
</UL>

<P><STRONG><a name="[9e]"></a>ENCODER_EX_read</STRONG> (Thumb, 98 bytes, Stack size 24 bytes, encoder.o(i.ENCODER_EX_read))
<BR><BR>[Stack]<UL><LI>Max Depth = 24<LI>Call Chain = ENCODER_EX_read
</UL>
<BR>[Calls]<UL><LI><a href="#[a0]">&gt;&gt;</a>&nbsp;&nbsp;&nbsp;spi_i2s_flag_get
<LI><a href="#[9f]">&gt;&gt;</a>&nbsp;&nbsp;&nbsp;spi_i2s_data_transmit
<LI><a href="#[a1]">&gt;&gt;</a>&nbsp;&nbsp;&nbsp;spi_i2s_data_receive
</UL>
<BR>[Called By]<UL><LI><a href="#[69]">&gt;&gt;</a>&nbsp;&nbsp;&nbsp;MC_high_priority_task
<LI><a href="#[b8]">&gt;&gt;</a>&nbsp;&nbsp;&nbsp;MC_low_priority_task
</UL>

<P><STRONG><a name="[113]"></a>ENCODER_calib_end</STRONG> (Thumb, 2 bytes, Stack size 0 bytes, encoder.o(i.ENCODER_calib_end))
<BR><BR>[Called By]<UL><LI><a href="#[b4]">&gt;&gt;</a>&nbsp;&nbsp;&nbsp;servo_loop
</UL>

<P><STRONG><a name="[a2]"></a>ENCODER_calib_loop</STRONG> (Thumb, 920 bytes, Stack size 48 bytes, encoder.o(i.ENCODER_calib_loop))
<BR><BR>[Stack]<UL><LI>Max Depth = 112<LI>Call Chain = ENCODER_calib_loop &rArr; __aeabi_ldivmod &rArr; __aeabi_uldivmod
</UL>
<BR>[Calls]<UL><LI><a href="#[a5]">&gt;&gt;</a>&nbsp;&nbsp;&nbsp;crc32
<LI><a href="#[a3]">&gt;&gt;</a>&nbsp;&nbsp;&nbsp;MC_modulate
<LI><a href="#[a6]">&gt;&gt;</a>&nbsp;&nbsp;&nbsp;FI_flash_write
<LI><a href="#[a4]">&gt;&gt;</a>&nbsp;&nbsp;&nbsp;FI_flash_erase_page
<LI><a href="#[7d]">&gt;&gt;</a>&nbsp;&nbsp;&nbsp;MC_set_state
<LI><a href="#[56]">&gt;&gt;</a>&nbsp;&nbsp;&nbsp;__aeabi_ldivmod
</UL>
<BR>[Called By]<UL><LI><a href="#[b4]">&gt;&gt;</a>&nbsp;&nbsp;&nbsp;servo_loop
</UL>

<P><STRONG><a name="[a7]"></a>ENCODER_calib_start</STRONG> (Thumb, 36 bytes, Stack size 8 bytes, encoder.o(i.ENCODER_calib_start))
<BR><BR>[Stack]<UL><LI>Max Depth = 8<LI>Call Chain = ENCODER_calib_start
</UL>
<BR>[Calls]<UL><LI><a href="#[a8]">&gt;&gt;</a>&nbsp;&nbsp;&nbsp;__aeabi_memclr4
</UL>
<BR>[Called By]<UL><LI><a href="#[b4]">&gt;&gt;</a>&nbsp;&nbsp;&nbsp;servo_loop
</UL>

<P><STRONG><a name="[a9]"></a>ENCODER_init</STRONG> (Thumb, 68 bytes, Stack size 8 bytes, encoder.o(i.ENCODER_init))
<BR><BR>[Stack]<UL><LI>Max Depth = 8<LI>Call Chain = ENCODER_init
</UL>
<BR>[Calls]<UL><LI><a href="#[a5]">&gt;&gt;</a>&nbsp;&nbsp;&nbsp;crc32
<LI><a href="#[a8]">&gt;&gt;</a>&nbsp;&nbsp;&nbsp;__aeabi_memclr4
<LI><a href="#[aa]">&gt;&gt;</a>&nbsp;&nbsp;&nbsp;__aeabi_memcpy4
</UL>
<BR>[Called By]<UL><LI><a href="#[4a]">&gt;&gt;</a>&nbsp;&nbsp;&nbsp;main
</UL>

<P><STRONG><a name="[ab]"></a>ENCODER_loop</STRONG> (Thumb, 666 bytes, Stack size 40 bytes, encoder.o(i.ENCODER_loop))
<BR><BR>[Stack]<UL><LI>Max Depth = 216<LI>Call Chain = ENCODER_loop &rArr; multi_encoder &rArr; __hardfp_floor &rArr; __aeabi_drsub &rArr; __aeabi_dadd &rArr; _double_epilogue &rArr; _double_round
</UL>
<BR>[Calls]<UL><LI><a href="#[a0]">&gt;&gt;</a>&nbsp;&nbsp;&nbsp;spi_i2s_flag_get
<LI><a href="#[9f]">&gt;&gt;</a>&nbsp;&nbsp;&nbsp;spi_i2s_data_transmit
<LI><a href="#[a1]">&gt;&gt;</a>&nbsp;&nbsp;&nbsp;spi_i2s_data_receive
<LI><a href="#[ac]">&gt;&gt;</a>&nbsp;&nbsp;&nbsp;multi_encoder
<LI><a href="#[ad]">&gt;&gt;</a>&nbsp;&nbsp;&nbsp;__hardfp_floorf
</UL>
<BR>[Called By]<UL><LI><a href="#[69]">&gt;&gt;</a>&nbsp;&nbsp;&nbsp;MC_high_priority_task
</UL>

<P><STRONG><a name="[6a]"></a>Error_Handler</STRONG> (Thumb, 12 bytes, Stack size 0 bytes, main.o(i.Error_Handler))
<BR><BR>[Calls]<UL><LI><a href="#[ae]">&gt;&gt;</a>&nbsp;&nbsp;&nbsp;timer_primary_output_config
</UL>
<BR>[Called By]<UL><LI><a href="#[5]">&gt;&gt;</a>&nbsp;&nbsp;&nbsp;UsageFault_Handler
<LI><a href="#[6]">&gt;&gt;</a>&nbsp;&nbsp;&nbsp;SVC_Handler
<LI><a href="#[8]">&gt;&gt;</a>&nbsp;&nbsp;&nbsp;PendSV_Handler
<LI><a href="#[1]">&gt;&gt;</a>&nbsp;&nbsp;&nbsp;NMI_Handler
<LI><a href="#[3]">&gt;&gt;</a>&nbsp;&nbsp;&nbsp;MemManage_Handler
<LI><a href="#[2]">&gt;&gt;</a>&nbsp;&nbsp;&nbsp;HardFault_Handler
<LI><a href="#[7]">&gt;&gt;</a>&nbsp;&nbsp;&nbsp;DebugMon_Handler
<LI><a href="#[4]">&gt;&gt;</a>&nbsp;&nbsp;&nbsp;BusFault_Handler
</UL>

<P><STRONG><a name="[91]"></a>FI_CacheFlush</STRONG> (Thumb, 2 bytes, Stack size 0 bytes, flash_interface.o(i.FI_CacheFlush))
<BR><BR>[Called By]<UL><LI><a href="#[94]">&gt;&gt;</a>&nbsp;&nbsp;&nbsp;EE_Init
<LI><a href="#[92]">&gt;&gt;</a>&nbsp;&nbsp;&nbsp;EE_Format
<LI><a href="#[8e]">&gt;&gt;</a>&nbsp;&nbsp;&nbsp;EE_CleanUp
<LI><a href="#[b0]">&gt;&gt;</a>&nbsp;&nbsp;&nbsp;FindPage
</UL>

<P><STRONG><a name="[90]"></a>FI_PageErase</STRONG> (Thumb, 84 bytes, Stack size 40 bytes, flash_interface.o(i.FI_PageErase))
<BR><BR>[Stack]<UL><LI>Max Depth = 56<LI>Call Chain = FI_PageErase &rArr; fmc_page_erase
</UL>
<BR>[Calls]<UL><LI><a href="#[89]">&gt;&gt;</a>&nbsp;&nbsp;&nbsp;fmc_unlock
<LI><a href="#[8d]">&gt;&gt;</a>&nbsp;&nbsp;&nbsp;fmc_page_erase
<LI><a href="#[8c]">&gt;&gt;</a>&nbsp;&nbsp;&nbsp;fmc_lock
<LI><a href="#[8a]">&gt;&gt;</a>&nbsp;&nbsp;&nbsp;fmc_flag_clear
</UL>
<BR>[Called By]<UL><LI><a href="#[94]">&gt;&gt;</a>&nbsp;&nbsp;&nbsp;EE_Init
<LI><a href="#[92]">&gt;&gt;</a>&nbsp;&nbsp;&nbsp;EE_Format
<LI><a href="#[8e]">&gt;&gt;</a>&nbsp;&nbsp;&nbsp;EE_CleanUp
<LI><a href="#[b0]">&gt;&gt;</a>&nbsp;&nbsp;&nbsp;FindPage
</UL>

<P><STRONG><a name="[af]"></a>FI_WriteDoubleWord</STRONG> (Thumb, 80 bytes, Stack size 48 bytes, flash_interface.o(i.FI_WriteDoubleWord))
<BR><BR>[Stack]<UL><LI>Max Depth = 64<LI>Call Chain = FI_WriteDoubleWord &rArr; fmc_word_program
</UL>
<BR>[Calls]<UL><LI><a href="#[8b]">&gt;&gt;</a>&nbsp;&nbsp;&nbsp;fmc_word_program
<LI><a href="#[89]">&gt;&gt;</a>&nbsp;&nbsp;&nbsp;fmc_unlock
<LI><a href="#[8c]">&gt;&gt;</a>&nbsp;&nbsp;&nbsp;fmc_lock
<LI><a href="#[8a]">&gt;&gt;</a>&nbsp;&nbsp;&nbsp;fmc_flag_clear
</UL>
<BR>[Called By]<UL><LI><a href="#[96]">&gt;&gt;</a>&nbsp;&nbsp;&nbsp;VerifyPagesFullWriteVariable
<LI><a href="#[93]">&gt;&gt;</a>&nbsp;&nbsp;&nbsp;SetPageState
</UL>

<P><STRONG><a name="[a4]"></a>FI_flash_erase_page</STRONG> (Thumb, 56 bytes, Stack size 24 bytes, flash_interface.o(i.FI_flash_erase_page))
<BR><BR>[Stack]<UL><LI>Max Depth = 40<LI>Call Chain = FI_flash_erase_page &rArr; fmc_page_erase
</UL>
<BR>[Calls]<UL><LI><a href="#[89]">&gt;&gt;</a>&nbsp;&nbsp;&nbsp;fmc_unlock
<LI><a href="#[8d]">&gt;&gt;</a>&nbsp;&nbsp;&nbsp;fmc_page_erase
<LI><a href="#[8c]">&gt;&gt;</a>&nbsp;&nbsp;&nbsp;fmc_lock
<LI><a href="#[8a]">&gt;&gt;</a>&nbsp;&nbsp;&nbsp;fmc_flag_clear
</UL>
<BR>[Called By]<UL><LI><a href="#[a2]">&gt;&gt;</a>&nbsp;&nbsp;&nbsp;ENCODER_calib_loop
</UL>

<P><STRONG><a name="[a6]"></a>FI_flash_write</STRONG> (Thumb, 84 bytes, Stack size 32 bytes, flash_interface.o(i.FI_flash_write))
<BR><BR>[Stack]<UL><LI>Max Depth = 48<LI>Call Chain = FI_flash_write &rArr; fmc_word_program
</UL>
<BR>[Calls]<UL><LI><a href="#[8b]">&gt;&gt;</a>&nbsp;&nbsp;&nbsp;fmc_word_program
<LI><a href="#[89]">&gt;&gt;</a>&nbsp;&nbsp;&nbsp;fmc_unlock
<LI><a href="#[8c]">&gt;&gt;</a>&nbsp;&nbsp;&nbsp;fmc_lock
<LI><a href="#[8a]">&gt;&gt;</a>&nbsp;&nbsp;&nbsp;fmc_flag_clear
</UL>
<BR>[Called By]<UL><LI><a href="#[a2]">&gt;&gt;</a>&nbsp;&nbsp;&nbsp;ENCODER_calib_loop
</UL>

<P><STRONG><a name="[2]"></a>HardFault_Handler</STRONG> (Thumb, 4 bytes, Stack size 0 bytes, gd32c10x_it.o(i.HardFault_Handler))
<BR><BR>[Calls]<UL><LI><a href="#[6a]">&gt;&gt;</a>&nbsp;&nbsp;&nbsp;Error_Handler
</UL>
<BR>[Address Reference Count : 1]<UL><LI> startup_gd32c10x.o(RESET)
</UL>
<P><STRONG><a name="[4d]"></a>MC_controlword_update</STRONG> (Thumb, 166 bytes, Stack size 8 bytes, motor_ctrl.o(i.MC_controlword_update))
<BR><BR>[Stack]<UL><LI>Max Depth = 8<LI>Call Chain = MC_controlword_update
</UL>
<BR>[Address Reference Count : 1]<UL><LI> od.o(.constdata)
</UL>
<P><STRONG><a name="[51]"></a>MC_ctrl_param_update</STRONG> (Thumb, 254 bytes, Stack size 32 bytes, motor_ctrl.o(i.MC_ctrl_param_update))
<BR><BR>[Stack]<UL><LI>Max Depth = 32<LI>Call Chain = MC_ctrl_param_update
</UL>
<BR>[Calls]<UL><LI><a href="#[b1]">&gt;&gt;</a>&nbsp;&nbsp;&nbsp;PID_setting
</UL>
<BR>[Called By]<UL><LI><a href="#[b6]">&gt;&gt;</a>&nbsp;&nbsp;&nbsp;MC_init
</UL>
<BR>[Address Reference Count : 1]<UL><LI> od.o(.constdata)
</UL>
<P><STRONG><a name="[7b]"></a>MC_get_state</STRONG> (Thumb, 6 bytes, Stack size 0 bytes, motor_ctrl.o(i.MC_get_state))
<BR><BR>[Called By]<UL><LI><a href="#[87]">&gt;&gt;</a>&nbsp;&nbsp;&nbsp;COM_CAN_report_err
<LI><a href="#[6f]">&gt;&gt;</a>&nbsp;&nbsp;&nbsp;COM_CAN_loop
<LI><a href="#[4a]">&gt;&gt;</a>&nbsp;&nbsp;&nbsp;main
<LI><a href="#[53]">&gt;&gt;</a>&nbsp;&nbsp;&nbsp;OD_restore_defalt
</UL>

<P><STRONG><a name="[69]"></a>MC_high_priority_task</STRONG> (Thumb, 602 bytes, Stack size 32 bytes, motor_ctrl.o(i.MC_high_priority_task))
<BR><BR>[Stack]<UL><LI>Max Depth = 288<LI>Call Chain = MC_high_priority_task &rArr; servo_loop &rArr; MP_trapezoid_pos_calculate &rArr; __hardfp_sqrtf
</UL>
<BR>[Calls]<UL><LI><a href="#[b4]">&gt;&gt;</a>&nbsp;&nbsp;&nbsp;servo_loop
<LI><a href="#[a3]">&gt;&gt;</a>&nbsp;&nbsp;&nbsp;MC_modulate
<LI><a href="#[ab]">&gt;&gt;</a>&nbsp;&nbsp;&nbsp;ENCODER_loop
<LI><a href="#[9e]">&gt;&gt;</a>&nbsp;&nbsp;&nbsp;ENCODER_EX_read
<LI><a href="#[b2]">&gt;&gt;</a>&nbsp;&nbsp;&nbsp;arm_sin_f32
<LI><a href="#[b3]">&gt;&gt;</a>&nbsp;&nbsp;&nbsp;arm_cos_f32
<LI><a href="#[b5]">&gt;&gt;</a>&nbsp;&nbsp;&nbsp;PI_compute_serial
</UL>
<BR>[Called By]<UL><LI><a href="#[1c]">&gt;&gt;</a>&nbsp;&nbsp;&nbsp;ADC0_1_IRQHandler
</UL>

<P><STRONG><a name="[b6]"></a>MC_init</STRONG> (Thumb, 68 bytes, Stack size 8 bytes, motor_ctrl.o(i.MC_init))
<BR><BR>[Stack]<UL><LI>Max Depth = 40<LI>Call Chain = MC_init &rArr; MC_ctrl_param_update
</UL>
<BR>[Calls]<UL><LI><a href="#[51]">&gt;&gt;</a>&nbsp;&nbsp;&nbsp;MC_ctrl_param_update
<LI><a href="#[b7]">&gt;&gt;</a>&nbsp;&nbsp;&nbsp;operation_mode_reset
</UL>
<BR>[Called By]<UL><LI><a href="#[4a]">&gt;&gt;</a>&nbsp;&nbsp;&nbsp;main
</UL>

<P><STRONG><a name="[b8]"></a>MC_low_priority_task</STRONG> (Thumb, 778 bytes, Stack size 48 bytes, motor_ctrl.o(i.MC_low_priority_task))
<BR><BR>[Stack]<UL><LI>Max Depth = 176<LI>Call Chain = MC_low_priority_task &rArr; COM_CAN_plot_value &rArr; fifoBuf_putData
</UL>
<BR>[Calls]<UL><LI><a href="#[9e]">&gt;&gt;</a>&nbsp;&nbsp;&nbsp;ENCODER_EX_read
<LI><a href="#[84]">&gt;&gt;</a>&nbsp;&nbsp;&nbsp;COM_CAN_plot_value
<LI><a href="#[87]">&gt;&gt;</a>&nbsp;&nbsp;&nbsp;COM_CAN_report_err
<LI><a href="#[b9]">&gt;&gt;</a>&nbsp;&nbsp;&nbsp;__hardfp_logf
</UL>
<BR>[Called By]<UL><LI><a href="#[4a]">&gt;&gt;</a>&nbsp;&nbsp;&nbsp;main
</UL>

<P><STRONG><a name="[a3]"></a>MC_modulate</STRONG> (Thumb, 624 bytes, Stack size 24 bytes, motor_ctrl.o(i.MC_modulate))
<BR><BR>[Stack]<UL><LI>Max Depth = 40<LI>Call Chain = MC_modulate &rArr; __hardfp_sqrtf
</UL>
<BR>[Calls]<UL><LI><a href="#[b2]">&gt;&gt;</a>&nbsp;&nbsp;&nbsp;arm_sin_f32
<LI><a href="#[b3]">&gt;&gt;</a>&nbsp;&nbsp;&nbsp;arm_cos_f32
<LI><a href="#[ba]">&gt;&gt;</a>&nbsp;&nbsp;&nbsp;__hardfp_sqrtf
</UL>
<BR>[Called By]<UL><LI><a href="#[a2]">&gt;&gt;</a>&nbsp;&nbsp;&nbsp;ENCODER_calib_loop
<LI><a href="#[69]">&gt;&gt;</a>&nbsp;&nbsp;&nbsp;MC_high_priority_task
</UL>

<P><STRONG><a name="[7a]"></a>MC_pdo_interp_position</STRONG> (Thumb, 22 bytes, Stack size 0 bytes, motor_ctrl.o(i.MC_pdo_interp_position))
<BR><BR>[Called By]<UL><LI><a href="#[6f]">&gt;&gt;</a>&nbsp;&nbsp;&nbsp;COM_CAN_loop
</UL>

<P><STRONG><a name="[78]"></a>MC_pdo_profile_position</STRONG> (Thumb, 54 bytes, Stack size 0 bytes, motor_ctrl.o(i.MC_pdo_profile_position))
<BR><BR>[Called By]<UL><LI><a href="#[6f]">&gt;&gt;</a>&nbsp;&nbsp;&nbsp;COM_CAN_loop
</UL>

<P><STRONG><a name="[79]"></a>MC_pdo_profile_velocity</STRONG> (Thumb, 130 bytes, Stack size 0 bytes, motor_ctrl.o(i.MC_pdo_profile_velocity))
<BR><BR>[Called By]<UL><LI><a href="#[6f]">&gt;&gt;</a>&nbsp;&nbsp;&nbsp;COM_CAN_loop
</UL>

<P><STRONG><a name="[4e]"></a>MC_position_update</STRONG> (Thumb, 76 bytes, Stack size 0 bytes, motor_ctrl.o(i.MC_position_update))
<BR>[Address Reference Count : 1]<UL><LI> od.o(.constdata)
</UL>
<P><STRONG><a name="[52]"></a>MC_profile_update</STRONG> (Thumb, 40 bytes, Stack size 0 bytes, motor_ctrl.o(i.MC_profile_update))
<BR>[Address Reference Count : 1]<UL><LI> od.o(.constdata)
</UL>
<P><STRONG><a name="[7d]"></a>MC_set_state</STRONG> (Thumb, 48 bytes, Stack size 0 bytes, motor_ctrl.o(i.MC_set_state))
<BR><BR>[Called By]<UL><LI><a href="#[a2]">&gt;&gt;</a>&nbsp;&nbsp;&nbsp;ENCODER_calib_loop
<LI><a href="#[87]">&gt;&gt;</a>&nbsp;&nbsp;&nbsp;COM_CAN_report_err
<LI><a href="#[6f]">&gt;&gt;</a>&nbsp;&nbsp;&nbsp;COM_CAN_loop
<LI><a href="#[53]">&gt;&gt;</a>&nbsp;&nbsp;&nbsp;OD_restore_defalt
</UL>

<P><STRONG><a name="[71]"></a>MC_target_sync</STRONG> (Thumb, 10 bytes, Stack size 0 bytes, motor_ctrl.o(i.MC_target_sync))
<BR><BR>[Called By]<UL><LI><a href="#[6f]">&gt;&gt;</a>&nbsp;&nbsp;&nbsp;COM_CAN_loop
</UL>

<P><STRONG><a name="[50]"></a>MC_torque_update</STRONG> (Thumb, 136 bytes, Stack size 0 bytes, motor_ctrl.o(i.MC_torque_update))
<BR>[Address Reference Count : 1]<UL><LI> od.o(.constdata)
</UL>
<P><STRONG><a name="[4f]"></a>MC_velocity_update</STRONG> (Thumb, 152 bytes, Stack size 0 bytes, motor_ctrl.o(i.MC_velocity_update))
<BR>[Address Reference Count : 1]<UL><LI> od.o(.constdata)
</UL>
<P><STRONG><a name="[114]"></a>MP_is_run</STRONG> (Thumb, 8 bytes, Stack size 0 bytes, motion_planner.o(i.MP_is_run))
<BR><BR>[Called By]<UL><LI><a href="#[b4]">&gt;&gt;</a>&nbsp;&nbsp;&nbsp;servo_loop
</UL>

<P><STRONG><a name="[111]"></a>MP_reset</STRONG> (Thumb, 12 bytes, Stack size 0 bytes, motion_planner.o(i.MP_reset))
<BR><BR>[Called By]<UL><LI><a href="#[b7]">&gt;&gt;</a>&nbsp;&nbsp;&nbsp;operation_mode_reset
</UL>

<P><STRONG><a name="[bb]"></a>MP_trapezoid_pos_calculate</STRONG> (Thumb, 544 bytes, Stack size 120 bytes, motion_planner.o(i.MP_trapezoid_pos_calculate))
<BR><BR>[Stack]<UL><LI>Max Depth = 136<LI>Call Chain = MP_trapezoid_pos_calculate &rArr; __hardfp_sqrtf
</UL>
<BR>[Calls]<UL><LI><a href="#[aa]">&gt;&gt;</a>&nbsp;&nbsp;&nbsp;__aeabi_memcpy4
<LI><a href="#[ba]">&gt;&gt;</a>&nbsp;&nbsp;&nbsp;__hardfp_sqrtf
</UL>
<BR>[Called By]<UL><LI><a href="#[b4]">&gt;&gt;</a>&nbsp;&nbsp;&nbsp;servo_loop
</UL>

<P><STRONG><a name="[115]"></a>MP_trapezoid_pos_execute</STRONG> (Thumb, 334 bytes, Stack size 4 bytes, motion_planner.o(i.MP_trapezoid_pos_execute))
<BR><BR>[Stack]<UL><LI>Max Depth = 4<LI>Call Chain = MP_trapezoid_pos_execute
</UL>
<BR>[Called By]<UL><LI><a href="#[b4]">&gt;&gt;</a>&nbsp;&nbsp;&nbsp;servo_loop
</UL>

<P><STRONG><a name="[118]"></a>MP_trapezoid_torque_calculate</STRONG> (Thumb, 70 bytes, Stack size 0 bytes, motion_planner.o(i.MP_trapezoid_torque_calculate))
<BR><BR>[Called By]<UL><LI><a href="#[b4]">&gt;&gt;</a>&nbsp;&nbsp;&nbsp;servo_loop
</UL>

<P><STRONG><a name="[119]"></a>MP_trapezoid_torque_execute</STRONG> (Thumb, 78 bytes, Stack size 0 bytes, motion_planner.o(i.MP_trapezoid_torque_execute))
<BR><BR>[Called By]<UL><LI><a href="#[b4]">&gt;&gt;</a>&nbsp;&nbsp;&nbsp;servo_loop
</UL>

<P><STRONG><a name="[116]"></a>MP_trapezoid_vel_calculate</STRONG> (Thumb, 174 bytes, Stack size 0 bytes, motion_planner.o(i.MP_trapezoid_vel_calculate))
<BR><BR>[Called By]<UL><LI><a href="#[b4]">&gt;&gt;</a>&nbsp;&nbsp;&nbsp;servo_loop
</UL>

<P><STRONG><a name="[117]"></a>MP_trapezoid_vel_execute</STRONG> (Thumb, 122 bytes, Stack size 0 bytes, motion_planner.o(i.MP_trapezoid_vel_execute))
<BR><BR>[Called By]<UL><LI><a href="#[b4]">&gt;&gt;</a>&nbsp;&nbsp;&nbsp;servo_loop
</UL>

<P><STRONG><a name="[3]"></a>MemManage_Handler</STRONG> (Thumb, 4 bytes, Stack size 0 bytes, gd32c10x_it.o(i.MemManage_Handler))
<BR><BR>[Calls]<UL><LI><a href="#[6a]">&gt;&gt;</a>&nbsp;&nbsp;&nbsp;Error_Handler
</UL>
<BR>[Address Reference Count : 1]<UL><LI> startup_gd32c10x.o(RESET)
</UL>
<P><STRONG><a name="[1]"></a>NMI_Handler</STRONG> (Thumb, 4 bytes, Stack size 0 bytes, gd32c10x_it.o(i.NMI_Handler))
<BR><BR>[Calls]<UL><LI><a href="#[6a]">&gt;&gt;</a>&nbsp;&nbsp;&nbsp;Error_Handler
</UL>
<BR>[Address Reference Count : 1]<UL><LI> startup_gd32c10x.o(RESET)
</UL>
<P><STRONG><a name="[bc]"></a>OD_init</STRONG> (Thumb, 98 bytes, Stack size 16 bytes, od.o(i.OD_init))
<BR><BR>[Stack]<UL><LI>Max Depth = 280<LI>Call Chain = OD_init &rArr; EE_Init &rArr; PagesTransfer &rArr; ReadVariable &rArr; FindPage &rArr; SetPageState &rArr; FI_WriteDoubleWord &rArr; fmc_word_program
</UL>
<BR>[Calls]<UL><LI><a href="#[9a]">&gt;&gt;</a>&nbsp;&nbsp;&nbsp;EE_ReadVariable8bits
<LI><a href="#[99]">&gt;&gt;</a>&nbsp;&nbsp;&nbsp;EE_ReadVariable32bits
<LI><a href="#[97]">&gt;&gt;</a>&nbsp;&nbsp;&nbsp;EE_ReadVariable16bits
<LI><a href="#[94]">&gt;&gt;</a>&nbsp;&nbsp;&nbsp;EE_Init
<LI><a href="#[bd]">&gt;&gt;</a>&nbsp;&nbsp;&nbsp;dictionary_init
</UL>
<BR>[Called By]<UL><LI><a href="#[4a]">&gt;&gt;</a>&nbsp;&nbsp;&nbsp;main
</UL>

<P><STRONG><a name="[72]"></a>OD_read</STRONG> (Thumb, 128 bytes, Stack size 12 bytes, od.o(i.OD_read))
<BR><BR>[Stack]<UL><LI>Max Depth = 20<LI>Call Chain = OD_read &rArr; find_entry
</UL>
<BR>[Calls]<UL><LI><a href="#[be]">&gt;&gt;</a>&nbsp;&nbsp;&nbsp;find_entry
</UL>
<BR>[Called By]<UL><LI><a href="#[6f]">&gt;&gt;</a>&nbsp;&nbsp;&nbsp;COM_CAN_loop
</UL>

<P><STRONG><a name="[53]"></a>OD_restore_defalt</STRONG> (Thumb, 46 bytes, Stack size 8 bytes, od.o(i.OD_restore_defalt))
<BR><BR>[Stack]<UL><LI>Max Depth = 120<LI>Call Chain = OD_restore_defalt &rArr; EE_Format &rArr; SetPageState &rArr; FI_WriteDoubleWord &rArr; fmc_word_program
</UL>
<BR>[Calls]<UL><LI><a href="#[7d]">&gt;&gt;</a>&nbsp;&nbsp;&nbsp;MC_set_state
<LI><a href="#[7b]">&gt;&gt;</a>&nbsp;&nbsp;&nbsp;MC_get_state
<LI><a href="#[92]">&gt;&gt;</a>&nbsp;&nbsp;&nbsp;EE_Format
<LI><a href="#[bd]">&gt;&gt;</a>&nbsp;&nbsp;&nbsp;dictionary_init
</UL>
<BR>[Address Reference Count : 1]<UL><LI> od.o(.constdata)
</UL>
<P><STRONG><a name="[73]"></a>OD_write_1</STRONG> (Thumb, 108 bytes, Stack size 16 bytes, od.o(i.OD_write_1))
<BR><BR>[Stack]<UL><LI>Max Depth = 256<LI>Call Chain = OD_write_1 &rArr; EE_WriteVariable8bits &rArr; PagesTransfer &rArr; ReadVariable &rArr; FindPage &rArr; SetPageState &rArr; FI_WriteDoubleWord &rArr; fmc_word_program
</UL>
<BR>[Calls]<UL><LI><a href="#[9d]">&gt;&gt;</a>&nbsp;&nbsp;&nbsp;EE_WriteVariable8bits
<LI><a href="#[8e]">&gt;&gt;</a>&nbsp;&nbsp;&nbsp;EE_CleanUp
<LI><a href="#[be]">&gt;&gt;</a>&nbsp;&nbsp;&nbsp;find_entry
</UL>
<BR>[Called By]<UL><LI><a href="#[6f]">&gt;&gt;</a>&nbsp;&nbsp;&nbsp;COM_CAN_loop
</UL>

<P><STRONG><a name="[76]"></a>OD_write_2</STRONG> (Thumb, 158 bytes, Stack size 24 bytes, od.o(i.OD_write_2))
<BR><BR>[Stack]<UL><LI>Max Depth = 264<LI>Call Chain = OD_write_2 &rArr; EE_WriteVariable16bits &rArr; PagesTransfer &rArr; ReadVariable &rArr; FindPage &rArr; SetPageState &rArr; FI_WriteDoubleWord &rArr; fmc_word_program
</UL>
<BR>[Calls]<UL><LI><a href="#[9b]">&gt;&gt;</a>&nbsp;&nbsp;&nbsp;EE_WriteVariable16bits
<LI><a href="#[8e]">&gt;&gt;</a>&nbsp;&nbsp;&nbsp;EE_CleanUp
<LI><a href="#[be]">&gt;&gt;</a>&nbsp;&nbsp;&nbsp;find_entry
</UL>
<BR>[Called By]<UL><LI><a href="#[6f]">&gt;&gt;</a>&nbsp;&nbsp;&nbsp;COM_CAN_loop
</UL>

<P><STRONG><a name="[77]"></a>OD_write_4</STRONG> (Thumb, 108 bytes, Stack size 16 bytes, od.o(i.OD_write_4))
<BR><BR>[Stack]<UL><LI>Max Depth = 256<LI>Call Chain = OD_write_4 &rArr; EE_WriteVariable32bits &rArr; PagesTransfer &rArr; ReadVariable &rArr; FindPage &rArr; SetPageState &rArr; FI_WriteDoubleWord &rArr; fmc_word_program
</UL>
<BR>[Calls]<UL><LI><a href="#[9c]">&gt;&gt;</a>&nbsp;&nbsp;&nbsp;EE_WriteVariable32bits
<LI><a href="#[8e]">&gt;&gt;</a>&nbsp;&nbsp;&nbsp;EE_CleanUp
<LI><a href="#[be]">&gt;&gt;</a>&nbsp;&nbsp;&nbsp;find_entry
</UL>
<BR>[Called By]<UL><LI><a href="#[6f]">&gt;&gt;</a>&nbsp;&nbsp;&nbsp;COM_CAN_loop
</UL>

<P><STRONG><a name="[112]"></a>PID_reset</STRONG> (Thumb, 18 bytes, Stack size 0 bytes, pid.o(i.PID_reset))
<BR><BR>[Called By]<UL><LI><a href="#[b7]">&gt;&gt;</a>&nbsp;&nbsp;&nbsp;operation_mode_reset
</UL>

<P><STRONG><a name="[b1]"></a>PID_setting</STRONG> (Thumb, 26 bytes, Stack size 0 bytes, pid.o(i.PID_setting))
<BR><BR>[Called By]<UL><LI><a href="#[51]">&gt;&gt;</a>&nbsp;&nbsp;&nbsp;MC_ctrl_param_update
</UL>

<P><STRONG><a name="[b5]"></a>PI_compute_serial</STRONG> (Thumb, 140 bytes, Stack size 0 bytes, pid.o(i.PI_compute_serial))
<BR><BR>[Called By]<UL><LI><a href="#[69]">&gt;&gt;</a>&nbsp;&nbsp;&nbsp;MC_high_priority_task
</UL>

<P><STRONG><a name="[8]"></a>PendSV_Handler</STRONG> (Thumb, 4 bytes, Stack size 0 bytes, gd32c10x_it.o(i.PendSV_Handler))
<BR><BR>[Calls]<UL><LI><a href="#[6a]">&gt;&gt;</a>&nbsp;&nbsp;&nbsp;Error_Handler
</UL>
<BR>[Address Reference Count : 1]<UL><LI> startup_gd32c10x.o(RESET)
</UL>
<P><STRONG><a name="[c0]"></a>SOC_calibration_offset</STRONG> (Thumb, 180 bytes, Stack size 40 bytes, soc.o(i.SOC_calibration_offset))
<BR><BR>[Stack]<UL><LI>Max Depth = 40<LI>Call Chain = SOC_calibration_offset
</UL>
<BR>[Calls]<UL><LI><a href="#[c2]">&gt;&gt;</a>&nbsp;&nbsp;&nbsp;timer_flag_get
<LI><a href="#[c1]">&gt;&gt;</a>&nbsp;&nbsp;&nbsp;timer_flag_clear
</UL>
<BR>[Called By]<UL><LI><a href="#[4a]">&gt;&gt;</a>&nbsp;&nbsp;&nbsp;main
</UL>

<P><STRONG><a name="[6e]"></a>SOC_can_init</STRONG> (Thumb, 416 bytes, Stack size 136 bytes, soc.o(i.SOC_can_init))
<BR><BR>[Stack]<UL><LI>Max Depth = 156<LI>Call Chain = SOC_can_init &rArr; can_init
</UL>
<BR>[Calls]<UL><LI><a href="#[cc]">&gt;&gt;</a>&nbsp;&nbsp;&nbsp;nvic_irq_enable
<LI><a href="#[c5]">&gt;&gt;</a>&nbsp;&nbsp;&nbsp;can_working_mode_set
<LI><a href="#[ca]">&gt;&gt;</a>&nbsp;&nbsp;&nbsp;can_transmission_stop
<LI><a href="#[cb]">&gt;&gt;</a>&nbsp;&nbsp;&nbsp;can_interrupt_enable
<LI><a href="#[c3]">&gt;&gt;</a>&nbsp;&nbsp;&nbsp;can_interrupt_disable
<LI><a href="#[c6]">&gt;&gt;</a>&nbsp;&nbsp;&nbsp;can_init
<LI><a href="#[c9]">&gt;&gt;</a>&nbsp;&nbsp;&nbsp;can_filter_init
<LI><a href="#[c7]">&gt;&gt;</a>&nbsp;&nbsp;&nbsp;can_fd_init
<LI><a href="#[c4]">&gt;&gt;</a>&nbsp;&nbsp;&nbsp;can_deinit
<LI><a href="#[c8]">&gt;&gt;</a>&nbsp;&nbsp;&nbsp;can1_filter_start_bank
</UL>
<BR>[Called By]<UL><LI><a href="#[6c]">&gt;&gt;</a>&nbsp;&nbsp;&nbsp;COM_CAN_init
</UL>

<P><STRONG><a name="[83]"></a>SOC_can_is_tx_busy</STRONG> (Thumb, 34 bytes, Stack size 0 bytes, soc.o(i.SOC_can_is_tx_busy))
<BR><BR>[Called By]<UL><LI><a href="#[6f]">&gt;&gt;</a>&nbsp;&nbsp;&nbsp;COM_CAN_loop
</UL>

<P><STRONG><a name="[74]"></a>SOC_can_transmit</STRONG> (Thumb, 246 bytes, Stack size 0 bytes, soc.o(i.SOC_can_transmit))
<BR><BR>[Called By]<UL><LI><a href="#[84]">&gt;&gt;</a>&nbsp;&nbsp;&nbsp;COM_CAN_plot_value
<LI><a href="#[7f]">&gt;&gt;</a>&nbsp;&nbsp;&nbsp;SOC_can_transmit_block
<LI><a href="#[6f]">&gt;&gt;</a>&nbsp;&nbsp;&nbsp;COM_CAN_loop
</UL>

<P><STRONG><a name="[7f]"></a>SOC_can_transmit_block</STRONG> (Thumb, 22 bytes, Stack size 8 bytes, soc.o(i.SOC_can_transmit_block))
<BR><BR>[Stack]<UL><LI>Max Depth = 12<LI>Call Chain = SOC_can_transmit_block &rArr; delay_ms
</UL>
<BR>[Calls]<UL><LI><a href="#[74]">&gt;&gt;</a>&nbsp;&nbsp;&nbsp;SOC_can_transmit
<LI><a href="#[cd]">&gt;&gt;</a>&nbsp;&nbsp;&nbsp;delay_ms
</UL>
<BR>[Called By]<UL><LI><a href="#[6f]">&gt;&gt;</a>&nbsp;&nbsp;&nbsp;COM_CAN_loop
</UL>

<P><STRONG><a name="[ce]"></a>SOC_init</STRONG> (Thumb, 210 bytes, Stack size 8 bytes, soc.o(i.SOC_init))
<BR><BR>[Stack]<UL><LI>Max Depth = 12<LI>Call Chain = SOC_init &rArr; delay_ms
</UL>
<BR>[Calls]<UL><LI><a href="#[d7]">&gt;&gt;</a>&nbsp;&nbsp;&nbsp;timer_repetition_value_config
<LI><a href="#[d8]">&gt;&gt;</a>&nbsp;&nbsp;&nbsp;timer_channel_output_state_config
<LI><a href="#[d9]">&gt;&gt;</a>&nbsp;&nbsp;&nbsp;timer_channel_complementary_output_state_config
<LI><a href="#[d5]">&gt;&gt;</a>&nbsp;&nbsp;&nbsp;dbg_periph_enable
<LI><a href="#[d3]">&gt;&gt;</a>&nbsp;&nbsp;&nbsp;adc_software_trigger_enable
<LI><a href="#[d0]">&gt;&gt;</a>&nbsp;&nbsp;&nbsp;adc_interrupt_flag_clear
<LI><a href="#[d4]">&gt;&gt;</a>&nbsp;&nbsp;&nbsp;adc_interrupt_enable
<LI><a href="#[cf]">&gt;&gt;</a>&nbsp;&nbsp;&nbsp;adc_interrupt_disable
<LI><a href="#[d1]">&gt;&gt;</a>&nbsp;&nbsp;&nbsp;adc_enable
<LI><a href="#[d2]">&gt;&gt;</a>&nbsp;&nbsp;&nbsp;adc_calibration_enable
<LI><a href="#[ae]">&gt;&gt;</a>&nbsp;&nbsp;&nbsp;timer_primary_output_config
<LI><a href="#[d6]">&gt;&gt;</a>&nbsp;&nbsp;&nbsp;timer_enable
<LI><a href="#[cd]">&gt;&gt;</a>&nbsp;&nbsp;&nbsp;delay_ms
</UL>
<BR>[Called By]<UL><LI><a href="#[4a]">&gt;&gt;</a>&nbsp;&nbsp;&nbsp;main
</UL>

<P><STRONG><a name="[7c]"></a>SOC_pwm_disable</STRONG> (Thumb, 96 bytes, Stack size 8 bytes, soc.o(i.SOC_pwm_disable))
<BR><BR>[Stack]<UL><LI>Max Depth = 8<LI>Call Chain = SOC_pwm_disable
</UL>
<BR>[Calls]<UL><LI><a href="#[c2]">&gt;&gt;</a>&nbsp;&nbsp;&nbsp;timer_flag_get
<LI><a href="#[c1]">&gt;&gt;</a>&nbsp;&nbsp;&nbsp;timer_flag_clear
<LI><a href="#[d8]">&gt;&gt;</a>&nbsp;&nbsp;&nbsp;timer_channel_output_state_config
<LI><a href="#[d9]">&gt;&gt;</a>&nbsp;&nbsp;&nbsp;timer_channel_complementary_output_state_config
</UL>
<BR>[Called By]<UL><LI><a href="#[b4]">&gt;&gt;</a>&nbsp;&nbsp;&nbsp;servo_loop
<LI><a href="#[87]">&gt;&gt;</a>&nbsp;&nbsp;&nbsp;COM_CAN_report_err
<LI><a href="#[6f]">&gt;&gt;</a>&nbsp;&nbsp;&nbsp;COM_CAN_loop
</UL>

<P><STRONG><a name="[da]"></a>SOC_pwm_enable</STRONG> (Thumb, 112 bytes, Stack size 8 bytes, soc.o(i.SOC_pwm_enable))
<BR><BR>[Stack]<UL><LI>Max Depth = 8<LI>Call Chain = SOC_pwm_enable
</UL>
<BR>[Calls]<UL><LI><a href="#[c2]">&gt;&gt;</a>&nbsp;&nbsp;&nbsp;timer_flag_get
<LI><a href="#[c1]">&gt;&gt;</a>&nbsp;&nbsp;&nbsp;timer_flag_clear
<LI><a href="#[d8]">&gt;&gt;</a>&nbsp;&nbsp;&nbsp;timer_channel_output_state_config
<LI><a href="#[d9]">&gt;&gt;</a>&nbsp;&nbsp;&nbsp;timer_channel_complementary_output_state_config
</UL>
<BR>[Called By]<UL><LI><a href="#[b4]">&gt;&gt;</a>&nbsp;&nbsp;&nbsp;servo_loop
</UL>

<P><STRONG><a name="[6]"></a>SVC_Handler</STRONG> (Thumb, 4 bytes, Stack size 0 bytes, gd32c10x_it.o(i.SVC_Handler))
<BR><BR>[Calls]<UL><LI><a href="#[6a]">&gt;&gt;</a>&nbsp;&nbsp;&nbsp;Error_Handler
</UL>
<BR>[Address Reference Count : 1]<UL><LI> startup_gd32c10x.o(RESET)
</UL>
<P><STRONG><a name="[4b]"></a>SystemInit</STRONG> (Thumb, 230 bytes, Stack size 0 bytes, system_gd32c10x.o(i.SystemInit))
<BR><BR>[Calls]<UL><LI><a href="#[db]">&gt;&gt;</a>&nbsp;&nbsp;&nbsp;nvic_vector_table_set
</UL>
<BR>[Address Reference Count : 1]<UL><LI> startup_gd32c10x.o(.text)
</UL>
<P><STRONG><a name="[26]"></a>TIMER1_IRQHandler</STRONG> (Thumb, 20 bytes, Stack size 0 bytes, gd32c10x_it.o(i.TIMER1_IRQHandler))
<BR>[Address Reference Count : 1]<UL><LI> startup_gd32c10x.o(RESET)
</UL>
<P><STRONG><a name="[5]"></a>UsageFault_Handler</STRONG> (Thumb, 4 bytes, Stack size 0 bytes, gd32c10x_it.o(i.UsageFault_Handler))
<BR><BR>[Calls]<UL><LI><a href="#[6a]">&gt;&gt;</a>&nbsp;&nbsp;&nbsp;Error_Handler
</UL>
<BR>[Address Reference Count : 1]<UL><LI> startup_gd32c10x.o(RESET)
</UL>
<P><STRONG><a name="[dc]"></a>__hardfp_floor</STRONG> (Thumb, 252 bytes, Stack size 40 bytes, floor.o(i.__hardfp_floor))
<BR><BR>[Stack]<UL><LI>Max Depth = 128<LI>Call Chain = __hardfp_floor &rArr; __aeabi_drsub &rArr; __aeabi_dadd &rArr; _double_epilogue &rArr; _double_round
</UL>
<BR>[Calls]<UL><LI><a href="#[61]">&gt;&gt;</a>&nbsp;&nbsp;&nbsp;__aeabi_drsub
<LI><a href="#[5b]">&gt;&gt;</a>&nbsp;&nbsp;&nbsp;__aeabi_dadd
<LI><a href="#[dd]">&gt;&gt;</a>&nbsp;&nbsp;&nbsp;__aeabi_cdrcmple
</UL>
<BR>[Called By]<UL><LI><a href="#[ac]">&gt;&gt;</a>&nbsp;&nbsp;&nbsp;multi_encoder
</UL>

<P><STRONG><a name="[ad]"></a>__hardfp_floorf</STRONG> (Thumb, 98 bytes, Stack size 0 bytes, floorf.o(i.__hardfp_floorf))
<BR><BR>[Called By]<UL><LI><a href="#[ab]">&gt;&gt;</a>&nbsp;&nbsp;&nbsp;ENCODER_loop
</UL>

<P><STRONG><a name="[b9]"></a>__hardfp_logf</STRONG> (Thumb, 320 bytes, Stack size 8 bytes, logf.o(i.__hardfp_logf))
<BR><BR>[Stack]<UL><LI>Max Depth = 8<LI>Call Chain = __hardfp_logf
</UL>
<BR>[Calls]<UL><LI><a href="#[df]">&gt;&gt;</a>&nbsp;&nbsp;&nbsp;__set_errno
<LI><a href="#[e0]">&gt;&gt;</a>&nbsp;&nbsp;&nbsp;__mathlib_flt_invalid
<LI><a href="#[de]">&gt;&gt;</a>&nbsp;&nbsp;&nbsp;__mathlib_flt_infnan
<LI><a href="#[e1]">&gt;&gt;</a>&nbsp;&nbsp;&nbsp;__mathlib_flt_divzero
</UL>
<BR>[Called By]<UL><LI><a href="#[b8]">&gt;&gt;</a>&nbsp;&nbsp;&nbsp;MC_low_priority_task
</UL>

<P><STRONG><a name="[12d]"></a>__mathlib_logf</STRONG> (Thumb, 0 bytes, Stack size 8 bytes, logf.o(i.__hardfp_logf), UNUSED)

<P><STRONG><a name="[ba]"></a>__hardfp_sqrtf</STRONG> (Thumb, 58 bytes, Stack size 16 bytes, sqrtf.o(i.__hardfp_sqrtf))
<BR><BR>[Stack]<UL><LI>Max Depth = 16<LI>Call Chain = __hardfp_sqrtf
</UL>
<BR>[Calls]<UL><LI><a href="#[df]">&gt;&gt;</a>&nbsp;&nbsp;&nbsp;__set_errno
</UL>
<BR>[Called By]<UL><LI><a href="#[a3]">&gt;&gt;</a>&nbsp;&nbsp;&nbsp;MC_modulate
<LI><a href="#[bb]">&gt;&gt;</a>&nbsp;&nbsp;&nbsp;MP_trapezoid_pos_calculate
</UL>

<P><STRONG><a name="[e1]"></a>__mathlib_flt_divzero</STRONG> (Thumb, 14 bytes, Stack size 0 bytes, funder.o(i.__mathlib_flt_divzero))
<BR><BR>[Called By]<UL><LI><a href="#[b9]">&gt;&gt;</a>&nbsp;&nbsp;&nbsp;__hardfp_logf
</UL>

<P><STRONG><a name="[de]"></a>__mathlib_flt_infnan</STRONG> (Thumb, 6 bytes, Stack size 0 bytes, funder.o(i.__mathlib_flt_infnan))
<BR><BR>[Called By]<UL><LI><a href="#[b9]">&gt;&gt;</a>&nbsp;&nbsp;&nbsp;__hardfp_logf
</UL>

<P><STRONG><a name="[e0]"></a>__mathlib_flt_invalid</STRONG> (Thumb, 10 bytes, Stack size 0 bytes, funder.o(i.__mathlib_flt_invalid))
<BR><BR>[Called By]<UL><LI><a href="#[b9]">&gt;&gt;</a>&nbsp;&nbsp;&nbsp;__hardfp_logf
</UL>

<P><STRONG><a name="[12e]"></a>__scatterload_copy</STRONG> (Thumb, 14 bytes, Stack size unknown bytes, handlers.o(i.__scatterload_copy), UNUSED)

<P><STRONG><a name="[12f]"></a>__scatterload_null</STRONG> (Thumb, 2 bytes, Stack size unknown bytes, handlers.o(i.__scatterload_null), UNUSED)

<P><STRONG><a name="[130]"></a>__scatterload_zeroinit</STRONG> (Thumb, 14 bytes, Stack size unknown bytes, handlers.o(i.__scatterload_zeroinit), UNUSED)

<P><STRONG><a name="[df]"></a>__set_errno</STRONG> (Thumb, 6 bytes, Stack size 0 bytes, errno.o(i.__set_errno))
<BR><BR>[Called By]<UL><LI><a href="#[ba]">&gt;&gt;</a>&nbsp;&nbsp;&nbsp;__hardfp_sqrtf
<LI><a href="#[b9]">&gt;&gt;</a>&nbsp;&nbsp;&nbsp;__hardfp_logf
</UL>

<P><STRONG><a name="[d2]"></a>adc_calibration_enable</STRONG> (Thumb, 34 bytes, Stack size 0 bytes, gd32c10x_adc.o(i.adc_calibration_enable))
<BR><BR>[Called By]<UL><LI><a href="#[ce]">&gt;&gt;</a>&nbsp;&nbsp;&nbsp;SOC_init
</UL>

<P><STRONG><a name="[fa]"></a>adc_channel_length_config</STRONG> (Thumb, 56 bytes, Stack size 0 bytes, gd32c10x_adc.o(i.adc_channel_length_config))
<BR><BR>[Called By]<UL><LI><a href="#[4a]">&gt;&gt;</a>&nbsp;&nbsp;&nbsp;main
</UL>

<P><STRONG><a name="[f8]"></a>adc_data_alignment_config</STRONG> (Thumb, 18 bytes, Stack size 0 bytes, gd32c10x_adc.o(i.adc_data_alignment_config))
<BR><BR>[Called By]<UL><LI><a href="#[4a]">&gt;&gt;</a>&nbsp;&nbsp;&nbsp;main
</UL>

<P><STRONG><a name="[e2]"></a>adc_deinit</STRONG> (Thumb, 60 bytes, Stack size 8 bytes, gd32c10x_adc.o(i.adc_deinit))
<BR><BR>[Stack]<UL><LI>Max Depth = 8<LI>Call Chain = adc_deinit
</UL>
<BR>[Calls]<UL><LI><a href="#[e3]">&gt;&gt;</a>&nbsp;&nbsp;&nbsp;rcu_periph_reset_enable
<LI><a href="#[e4]">&gt;&gt;</a>&nbsp;&nbsp;&nbsp;rcu_periph_reset_disable
</UL>
<BR>[Called By]<UL><LI><a href="#[4a]">&gt;&gt;</a>&nbsp;&nbsp;&nbsp;main
</UL>

<P><STRONG><a name="[f9]"></a>adc_dma_mode_enable</STRONG> (Thumb, 10 bytes, Stack size 0 bytes, gd32c10x_adc.o(i.adc_dma_mode_enable))
<BR><BR>[Called By]<UL><LI><a href="#[4a]">&gt;&gt;</a>&nbsp;&nbsp;&nbsp;main
</UL>

<P><STRONG><a name="[d1]"></a>adc_enable</STRONG> (Thumb, 20 bytes, Stack size 0 bytes, gd32c10x_adc.o(i.adc_enable))
<BR><BR>[Called By]<UL><LI><a href="#[ce]">&gt;&gt;</a>&nbsp;&nbsp;&nbsp;SOC_init
</UL>

<P><STRONG><a name="[fd]"></a>adc_external_trigger_config</STRONG> (Thumb, 62 bytes, Stack size 0 bytes, gd32c10x_adc.o(i.adc_external_trigger_config))
<BR><BR>[Called By]<UL><LI><a href="#[4a]">&gt;&gt;</a>&nbsp;&nbsp;&nbsp;main
</UL>

<P><STRONG><a name="[fc]"></a>adc_external_trigger_source_config</STRONG> (Thumb, 42 bytes, Stack size 0 bytes, gd32c10x_adc.o(i.adc_external_trigger_source_config))
<BR><BR>[Called By]<UL><LI><a href="#[4a]">&gt;&gt;</a>&nbsp;&nbsp;&nbsp;main
</UL>

[...]
<LI><a href="#[f6]">&gt;&gt;</a>&nbsp;&nbsp;&nbsp;adc_special_function_config
<LI><a href="#[f7]">&gt;&gt;</a>&nbsp;&nbsp;&nbsp;adc_resolution_config
<LI><a href="#[fe]">&gt;&gt;</a>&nbsp;&nbsp;&nbsp;adc_regular_channel_config
<LI><a href="#[f5]">&gt;&gt;</a>&nbsp;&nbsp;&nbsp;adc_mode_config
<LI><a href="#[fb]">&gt;&gt;</a>&nbsp;&nbsp;&nbsp;adc_inserted_channel_config
<LI><a href="#[fc]">&gt;&gt;</a>&nbsp;&nbsp;&nbsp;adc_external_trigger_source_config
<LI><a href="#[fd]">&gt;&gt;</a>&nbsp;&nbsp;&nbsp;adc_external_trigger_config
<LI><a href="#[f9]">&gt;&gt;</a>&nbsp;&nbsp;&nbsp;adc_dma_mode_enable
<LI><a href="#[e2]">&gt;&gt;</a>&nbsp;&nbsp;&nbsp;adc_deinit
<LI><a href="#[f8]">&gt;&gt;</a>&nbsp;&nbsp;&nbsp;adc_data_alignment_config
<LI><a href="#[fa]">&gt;&gt;</a>&nbsp;&nbsp;&nbsp;adc_channel_length_config
<LI><a href="#[ce]">&gt;&gt;</a>&nbsp;&nbsp;&nbsp;SOC_init
<LI><a href="#[c0]">&gt;&gt;</a>&nbsp;&nbsp;&nbsp;SOC_calibration_offset
<LI><a href="#[bc]">&gt;&gt;</a>&nbsp;&nbsp;&nbsp;OD_init
<LI><a href="#[b8]">&gt;&gt;</a>&nbsp;&nbsp;&nbsp;MC_low_priority_task
<LI><a href="#[b6]">&gt;&gt;</a>&nbsp;&nbsp;&nbsp;MC_init
<LI><a href="#[7b]">&gt;&gt;</a>&nbsp;&nbsp;&nbsp;MC_get_state
<LI><a href="#[a9]">&gt;&gt;</a>&nbsp;&nbsp;&nbsp;ENCODER_init
<LI><a href="#[87]">&gt;&gt;</a>&nbsp;&nbsp;&nbsp;COM_CAN_report_err
<LI><a href="#[86]">&gt;&gt;</a>&nbsp;&nbsp;&nbsp;COM_CAN_report_bootup
<LI><a href="#[6f]">&gt;&gt;</a>&nbsp;&nbsp;&nbsp;COM_CAN_loop
<LI><a href="#[6c]">&gt;&gt;</a>&nbsp;&nbsp;&nbsp;COM_CAN_init
</UL>
<BR>[Address Reference Count : 1]<UL><LI> entry9a.o(.ARM.Collect$$$$0000000B)
</UL>
<P><STRONG><a name="[ac]"></a>multi_encoder</STRONG> (Thumb, 482 bytes, Stack size 48 bytes, encoder.o(i.multi_encoder))
<BR><BR>[Stack]<UL><LI>Max Depth = 176<LI>Call Chain = multi_encoder &rArr; __hardfp_floor &rArr; __aeabi_drsub &rArr; __aeabi_dadd &rArr; _double_epilogue &rArr; _double_round
</UL>
<BR>[Calls]<UL><LI><a href="#[a0]">&gt;&gt;</a>&nbsp;&nbsp;&nbsp;spi_i2s_flag_get
<LI><a href="#[9f]">&gt;&gt;</a>&nbsp;&nbsp;&nbsp;spi_i2s_data_transmit
<LI><a href="#[a1]">&gt;&gt;</a>&nbsp;&nbsp;&nbsp;spi_i2s_data_receive
<LI><a href="#[64]">&gt;&gt;</a>&nbsp;&nbsp;&nbsp;__aeabi_ui2d
<LI><a href="#[60]">&gt;&gt;</a>&nbsp;&nbsp;&nbsp;__aeabi_dsub
<LI><a href="#[66]">&gt;&gt;</a>&nbsp;&nbsp;&nbsp;__aeabi_d2iz
<LI><a href="#[dc]">&gt;&gt;</a>&nbsp;&nbsp;&nbsp;__hardfp_floor
</UL>
<BR>[Called By]<UL><LI><a href="#[ab]">&gt;&gt;</a>&nbsp;&nbsp;&nbsp;ENCODER_loop
</UL>

<P><STRONG><a name="[cc]"></a>nvic_irq_enable</STRONG> (Thumb, 154 bytes, Stack size 8 bytes, gd32c10x_misc.o(i.nvic_irq_enable))
<BR><BR>[Stack]<UL><LI>Max Depth = 8<LI>Call Chain = nvic_irq_enable
</UL>
<BR>[Called By]<UL><LI><a href="#[6e]">&gt;&gt;</a>&nbsp;&nbsp;&nbsp;SOC_can_init
</UL>

<P><STRONG><a name="[10c]"></a>nvic_priority_group_set</STRONG> (Thumb, 14 bytes, Stack size 0 bytes, gd32c10x_misc.o(i.nvic_priority_group_set))
<BR><BR>[Called By]<UL><LI><a href="#[4a]">&gt;&gt;</a>&nbsp;&nbsp;&nbsp;main
</UL>

<P><STRONG><a name="[db]"></a>nvic_vector_table_set</STRONG> (Thumb, 16 bytes, Stack size 0 bytes, gd32c10x_misc.o(i.nvic_vector_table_set))
<BR><BR>[Called By]<UL><LI><a href="#[4b]">&gt;&gt;</a>&nbsp;&nbsp;&nbsp;SystemInit
</UL>

<P><STRONG><a name="[e8]"></a>rcu_adc_clock_config</STRONG> (Thumb, 78 bytes, Stack size 0 bytes, gd32c10x_rcu.o(i.rcu_adc_clock_config))
<BR><BR>[Called By]<UL><LI><a href="#[4a]">&gt;&gt;</a>&nbsp;&nbsp;&nbsp;main
</UL>

<P><STRONG><a name="[10d]"></a>rcu_osci_on</STRONG> (Thumb, 28 bytes, Stack size 0 bytes, gd32c10x_rcu.o(i.rcu_osci_on))
<BR><BR>[Called By]<UL><LI><a href="#[4a]">&gt;&gt;</a>&nbsp;&nbsp;&nbsp;main
</UL>

<P><STRONG><a name="[10e]"></a>rcu_osci_stab_wait</STRONG> (Thumb, 312 bytes, Stack size 0 bytes, gd32c10x_rcu.o(i.rcu_osci_stab_wait))
<BR><BR>[Called By]<UL><LI><a href="#[4a]">&gt;&gt;</a>&nbsp;&nbsp;&nbsp;main
</UL>

<P><STRONG><a name="[e7]"></a>rcu_periph_clock_enable</STRONG> (Thumb, 28 bytes, Stack size 0 bytes, gd32c10x_rcu.o(i.rcu_periph_clock_enable))
<BR><BR>[Called By]<UL><LI><a href="#[4a]">&gt;&gt;</a>&nbsp;&nbsp;&nbsp;main
</UL>

<P><STRONG><a name="[e4]"></a>rcu_periph_reset_disable</STRONG> (Thumb, 30 bytes, Stack size 0 bytes, gd32c10x_rcu.o(i.rcu_periph_reset_disable))
<BR><BR>[Called By]<UL><LI><a href="#[c4]">&gt;&gt;</a>&nbsp;&nbsp;&nbsp;can_deinit
<LI><a href="#[ff]">&gt;&gt;</a>&nbsp;&nbsp;&nbsp;timer_deinit
<LI><a href="#[ed]">&gt;&gt;</a>&nbsp;&nbsp;&nbsp;spi_i2s_deinit
<LI><a href="#[e2]">&gt;&gt;</a>&nbsp;&nbsp;&nbsp;adc_deinit
</UL>

<P><STRONG><a name="[e3]"></a>rcu_periph_reset_enable</STRONG> (Thumb, 28 bytes, Stack size 0 bytes, gd32c10x_rcu.o(i.rcu_periph_reset_enable))
<BR><BR>[Called By]<UL><LI><a href="#[c4]">&gt;&gt;</a>&nbsp;&nbsp;&nbsp;can_deinit
<LI><a href="#[ff]">&gt;&gt;</a>&nbsp;&nbsp;&nbsp;timer_deinit
<LI><a href="#[ed]">&gt;&gt;</a>&nbsp;&nbsp;&nbsp;spi_i2s_deinit
<LI><a href="#[e2]">&gt;&gt;</a>&nbsp;&nbsp;&nbsp;adc_deinit
</UL>

<P><STRONG><a name="[f0]"></a>spi_enable</STRONG> (Thumb, 10 bytes, Stack size 0 bytes, gd32c10x_spi.o(i.spi_enable))
<BR><BR>[Called By]<UL><LI><a href="#[4a]">&gt;&gt;</a>&nbsp;&nbsp;&nbsp;main
</UL>

<P><STRONG><a name="[a1]"></a>spi_i2s_data_receive</STRONG> (Thumb, 6 bytes, Stack size 0 bytes, gd32c10x_spi.o(i.spi_i2s_data_receive))
<BR><BR>[Called By]<UL><LI><a href="#[ac]">&gt;&gt;</a>&nbsp;&nbsp;&nbsp;multi_encoder
<LI><a href="#[ab]">&gt;&gt;</a>&nbsp;&nbsp;&nbsp;ENCODER_loop
<LI><a href="#[9e]">&gt;&gt;</a>&nbsp;&nbsp;&nbsp;ENCODER_EX_read
</UL>

<P><STRONG><a name="[9f]"></a>spi_i2s_data_transmit</STRONG> (Thumb, 4 bytes, Stack size 0 bytes, gd32c10x_spi.o(i.spi_i2s_data_transmit))
<BR><BR>[Called By]<UL><LI><a href="#[ac]">&gt;&gt;</a>&nbsp;&nbsp;&nbsp;multi_encoder
<LI><a href="#[ab]">&gt;&gt;</a>&nbsp;&nbsp;&nbsp;ENCODER_loop
<LI><a href="#[9e]">&gt;&gt;</a>&nbsp;&nbsp;&nbsp;ENCODER_EX_read
</UL>

<P><STRONG><a name="[ed]"></a>spi_i2s_deinit</STRONG> (Thumb, 86 bytes, Stack size 8 bytes, gd32c10x_spi.o(i.spi_i2s_deinit))
<BR><BR>[Stack]<UL><LI>Max Depth = 8<LI>Call Chain = spi_i2s_deinit
</UL>
<BR>[Calls]<UL><LI><a href="#[e3]">&gt;&gt;</a>&nbsp;&nbsp;&nbsp;rcu_periph_reset_enable
<LI><a href="#[e4]">&gt;&gt;</a>&nbsp;&nbsp;&nbsp;rcu_periph_reset_disable
</UL>
<BR>[Called By]<UL><LI><a href="#[4a]">&gt;&gt;</a>&nbsp;&nbsp;&nbsp;main
</UL>

<P><STRONG><a name="[a0]"></a>spi_i2s_flag_get</STRONG> (Thumb, 10 bytes, Stack size 0 bytes, gd32c10x_spi.o(i.spi_i2s_flag_get))
<BR><BR>[Called By]<UL><LI><a href="#[ac]">&gt;&gt;</a>&nbsp;&nbsp;&nbsp;multi_encoder
<LI><a href="#[ab]">&gt;&gt;</a>&nbsp;&nbsp;&nbsp;ENCODER_loop
<LI><a href="#[9e]">&gt;&gt;</a>&nbsp;&nbsp;&nbsp;ENCODER_EX_read
</UL>

<P><STRONG><a name="[ef]"></a>spi_init</STRONG> (Thumb, 46 bytes, Stack size 0 bytes, gd32c10x_spi.o(i.spi_init))
<BR><BR>[Called By]<UL><LI><a href="#[4a]">&gt;&gt;</a>&nbsp;&nbsp;&nbsp;main
</UL>

<P><STRONG><a name="[ee]"></a>spi_struct_para_init</STRONG> (Thumb, 16 bytes, Stack size 0 bytes, gd32c10x_spi.o(i.spi_struct_para_init))
<BR><BR>[Called By]<UL><LI><a href="#[4a]">&gt;&gt;</a>&nbsp;&nbsp;&nbsp;main
</UL>

<P><STRONG><a name="[108]"></a>timer_break_config</STRONG> (Thumb, 34 bytes, Stack size 0 bytes, gd32c10x_timer.o(i.timer_break_config))
<BR><BR>[Called By]<UL><LI><a href="#[4a]">&gt;&gt;</a>&nbsp;&nbsp;&nbsp;main
</UL>

<P><STRONG><a name="[107]"></a>timer_break_struct_para_init</STRONG> (Thumb, 18 bytes, Stack size 0 bytes, gd32c10x_timer.o(i.timer_break_struct_para_init))
<BR><BR>[Called By]<UL><LI><a href="#[4a]">&gt;&gt;</a>&nbsp;&nbsp;&nbsp;main
</UL>

<P><STRONG><a name="[d9]"></a>timer_channel_complementary_output_state_config</STRONG> (Thumb, 62 bytes, Stack size 0 bytes, gd32c10x_timer.o(i.timer_channel_complementary_output_state_config))
<BR><BR>[Called By]<UL><LI><a href="#[da]">&gt;&gt;</a>&nbsp;&nbsp;&nbsp;SOC_pwm_enable
<LI><a href="#[7c]">&gt;&gt;</a>&nbsp;&nbsp;&nbsp;SOC_pwm_disable
<LI><a href="#[ce]">&gt;&gt;</a>&nbsp;&nbsp;&nbsp;SOC_init
</UL>

<P><STRONG><a name="[103]"></a>timer_channel_output_config</STRONG> (Thumb, 480 bytes, Stack size 4 bytes, gd32c10x_timer.o(i.timer_channel_output_config))
<BR><BR>[Stack]<UL><LI>Max Depth = 4<LI>Call Chain = timer_channel_output_config
</UL>
<BR>[Called By]<UL><LI><a href="#[4a]">&gt;&gt;</a>&nbsp;&nbsp;&nbsp;main
</UL>

<P><STRONG><a name="[105]"></a>timer_channel_output_mode_config</STRONG> (Thumb, 80 bytes, Stack size 0 bytes, gd32c10x_timer.o(i.timer_channel_output_mode_config))
<BR><BR>[Called By]<UL><LI><a href="#[4a]">&gt;&gt;</a>&nbsp;&nbsp;&nbsp;main
</UL>

<P><STRONG><a name="[104]"></a>timer_channel_output_pulse_value_config</STRONG> (Thumb, 32 bytes, Stack size 0 bytes, gd32c10x_timer.o(i.timer_channel_output_pulse_value_config))
<BR><BR>[Called By]<UL><LI><a href="#[4a]">&gt;&gt;</a>&nbsp;&nbsp;&nbsp;main
</UL>

<P><STRONG><a name="[106]"></a>timer_channel_output_shadow_config</STRONG> (Thumb, 80 bytes, Stack size 0 bytes, gd32c10x_timer.o(i.timer_channel_output_shadow_config))
<BR><BR>[Called By]<UL><LI><a href="#[4a]">&gt;&gt;</a>&nbsp;&nbsp;&nbsp;main
</UL>

<P><STRONG><a name="[d8]"></a>timer_channel_output_state_config</STRONG> (Thumb, 80 bytes, Stack size 0 bytes, gd32c10x_timer.o(i.timer_channel_output_state_config))
<BR><BR>[Called By]<UL><LI><a href="#[da]">&gt;&gt;</a>&nbsp;&nbsp;&nbsp;SOC_pwm_enable
<LI><a href="#[7c]">&gt;&gt;</a>&nbsp;&nbsp;&nbsp;SOC_pwm_disable
<LI><a href="#[ce]">&gt;&gt;</a>&nbsp;&nbsp;&nbsp;SOC_init
</UL>

<P><STRONG><a name="[102]"></a>timer_channel_output_struct_para_init</STRONG> (Thumb, 16 bytes, Stack size 0 bytes, gd32c10x_timer.o(i.timer_channel_output_struct_para_init))
<BR><BR>[Called By]<UL><LI><a href="#[4a]">&gt;&gt;</a>&nbsp;&nbsp;&nbsp;main
</UL>

<P><STRONG><a name="[ff]"></a>timer_deinit</STRONG> (Thumb, 394 bytes, Stack size 8 bytes, gd32c10x_timer.o(i.timer_deinit))
<BR><BR>[Stack]<UL><LI>Max Depth = 8<LI>Call Chain = timer_deinit
</UL>
<BR>[Calls]<UL><LI><a href="#[e3]">&gt;&gt;</a>&nbsp;&nbsp;&nbsp;rcu_periph_reset_enable
<LI><a href="#[e4]">&gt;&gt;</a>&nbsp;&nbsp;&nbsp;rcu_periph_reset_disable
</UL>
<BR>[Called By]<UL><LI><a href="#[4a]">&gt;&gt;</a>&nbsp;&nbsp;&nbsp;main
</UL>

<P><STRONG><a name="[d6]"></a>timer_enable</STRONG> (Thumb, 10 bytes, Stack size 0 bytes, gd32c10x_timer.o(i.timer_enable))
<BR><BR>[Called By]<UL><LI><a href="#[ce]">&gt;&gt;</a>&nbsp;&nbsp;&nbsp;SOC_init
<LI><a href="#[4a]">&gt;&gt;</a>&nbsp;&nbsp;&nbsp;main
</UL>

<P><STRONG><a name="[c1]"></a>timer_flag_clear</STRONG> (Thumb, 6 bytes, Stack size 0 bytes, gd32c10x_timer.o(i.timer_flag_clear))
<BR><BR>[Called By]<UL><LI><a href="#[da]">&gt;&gt;</a>&nbsp;&nbsp;&nbsp;SOC_pwm_enable
<LI><a href="#[7c]">&gt;&gt;</a>&nbsp;&nbsp;&nbsp;SOC_pwm_disable
<LI><a href="#[c0]">&gt;&gt;</a>&nbsp;&nbsp;&nbsp;SOC_calibration_offset
</UL>

<P><STRONG><a name="[c2]"></a>timer_flag_get</STRONG> (Thumb, 10 bytes, Stack size 0 bytes, gd32c10x_timer.o(i.timer_flag_get))
<BR><BR>[Called By]<UL><LI><a href="#[da]">&gt;&gt;</a>&nbsp;&nbsp;&nbsp;SOC_pwm_enable
<LI><a href="#[7c]">&gt;&gt;</a>&nbsp;&nbsp;&nbsp;SOC_pwm_disable
<LI><a href="#[c0]">&gt;&gt;</a>&nbsp;&nbsp;&nbsp;SOC_calibration_offset
</UL>

<P><STRONG><a name="[101]"></a>timer_init</STRONG> (Thumb, 182 bytes, Stack size 4 bytes, gd32c10x_timer.o(i.timer_init))
<BR><BR>[Stack]<UL><LI>Max Depth = 4<LI>Call Chain = timer_init
</UL>
<BR>[Called By]<UL><LI><a href="#[4a]">&gt;&gt;</a>&nbsp;&nbsp;&nbsp;main
</UL>

<P><STRONG><a name="[10a]"></a>timer_interrupt_enable</STRONG> (Thumb, 8 bytes, Stack size 0 bytes, gd32c10x_timer.o(i.timer_interrupt_enable))
<BR><BR>[Called By]<UL><LI><a href="#[4a]">&gt;&gt;</a>&nbsp;&nbsp;&nbsp;main
</UL>

<P><STRONG><a name="[109]"></a>timer_interrupt_flag_clear</STRONG> (Thumb, 6 bytes, Stack size 0 bytes, gd32c10x_timer.o(i.timer_interrupt_flag_clear))
<BR><BR>[Called By]<UL><LI><a href="#[4a]">&gt;&gt;</a>&nbsp;&nbsp;&nbsp;main
</UL>

<P><STRONG><a name="[ae]"></a>timer_primary_output_config</STRONG> (Thumb, 18 bytes, Stack size 0 bytes, gd32c10x_timer.o(i.timer_primary_output_config))
<BR><BR>[Called By]<UL><LI><a href="#[ce]">&gt;&gt;</a>&nbsp;&nbsp;&nbsp;SOC_init
<LI><a href="#[6a]">&gt;&gt;</a>&nbsp;&nbsp;&nbsp;Error_Handler
</UL>

<P><STRONG><a name="[d7]"></a>timer_repetition_value_config</STRONG> (Thumb, 4 bytes, Stack size 0 bytes, gd32c10x_timer.o(i.timer_repetition_value_config))
<BR><BR>[Called By]<UL><LI><a href="#[ce]">&gt;&gt;</a>&nbsp;&nbsp;&nbsp;SOC_init
</UL>

<P><STRONG><a name="[100]"></a>timer_struct_para_init</STRONG> (Thumb, 20 bytes, Stack size 0 bytes, gd32c10x_timer.o(i.timer_struct_para_init))
<BR><BR>[Called By]<UL><LI><a href="#[4a]">&gt;&gt;</a>&nbsp;&nbsp;&nbsp;main
</UL>
<P>
<H3>
Local Symbols
</H3>
<P><STRONG><a name="[b7]"></a>operation_mode_reset</STRONG> (Thumb, 162 bytes, Stack size 24 bytes, motor_ctrl.o(i.operation_mode_reset))
<BR><BR>[Stack]<UL><LI>Max Depth = 24<LI>Call Chain = operation_mode_reset
</UL>
<BR>[Calls]<UL><LI><a href="#[112]">&gt;&gt;</a>&nbsp;&nbsp;&nbsp;PID_reset
<LI><a href="#[111]">&gt;&gt;</a>&nbsp;&nbsp;&nbsp;MP_reset
</UL>
<BR>[Called By]<UL><LI><a href="#[b4]">&gt;&gt;</a>&nbsp;&nbsp;&nbsp;servo_loop
<LI><a href="#[b6]">&gt;&gt;</a>&nbsp;&nbsp;&nbsp;MC_init
</UL>

<P><STRONG><a name="[b4]"></a>servo_loop</STRONG> (Thumb, 1480 bytes, Stack size 120 bytes, motor_ctrl.o(i.servo_loop))
<BR><BR>[Stack]<UL><LI>Max Depth = 256<LI>Call Chain = servo_loop &rArr; MP_trapezoid_pos_calculate &rArr; __hardfp_sqrtf
</UL>
<BR>[Calls]<UL><LI><a href="#[b7]">&gt;&gt;</a>&nbsp;&nbsp;&nbsp;operation_mode_reset
<LI><a href="#[a7]">&gt;&gt;</a>&nbsp;&nbsp;&nbsp;ENCODER_calib_start
<LI><a href="#[a2]">&gt;&gt;</a>&nbsp;&nbsp;&nbsp;ENCODER_calib_loop
<LI><a href="#[113]">&gt;&gt;</a>&nbsp;&nbsp;&nbsp;ENCODER_calib_end
<LI><a href="#[88]">&gt;&gt;</a>&nbsp;&nbsp;&nbsp;COM_CAN_report_frame
<LI><a href="#[da]">&gt;&gt;</a>&nbsp;&nbsp;&nbsp;SOC_pwm_enable
<LI><a href="#[7c]">&gt;&gt;</a>&nbsp;&nbsp;&nbsp;SOC_pwm_disable
<LI><a href="#[87]">&gt;&gt;</a>&nbsp;&nbsp;&nbsp;COM_CAN_report_err
<LI><a href="#[62]">&gt;&gt;</a>&nbsp;&nbsp;&nbsp;__aeabi_l2f
<LI><a href="#[65]">&gt;&gt;</a>&nbsp;&nbsp;&nbsp;__aeabi_f2lz
<LI><a href="#[117]">&gt;&gt;</a>&nbsp;&nbsp;&nbsp;MP_trapezoid_vel_execute
<LI><a href="#[116]">&gt;&gt;</a>&nbsp;&nbsp;&nbsp;MP_trapezoid_vel_calculate
<LI><a href="#[119]">&gt;&gt;</a>&nbsp;&nbsp;&nbsp;MP_trapezoid_torque_execute
<LI><a href="#[118]">&gt;&gt;</a>&nbsp;&nbsp;&nbsp;MP_trapezoid_torque_calculate
<LI><a href="#[115]">&gt;&gt;</a>&nbsp;&nbsp;&nbsp;MP_trapezoid_pos_execute
<LI><a href="#[bb]">&gt;&gt;</a>&nbsp;&nbsp;&nbsp;MP_trapezoid_pos_calculate
<LI><a href="#[114]">&gt;&gt;</a>&nbsp;&nbsp;&nbsp;MP_is_run
</UL>
<BR>[Called By]<UL><LI><a href="#[69]">&gt;&gt;</a>&nbsp;&nbsp;&nbsp;MC_high_priority_task
</UL>

<P><STRONG><a name="[bd]"></a>dictionary_init</STRONG> (Thumb, 322 bytes, Stack size 0 bytes, od.o(i.dictionary_init))
<BR><BR>[Called By]<UL><LI><a href="#[bc]">&gt;&gt;</a>&nbsp;&nbsp;&nbsp;OD_init
<LI><a href="#[53]">&gt;&gt;</a>&nbsp;&nbsp;&nbsp;OD_restore_defalt
</UL>

<P><STRONG><a name="[e6]"></a>fmc_ready_wait</STRONG> (Thumb, 68 bytes, Stack size 0 bytes, gd32c10x_fmc.o(i.fmc_ready_wait))
<BR><BR>[Called By]<UL><LI><a href="#[8b]">&gt;&gt;</a>&nbsp;&nbsp;&nbsp;fmc_word_program
<LI><a href="#[8d]">&gt;&gt;</a>&nbsp;&nbsp;&nbsp;fmc_page_erase
</UL>

<P><STRONG><a name="[b0]"></a>FindPage</STRONG> (Thumb, 376 bytes, Stack size 40 bytes, eeprom_emul.o(i.FindPage))
<BR><BR>[Stack]<UL><LI>Max Depth = 128<LI>Call Chain = FindPage &rArr; SetPageState &rArr; FI_WriteDoubleWord &rArr; fmc_word_program
</UL>
<BR>[Calls]<UL><LI><a href="#[90]">&gt;&gt;</a>&nbsp;&nbsp;&nbsp;FI_PageErase
<LI><a href="#[91]">&gt;&gt;</a>&nbsp;&nbsp;&nbsp;FI_CacheFlush
<LI><a href="#[93]">&gt;&gt;</a>&nbsp;&nbsp;&nbsp;SetPageState
<LI><a href="#[8f]">&gt;&gt;</a>&nbsp;&nbsp;&nbsp;GetPageState
</UL>
<BR>[Called By]<UL><LI><a href="#[96]">&gt;&gt;</a>&nbsp;&nbsp;&nbsp;VerifyPagesFullWriteVariable
<LI><a href="#[98]">&gt;&gt;</a>&nbsp;&nbsp;&nbsp;ReadVariable
<LI><a href="#[95]">&gt;&gt;</a>&nbsp;&nbsp;&nbsp;PagesTransfer
</UL>

<P><STRONG><a name="[8f]"></a>GetPageState</STRONG> (Thumb, 78 bytes, Stack size 12 bytes, eeprom_emul.o(i.GetPageState))
<BR><BR>[Stack]<UL><LI>Max Depth = 12<LI>Call Chain = GetPageState
</UL>
<BR>[Called By]<UL><LI><a href="#[94]">&gt;&gt;</a>&nbsp;&nbsp;&nbsp;EE_Init
<LI><a href="#[8e]">&gt;&gt;</a>&nbsp;&nbsp;&nbsp;EE_CleanUp
<LI><a href="#[98]">&gt;&gt;</a>&nbsp;&nbsp;&nbsp;ReadVariable
<LI><a href="#[95]">&gt;&gt;</a>&nbsp;&nbsp;&nbsp;PagesTransfer
<LI><a href="#[b0]">&gt;&gt;</a>&nbsp;&nbsp;&nbsp;FindPage
</UL>

<P><STRONG><a name="[95]"></a>PagesTransfer</STRONG> (Thumb, 410 bytes, Stack size 40 bytes, eeprom_emul.o(i.PagesTransfer))
<BR><BR>[Stack]<UL><LI>Max Depth = 224<LI>Call Chain = PagesTransfer &rArr; ReadVariable &rArr; FindPage &rArr; SetPageState &rArr; FI_WriteDoubleWord &rArr; fmc_word_program
</UL>
<BR>[Calls]<UL><LI><a href="#[96]">&gt;&gt;</a>&nbsp;&nbsp;&nbsp;VerifyPagesFullWriteVariable
<LI><a href="#[93]">&gt;&gt;</a>&nbsp;&nbsp;&nbsp;SetPageState
<LI><a href="#[98]">&gt;&gt;</a>&nbsp;&nbsp;&nbsp;ReadVariable
<LI><a href="#[8f]">&gt;&gt;</a>&nbsp;&nbsp;&nbsp;GetPageState
<LI><a href="#[b0]">&gt;&gt;</a>&nbsp;&nbsp;&nbsp;FindPage
</UL>
<BR>[Called By]<UL><LI><a href="#[9d]">&gt;&gt;</a>&nbsp;&nbsp;&nbsp;EE_WriteVariable8bits
<LI><a href="#[9c]">&gt;&gt;</a>&nbsp;&nbsp;&nbsp;EE_WriteVariable32bits
<LI><a href="#[9b]">&gt;&gt;</a>&nbsp;&nbsp;&nbsp;EE_WriteVariable16bits
<LI><a href="#[94]">&gt;&gt;</a>&nbsp;&nbsp;&nbsp;EE_Init
</UL>

<P><STRONG><a name="[98]"></a>ReadVariable</STRONG> (Thumb, 208 bytes, Stack size 56 bytes, eeprom_emul.o(i.ReadVariable))
<BR><BR>[Stack]<UL><LI>Max Depth = 184<LI>Call Chain = ReadVariable &rArr; FindPage &rArr; SetPageState &rArr; FI_WriteDoubleWord &rArr; fmc_word_program
</UL>
<BR>[Calls]<UL><LI><a href="#[bf]">&gt;&gt;</a>&nbsp;&nbsp;&nbsp;crc16
<LI><a href="#[8f]">&gt;&gt;</a>&nbsp;&nbsp;&nbsp;GetPageState
<LI><a href="#[b0]">&gt;&gt;</a>&nbsp;&nbsp;&nbsp;FindPage
</UL>
<BR>[Called By]<UL><LI><a href="#[9a]">&gt;&gt;</a>&nbsp;&nbsp;&nbsp;EE_ReadVariable8bits
<LI><a href="#[99]">&gt;&gt;</a>&nbsp;&nbsp;&nbsp;EE_ReadVariable32bits
<LI><a href="#[97]">&gt;&gt;</a>&nbsp;&nbsp;&nbsp;EE_ReadVariable16bits
<LI><a href="#[95]">&gt;&gt;</a>&nbsp;&nbsp;&nbsp;PagesTransfer
</UL>

<P><STRONG><a name="[93]"></a>SetPageState</STRONG> (Thumb, 128 bytes, Stack size 24 bytes, eeprom_emul.o(i.SetPageState))
<BR><BR>[Stack]<UL><LI>Max Depth = 88<LI>Call Chain = SetPageState &rArr; FI_WriteDoubleWord &rArr; fmc_word_program
</UL>
<BR>[Calls]<UL><LI><a href="#[af]">&gt;&gt;</a>&nbsp;&nbsp;&nbsp;FI_WriteDoubleWord
</UL>
<BR>[Called By]<UL><LI><a href="#[94]">&gt;&gt;</a>&nbsp;&nbsp;&nbsp;EE_Init
<LI><a href="#[92]">&gt;&gt;</a>&nbsp;&nbsp;&nbsp;EE_Format
<LI><a href="#[95]">&gt;&gt;</a>&nbsp;&nbsp;&nbsp;PagesTransfer
<LI><a href="#[b0]">&gt;&gt;</a>&nbsp;&nbsp;&nbsp;FindPage
</UL>

<P><STRONG><a name="[96]"></a>VerifyPagesFullWriteVariable</STRONG> (Thumb, 154 bytes, Stack size 32 bytes, eeprom_emul.o(i.VerifyPagesFullWriteVariable))
<BR><BR>[Stack]<UL><LI>Max Depth = 160<LI>Call Chain = VerifyPagesFullWriteVariable &rArr; FindPage &rArr; SetPageState &rArr; FI_WriteDoubleWord &rArr; fmc_word_program
</UL>
<BR>[Calls]<UL><LI><a href="#[bf]">&gt;&gt;</a>&nbsp;&nbsp;&nbsp;crc16
<LI><a href="#[af]">&gt;&gt;</a>&nbsp;&nbsp;&nbsp;FI_WriteDoubleWord
<LI><a href="#[b0]">&gt;&gt;</a>&nbsp;&nbsp;&nbsp;FindPage
</UL>
<BR>[Called By]<UL><LI><a href="#[9d]">&gt;&gt;</a>&nbsp;&nbsp;&nbsp;EE_WriteVariable8bits
<LI><a href="#[9c]">&gt;&gt;</a>&nbsp;&nbsp;&nbsp;EE_WriteVariable32bits
<LI><a href="#[9b]">&gt;&gt;</a>&nbsp;&nbsp;&nbsp;EE_WriteVariable16bits
<LI><a href="#[94]">&gt;&gt;</a>&nbsp;&nbsp;&nbsp;EE_Init
<LI><a href="#[95]">&gt;&gt;</a>&nbsp;&nbsp;&nbsp;PagesTransfer
</UL>
<P>
<H3>
Undefined Global Symbols
</H3><HR></body></html>
