Component: ARM Compiler 5.06 update 7 (build 960) Tool: armlink [4d3601]

==============================================================================

Section Cross References

    main.o(i.Error_Handler) refers to gd32c10x_timer.o(i.timer_primary_output_config) for timer_primary_output_config
    main.o(i.main) refers to gd32c10x_rcu.o(i.rcu_periph_clock_enable) for rcu_periph_clock_enable
    main.o(i.main) refers to gd32c10x_rcu.o(i.rcu_adc_clock_config) for rcu_adc_clock_config
    main.o(i.main) refers to gd32c10x_gpio.o(i.gpio_bit_reset) for gpio_bit_reset
    main.o(i.main) refers to gd32c10x_gpio.o(i.gpio_init) for gpio_init
    main.o(i.main) refers to gd32c10x_gpio.o(i.gpio_bit_set) for gpio_bit_set
    main.o(i.main) refers to gd32c10x_gpio.o(i.gpio_pin_remap_config) for gpio_pin_remap_config
    main.o(i.main) refers to gd32c10x_spi.o(i.spi_i2s_deinit) for spi_i2s_deinit
    main.o(i.main) refers to gd32c10x_spi.o(i.spi_struct_para_init) for spi_struct_para_init
    main.o(i.main) refers to gd32c10x_spi.o(i.spi_init) for spi_init
    main.o(i.main) refers to gd32c10x_spi.o(i.spi_enable) for spi_enable
    main.o(i.main) refers to gd32c10x_dma.o(i.dma_deinit) for dma_deinit
    main.o(i.main) refers to gd32c10x_dma.o(i.dma_init) for dma_init
    main.o(i.main) refers to gd32c10x_dma.o(i.dma_circulation_enable) for dma_circulation_enable
    main.o(i.main) refers to gd32c10x_dma.o(i.dma_channel_enable) for dma_channel_enable
    main.o(i.main) refers to gd32c10x_adc.o(i.adc_deinit) for adc_deinit
    main.o(i.main) refers to gd32c10x_adc.o(i.adc_mode_config) for adc_mode_config
    main.o(i.main) refers to gd32c10x_adc.o(i.adc_special_function_config) for adc_special_function_config
    main.o(i.main) refers to gd32c10x_adc.o(i.adc_resolution_config) for adc_resolution_config
    main.o(i.main) refers to gd32c10x_adc.o(i.adc_data_alignment_config) for adc_data_alignment_config
    main.o(i.main) refers to gd32c10x_adc.o(i.adc_dma_mode_enable) for adc_dma_mode_enable
    main.o(i.main) refers to gd32c10x_adc.o(i.adc_channel_length_config) for adc_channel_length_config
    main.o(i.main) refers to gd32c10x_adc.o(i.adc_inserted_channel_config) for adc_inserted_channel_config
    main.o(i.main) refers to gd32c10x_adc.o(i.adc_external_trigger_source_config) for adc_external_trigger_source_config
    main.o(i.main) refers to gd32c10x_adc.o(i.adc_external_trigger_config) for adc_external_trigger_config
    main.o(i.main) refers to gd32c10x_adc.o(i.adc_regular_channel_config) for adc_regular_channel_config
    main.o(i.main) refers to gd32c10x_timer.o(i.timer_deinit) for timer_deinit
    main.o(i.main) refers to gd32c10x_timer.o(i.timer_struct_para_init) for timer_struct_para_init
    main.o(i.main) refers to gd32c10x_timer.o(i.timer_init) for timer_init
    main.o(i.main) refers to gd32c10x_timer.o(i.timer_channel_output_struct_para_init) for timer_channel_output_struct_para_init
    main.o(i.main) refers to gd32c10x_timer.o(i.timer_channel_output_config) for timer_channel_output_config
    main.o(i.main) refers to gd32c10x_timer.o(i.timer_channel_output_pulse_value_config) for timer_channel_output_pulse_value_config
    main.o(i.main) refers to gd32c10x_timer.o(i.timer_channel_output_mode_config) for timer_channel_output_mode_config
    main.o(i.main) refers to gd32c10x_timer.o(i.timer_channel_output_shadow_config) for timer_channel_output_shadow_config
    main.o(i.main) refers to gd32c10x_timer.o(i.timer_break_struct_para_init) for timer_break_struct_para_init
    main.o(i.main) refers to gd32c10x_timer.o(i.timer_break_config) for timer_break_config
    main.o(i.main) refers to gd32c10x_timer.o(i.timer_interrupt_flag_clear) for timer_interrupt_flag_clear
    main.o(i.main) refers to gd32c10x_timer.o(i.timer_interrupt_enable) for timer_interrupt_enable
    main.o(i.main) refers to gd32c10x_timer.o(i.timer_enable) for timer_enable
    main.o(i.main) refers to gd32c10x_gpio.o(i.gpio_pin_lock) for gpio_pin_lock
    main.o(i.main) refers to soc.o(.data) for adc_buff
    main.o(i.main) refers to gd32c10x_misc.o(i.nvic_priority_group_set) for nvic_priority_group_set
    main.o(i.main) refers to gd32c10x_rcu.o(i.rcu_osci_on) for rcu_osci_on
    main.o(i.main) refers to gd32c10x_rcu.o(i.rcu_osci_stab_wait) for rcu_osci_stab_wait
    main.o(i.main) refers to gd32c10x_fwdgt.o(i.fwdgt_config) for fwdgt_config
    main.o(i.main) refers to soc.o(i.SOC_init) for SOC_init
    main.o(i.main) refers to od.o(i.OD_init) for OD_init
    main.o(i.main) refers to motor_ctrl.o(i.MC_init) for MC_init
    main.o(i.main) refers to com_can.o(i.COM_CAN_init) for COM_CAN_init
    main.o(i.main) refers to encoder.o(i.ENCODER_init) for ENCODER_init
    main.o(i.main) refers to soc.o(i.SOC_calibration_offset) for SOC_calibration_offset
    main.o(i.main) refers to com_can.o(i.COM_CAN_report_err) for COM_CAN_report_err
    main.o(i.main) refers to gd32c10x_fwdgt.o(i.fwdgt_enable) for fwdgt_enable
[...]
    i.MP_trapezoid_pos_execute               0x08002d94   Section        0  motion_planner.o(i.MP_trapezoid_pos_execute)
    i.MP_trapezoid_torque_calculate          0x08002ef0   Section        0  motion_planner.o(i.MP_trapezoid_torque_calculate)
    i.MP_trapezoid_torque_execute            0x08002f40   Section        0  motion_planner.o(i.MP_trapezoid_torque_execute)
    i.MP_trapezoid_vel_calculate             0x08002f98   Section        0  motion_planner.o(i.MP_trapezoid_vel_calculate)
    i.MP_trapezoid_vel_execute               0x08003050   Section        0  motion_planner.o(i.MP_trapezoid_vel_execute)
    i.MemManage_Handler                      0x080030d8   Section        0  gd32c10x_it.o(i.MemManage_Handler)
    i.NMI_Handler                            0x080030dc   Section        0  gd32c10x_it.o(i.NMI_Handler)
    i.OD_init                                0x080030e0   Section        0  od.o(i.OD_init)
    i.OD_read                                0x0800314c   Section        0  od.o(i.OD_read)
    i.OD_restore_defalt                      0x080031cc   Section        0  od.o(i.OD_restore_defalt)
    i.OD_write_1                             0x08003200   Section        0  od.o(i.OD_write_1)
    i.OD_write_2                             0x0800326c   Section        0  od.o(i.OD_write_2)
    i.OD_write_4                             0x080033d8   Section        0  od.o(i.OD_write_4)
    i.PID_reset                              0x08003444   Section        0  pid.o(i.PID_reset)
    i.PID_setting                            0x0800345c   Section        0  pid.o(i.PID_setting)
    i.PI_compute_serial                      0x08003476   Section        0  pid.o(i.PI_compute_serial)
    i.PagesTransfer                          0x08003504   Section        0  eeprom_emul.o(i.PagesTransfer)
    PagesTransfer                            0x08003505   Thumb Code   410  eeprom_emul.o(i.PagesTransfer)
    i.PendSV_Handler                         0x080036a8   Section        0  gd32c10x_it.o(i.PendSV_Handler)
    i.ReadVariable                           0x080036ac   Section        0  eeprom_emul.o(i.ReadVariable)
    ReadVariable                             0x080036ad   Thumb Code   208  eeprom_emul.o(i.ReadVariable)
    i.SOC_calibration_offset                 0x08003780   Section        0  soc.o(i.SOC_calibration_offset)
    i.SOC_can_init                           0x08003844   Section        0  soc.o(i.SOC_can_init)
    i.SOC_can_is_tx_busy                     0x080039f0   Section        0  soc.o(i.SOC_can_is_tx_busy)
    i.SOC_can_transmit                       0x08003a18   Section        0  soc.o(i.SOC_can_transmit)
    i.SOC_can_transmit_block                 0x08003b18   Section        0  soc.o(i.SOC_can_transmit_block)
    i.SOC_init                               0x08003b30   Section        0  soc.o(i.SOC_init)
    i.SOC_pwm_disable                        0x08003c14   Section        0  soc.o(i.SOC_pwm_disable)
    i.SOC_pwm_enable                         0x08003c78   Section        0  soc.o(i.SOC_pwm_enable)
    i.SVC_Handler                            0x08003cf0   Section        0  gd32c10x_it.o(i.SVC_Handler)
    i.SetPageState                           0x08003cf4   Section        0  eeprom_emul.o(i.SetPageState)
    SetPageState                             0x08003cf5   Thumb Code   128  eeprom_emul.o(i.SetPageState)
    i.SystemInit                             0x08003d84   Section        0  system_gd32c10x.o(i.SystemInit)
    i.TIMER1_IRQHandler                      0x08003e7c   Section        0  gd32c10x_it.o(i.TIMER1_IRQHandler)
    i.UsageFault_Handler                     0x08003e94   Section        0  gd32c10x_it.o(i.UsageFault_Handler)
    i.VerifyPagesFullWriteVariable           0x08003e98   Section        0  eeprom_emul.o(i.VerifyPagesFullWriteVariable)
    VerifyPagesFullWriteVariable             0x08003e99   Thumb Code   154  eeprom_emul.o(i.VerifyPagesFullWriteVariable)
    i.__hardfp_floor                         0x08003f38   Section        0  floor.o(i.__hardfp_floor)
    i.__hardfp_floorf                        0x08004050   Section        0  floorf.o(i.__hardfp_floorf)
    i.__hardfp_logf                          0x080040c0   Section        0  logf.o(i.__hardfp_logf)
    i.__hardfp_sqrtf                         0x0800422c   Section        0  sqrtf.o(i.__hardfp_sqrtf)
    i.__mathlib_flt_divzero                  0x08004268   Section        0  funder.o(i.__mathlib_flt_divzero)
    i.__mathlib_flt_infnan                   0x0800427c   Section        0  funder.o(i.__mathlib_flt_infnan)
    i.__mathlib_flt_invalid                  0x08004284   Section        0  funder.o(i.__mathlib_flt_invalid)
    i.__scatterload_copy                     0x08004294   Section       14  handlers.o(i.__scatterload_copy)
    i.__scatterload_null                     0x080042a2   Section        2  handlers.o(i.__scatterload_null)
    i.__scatterload_zeroinit                 0x080042a4   Section       14  handlers.o(i.__scatterload_zeroinit)
    i.__set_errno                            0x080042b4   Section        0  errno.o(i.__set_errno)
    i.adc_calibration_enable                 0x080042c0   Section        0  gd32c10x_adc.o(i.adc_calibration_enable)
    i.adc_channel_length_config              0x080042e2   Section        0  gd32c10x_adc.o(i.adc_channel_length_config)
    i.adc_data_alignment_config              0x0800431a   Section        0  gd32c10x_adc.o(i.adc_data_alignment_config)
    i.adc_deinit                             0x0800432c   Section        0  gd32c10x_adc.o(i.adc_deinit)
    i.adc_dma_mode_enable                    0x08004368   Section        0  gd32c10x_adc.o(i.adc_dma_mode_enable)
    i.adc_enable                             0x08004372   Section        0  gd32c10x_adc.o(i.adc_enable)
    i.adc_external_trigger_config            0x08004386   Section        0  gd32c10x_adc.o(i.adc_external_trigger_config)
    i.adc_external_trigger_source_config     0x080043c4   Section        0  gd32c10x_adc.o(i.adc_external_trigger_source_config)
    i.adc_inserted_channel_config            0x080043ee   Section        0  gd32c10x_adc.o(i.adc_inserted_channel_config)
    i.adc_interrupt_disable                  0x0800445e   Section        0  gd32c10x_adc.o(i.adc_interrupt_disable)
    i.adc_interrupt_enable                   0x0800448c   Section        0  gd32c10x_adc.o(i.adc_interrupt_enable)
    i.adc_interrupt_flag_clear               0x080044ba   Section        0  gd32c10x_adc.o(i.adc_interrupt_flag_clear)
    i.adc_mode_config                        0x080044c4   Section        0  gd32c10x_adc.o(i.adc_mode_config)
    i.adc_regular_channel_config             0x080044dc   Section        0  gd32c10x_adc.o(i.adc_regular_channel_config)
    i.adc_resolution_config                  0x08004582   Section        0  gd32c10x_adc.o(i.adc_resolution_config)
    i.adc_software_trigger_enable            0x0800459a   Section        0  gd32c10x_adc.o(i.adc_software_trigger_enable)
    i.adc_special_function_config            0x080045ba   Section        0  gd32c10x_adc.o(i.adc_special_function_config)
    i.arm_cos_f32                            0x08004614   Section        0  util.o(i.arm_cos_f32)
    i.arm_sin_f32                            0x08004698   Section        0  util.o(i.arm_sin_f32)
    i.can1_filter_start_bank                 0x08004718   Section        0  gd32c10x_can.o(i.can1_filter_start_bank)
    i.can_deinit                             0x08004748   Section        0  gd32c10x_can.o(i.can_deinit)
    i.can_fd_init                            0x0800477c   Section        0  gd32c10x_can.o(i.can_fd_init)
    i.can_filter_init                        0x08004868   Section        0  gd32c10x_can.o(i.can_filter_init)
    i.can_init                               0x0800495c   Section        0  gd32c10x_can.o(i.can_init)
    i.can_interrupt_disable                  0x08004aca   Section        0  gd32c10x_can.o(i.can_interrupt_disable)
    i.can_interrupt_enable                   0x08004ad4   Section        0  gd32c10x_can.o(i.can_interrupt_enable)
    i.can_transmission_stop                  0x08004adc   Section        0  gd32c10x_can.o(i.can_transmission_stop)
    i.can_working_mode_set                   0x08004b1e   Section        0  gd32c10x_can.o(i.can_working_mode_set)
    i.crc16                                  0x08004bb0   Section        0  util.o(i.crc16)
    i.crc32                                  0x08004c04   Section        0  util.o(i.crc32)
    i.dbg_periph_enable                      0x08004c54   Section        0  gd32c10x_dbg.o(i.dbg_periph_enable)
    i.delay_ms                               0x08004c64   Section        0  main.o(i.delay_ms)
    i.dictionary_init                        0x08004c80   Section        0  od.o(i.dictionary_init)
    dictionary_init                          0x08004c81   Thumb Code   326  od.o(i.dictionary_init)
    i.dma_channel_enable                     0x08004dfc   Section        0  gd32c10x_dma.o(i.dma_channel_enable)
    i.dma_circulation_enable                 0x08004e1e   Section        0  gd32c10x_dma.o(i.dma_circulation_enable)
    i.dma_deinit                             0x08004e40   Section        0  gd32c10x_dma.o(i.dma_deinit)
    i.dma_init                               0x08004e7a   Section        0  gd32c10x_dma.o(i.dma_init)
    i.fifoBuf_getData                        0x08004ef4   Section        0  fifo_buffer.o(i.fifoBuf_getData)
    i.fifoBuf_getUsed                        0x08004f7a   Section        0  fifo_buffer.o(i.fifoBuf_getUsed)
    i.fifoBuf_init                           0x08004f92   Section        0  fifo_buffer.o(i.fifoBuf_init)
    i.fifoBuf_putData                        0x08004f9e   Section        0  fifo_buffer.o(i.fifoBuf_putData)
    i.find_entry                             0x08005028   Section        0  od.o(i.find_entry)
    i.float_to_data                          0x08005088   Section        0  util.o(i.float_to_data)
    i.fmc_flag_clear                         0x080050a0   Section        0  gd32c10x_fmc.o(i.fmc_flag_clear)
    i.fmc_lock                               0x080050ac   Section        0  gd32c10x_fmc.o(i.fmc_lock)
    i.fmc_page_erase                         0x080050bc   Section        0  gd32c10x_fmc.o(i.fmc_page_erase)
    i.fmc_ready_wait                         0x080050f8   Section        0  gd32c10x_fmc.o(i.fmc_ready_wait)
    fmc_ready_wait                           0x080050f9   Thumb Code    68  gd32c10x_fmc.o(i.fmc_ready_wait)
    i.fmc_unlock                             0x08005140   Section        0  gd32c10x_fmc.o(i.fmc_unlock)
    i.fmc_word_program                       0x08005164   Section        0  gd32c10x_fmc.o(i.fmc_word_program)
    i.fwdgt_config                           0x0800519c   Section        0  gd32c10x_fwdgt.o(i.fwdgt_config)
    i.fwdgt_enable                           0x080051f4   Section        0  gd32c10x_fwdgt.o(i.fwdgt_enable)
    i.gpio_bit_reset                         0x08005204   Section        0  gd32c10x_gpio.o(i.gpio_bit_reset)
    i.gpio_bit_set                           0x08005208   Section        0  gd32c10x_gpio.o(i.gpio_bit_set)
    i.gpio_init                              0x0800520c   Section        0  gd32c10x_gpio.o(i.gpio_init)
    i.gpio_pin_lock                          0x080052b0   Section        0  gd32c10x_gpio.o(i.gpio_pin_lock)
    i.gpio_pin_remap_config                  0x080052c0   Section        0  gd32c10x_gpio.o(i.gpio_pin_remap_config)
    i.main                                   0x0800532c   Section        0  main.o(i.main)
    i.multi_encoder                          0x08005b08   Section        0  encoder.o(i.multi_encoder)
    i.nvic_irq_enable                        0x08005d28   Section        0  gd32c10x_misc.o(i.nvic_irq_enable)
    i.nvic_priority_group_set                0x08005dcc   Section        0  gd32c10x_misc.o(i.nvic_priority_group_set)
    i.nvic_vector_table_set                  0x08005de0   Section        0  gd32c10x_misc.o(i.nvic_vector_table_set)
    i.operation_mode_reset                   0x08005df4   Section        0  motor_ctrl.o(i.operation_mode_reset)
    operation_mode_reset                     0x08005df5   Thumb Code   162  motor_ctrl.o(i.operation_mode_reset)
    i.parse_frame                            0x08005eac   Section        0  com_can.o(i.parse_frame)
    parse_frame                              0x08005ead   Thumb Code  1002  com_can.o(i.parse_frame)
    i.rcu_adc_clock_config                   0x080062b4   Section        0  gd32c10x_rcu.o(i.rcu_adc_clock_config)
    i.rcu_osci_on                            0x08006308   Section        0  gd32c10x_rcu.o(i.rcu_osci_on)
    i.rcu_osci_stab_wait                     0x08006324   Section        0  gd32c10x_rcu.o(i.rcu_osci_stab_wait)
    i.rcu_periph_clock_enable                0x08006470   Section        0  gd32c10x_rcu.o(i.rcu_periph_clock_enable)
    i.rcu_periph_reset_disable               0x0800648c   Section        0  gd32c10x_rcu.o(i.rcu_periph_reset_disable)
    i.rcu_periph_reset_enable                0x080064aa   Section        0  gd32c10x_rcu.o(i.rcu_periph_reset_enable)
    i.servo_loop                             0x080064c8   Section        0  motor_ctrl.o(i.servo_loop)
    servo_loop                               0x080064c9   Thumb Code  1480  motor_ctrl.o(i.servo_loop)
    i.spi_enable                             0x08006a90   Section        0  gd32c10x_spi.o(i.spi_enable)
    i.spi_i2s_data_receive                   0x08006a9a   Section        0  gd32c10x_spi.o(i.spi_i2s_data_receive)
    i.spi_i2s_data_transmit                  0x08006aa0   Section        0  gd32c10x_spi.o(i.spi_i2s_data_transmit)
    i.spi_i2s_deinit                         0x08006aa4   Section        0  gd32c10x_spi.o(i.spi_i2s_deinit)
    i.spi_i2s_flag_get                       0x08006afa   Section        0  gd32c10x_spi.o(i.spi_i2s_flag_get)
    i.spi_init                               0x08006b04   Section        0  gd32c10x_spi.o(i.spi_init)
    i.spi_struct_para_init                   0x08006b32   Section        0  gd32c10x_spi.o(i.spi_struct_para_init)
    i.timer_break_config                     0x08006b42   Section        0  gd32c10x_timer.o(i.timer_break_config)
    i.timer_break_struct_para_init           0x08006b64   Section        0  gd32c10x_timer.o(i.timer_break_struct_para_init)
    i.timer_channel_complementary_output_state_config 0x08006b76   Section        0  gd32c10x_timer.o(i.timer_channel_complementary_output_state_config)
    i.timer_channel_output_config            0x08006bb4   Section        0  gd32c10x_timer.o(i.timer_channel_output_config)
    i.timer_channel_output_mode_config       0x08006d9c   Section        0  gd32c10x_timer.o(i.timer_channel_output_mode_config)
    i.timer_channel_output_pulse_value_config 0x08006dec   Section        0  gd32c10x_timer.o(i.timer_channel_output_pulse_value_config)
    i.timer_channel_output_shadow_config     0x08006e0c   Section        0  gd32c10x_timer.o(i.timer_channel_output_shadow_config)
    i.timer_channel_output_state_config      0x08006e5c   Section        0  gd32c10x_timer.o(i.timer_channel_output_state_config)
    i.timer_channel_output_struct_para_init  0x08006eac   Section        0  gd32c10x_timer.o(i.timer_channel_output_struct_para_init)
    i.timer_deinit                           0x08006ebc   Section        0  gd32c10x_timer.o(i.timer_deinit)
    i.timer_enable                           0x08007050   Section        0  gd32c10x_timer.o(i.timer_enable)
    i.timer_flag_clear                       0x0800705a   Section        0  gd32c10x_timer.o(i.timer_flag_clear)
    i.timer_flag_get                         0x08007060   Section        0  gd32c10x_timer.o(i.timer_flag_get)
    i.timer_init                             0x0800706c   Section        0  gd32c10x_timer.o(i.timer_init)
    i.timer_interrupt_enable                 0x0800712c   Section        0  gd32c10x_timer.o(i.timer_interrupt_enable)
    i.timer_interrupt_flag_clear             0x08007134   Section        0  gd32c10x_timer.o(i.timer_interrupt_flag_clear)
    i.timer_primary_output_config            0x0800713a   Section        0  gd32c10x_timer.o(i.timer_primary_output_config)
    i.timer_repetition_value_config          0x0800714c   Section        0  gd32c10x_timer.o(i.timer_repetition_value_config)
    i.timer_struct_para_init                 0x08007150   Section        0  gd32c10x_timer.o(i.timer_struct_para_init)
    .constdata                               0x08007164   Section       16  soc.o(.constdata)
    dlc_to_len_table                         0x08007164   Data          16  soc.o(.constdata)
    .constdata                               0x08007174   Section       16  com_can.o(.constdata)
    dlc_to_len_table                         0x08007174   Data          16  com_can.o(.constdata)
    .constdata                               0x08007184   Section     1648  motor_ctrl.o(.constdata)
    ntc_table                                0x08007184   Data        1648  motor_ctrl.o(.constdata)
    .constdata                               0x080077f4   Section      976  od.o(.constdata)
    ODList                                   0x080077f4   Data         976  od.o(.constdata)
    .constdata                               0x08007bc4   Section     3844  util.o(.constdata)
    sinTable_f32                             0x08007bc4   Data        2052  util.o(.constdata)
    crc8_table                               0x080083c8   Data         256  util.o(.constdata)
    crc16_table                              0x080084c8   Data         512  util.o(.constdata)
    crc32_table                              0x080086c8   Data        1024  util.o(.constdata)
    .constdata                               0x08008ac8   Section       64  logf.o(.constdata)
    logahi                                   0x08008ac8   Data          32  logf.o(.constdata)
    logalo                                   0x08008ae8   Data          32  logf.o(.constdata)
    .data                                    0x20000000   Section       16  main.o(.data)
    wait_reset                               0x20000000   Data           1  main.o(.data)
    mNodeID                                  0x20000001   Data           1  main.o(.data)
    tick                                     0x20000002   Data           2  main.o(.data)
    tick                                     0x20000008   Data           4  main.o(.data)
    tick_100Hz                               0x2000000c   Data           4  main.o(.data)
    .data                                    0x20000010   Section        6  soc.o(.data)
    .data                                    0x20000016   Section        6  soc.o(.data)
    .data                                    0x2000001c   Section       20  com_can.o(.data)
    mNodeID                                  0x2000001c   Data           1  com_can.o(.data)
    mHeartBeatProducerTime                   0x2000001e   Data           2  com_can.o(.data)
    mHeartbeatProducerTick                   0x20000024   Data           4  com_can.o(.data)
    .data                                    0x20000030   Section    16008  encoder.o(.data)
    init_multi                               0x20000030   Data           1  encoder.o(.data)
    Mech_Angle_Old                           0x20000032   Data           2  encoder.o(.data)
    count_raw_start                          0x20000044   Data           4  encoder.o(.data)
    Real_Angle_Old                           0x20000048   Data           4  encoder.o(.data)
    .data                                    0x20003eb8   Section        4  encoder.o(.data)
    .data                                    0x20003ec0   Section      384  motor_ctrl.o(.data)
    mIsTPDOReport                            0x20003ec0   Data           1  motor_ctrl.o(.data)
    is_plot                                  0x20003ec1   Data           1  motor_ctrl.o(.data)
    tick                                     0x20003ec2   Data           1  motor_ctrl.o(.data)
    mFSM                                     0x20003ec3   Data           3  motor_ctrl.o(.data)
    tick_100                                 0x20003ed0   Data           4  motor_ctrl.o(.data)
    tick_2000                                0x20003ed4   Data           4  motor_ctrl.o(.data)
    zero_speed_tick                          0x20003ed8   Data           4  motor_ctrl.o(.data)
    last_value                               0x20003edc   Data           4  motor_ctrl.o(.data)
    over_torque_dpp                          0x20003ee0   Data           4  motor_ctrl.o(.data)
    mElecGear                                0x20003ee4   Data           4  motor_ctrl.o(.data)
    mElecGearInvers                          0x20003ee8   Data           4  motor_ctrl.o(.data)
    mProfileVelocity                         0x20003eec   Data           4  motor_ctrl.o(.data)
    mProfileAcceleration                     0x20003ef0   Data           4  motor_ctrl.o(.data)
    mProfileDeceleration                     0x20003ef4   Data           4  motor_ctrl.o(.data)
    mProfileTorqueSlope                      0x20003ef8   Data           4  motor_ctrl.o(.data)
    mInterAcc2CurrFactor                     0x20003efc   Data           4  motor_ctrl.o(.data)
    .data                                    0x20004040   Section        4  od.o(.data)
    ODObjsCount                              0x20004042   Data           2  od.o(.data)
    .data                                    0x20004044   Section        4  dfu.o(.data)
    mByteCount                               0x20004044   Data           4  dfu.o(.data)
    .data                                    0x20004048   Section       12  eeprom_emul.o(.data)
    .data                                    0x20004054   Section        4  errno.o(.data)
    _errno                                   0x20004054   Data           4  errno.o(.data)
    .bss                                     0x20004058   Section     9828  com_can.o(.bss)
    rx_fifo                                  0x20004058   Data          12  com_can.o(.bss)
    tx_fifo                                  0x20004064   Data          12  com_can.o(.bss)
    report_fifo                              0x20004070   Data          12  com_can.o(.bss)
    rx_buffer                                0x2000407c   Data        4352  com_can.o(.bss)
    tx_buffer                                0x2000517c   Data        4352  com_can.o(.bss)
    report_buffer                            0x2000627c   Data        1088  com_can.o(.bss)
    .bss                                     0x200066bc   Section      128  encoder.o(.bss)
    .bss                                     0x20006740   Section       40  motor_ctrl.o(.bss)
    .bss                                     0x20006768   Section       84  motion_planner.o(.bss)
    mPlanner                                 0x20006768   Data          84  motion_planner.o(.bss)
    .bss                                     0x200067bc   Section      212  od.o(.bss)
    STACK                                    0x20006890   Section     2048  startup_gd32c10x.o(STACK)

    Global Symbols

    Symbol Name                              Value     Ov Type        Size  Object(Section)

    BuildAttributes$$THM_ISAv4$E$P$D$K$B$S$7EM$VFPi3$EXTD16$VFPS$VFMA$PE$A:L22UL41UL21$X:L11$S22US41US21$IEEE1$IW$USESV6$~STKCKD$USESV7$~SHL$OTIME$ROPI$IEEEX$EBA8$MICROLIB$REQ8$PRES8$EABIv2 0x00000000   Number         0  anon$$obj.o ABSOLUTE
    __ARM_use_no_argv                        0x00000000   Number         0  main.o ABSOLUTE
    __arm_fini_                               - Undefined Weak Reference
    __cpp_initialize__aeabi_                  - Undefined Weak Reference
    __cxa_finalize                            - Undefined Weak Reference
    _clock_init                               - Undefined Weak Reference
    _microlib_exit                            - Undefined Weak Reference
    __Vectors_Size                           0x00000150   Number         0  startup_gd32c10x.o ABSOLUTE
    __Vectors                                0x08000000   Data           4  startup_gd32c10x.o(RESET)
    __Vectors_End                            0x08000150   Data           0  startup_gd32c10x.o(RESET)
    __main                                   0x08000151   Thumb Code     0  entry.o(.ARM.Collect$$$$00000000)
    _main_stk                                0x08000151   Thumb Code     0  entry2.o(.ARM.Collect$$$$00000001)
    _main_scatterload                        0x08000155   Thumb Code     0  entry5.o(.ARM.Collect$$$$00000004)
    __main_after_scatterload                 0x08000159   Thumb Code     0  entry5.o(.ARM.Collect$$$$00000004)
    _main_clock                              0x08000159   Thumb Code     0  entry7b.o(.ARM.Collect$$$$00000008)
    _main_cpp_init                           0x08000159   Thumb Code     0  entry8b.o(.ARM.Collect$$$$0000000A)
    _main_init                               0x08000159   Thumb Code     0  entry9a.o(.ARM.Collect$$$$0000000B)
    __rt_lib_shutdown_fini                   0x08000161   Thumb Code     0  entry12b.o(.ARM.Collect$$$$0000000E)
    __rt_final_cpp                           0x08000165   Thumb Code     0  entry10a.o(.ARM.Collect$$$$0000000F)
    __rt_final_exit                          0x08000165   Thumb Code     0  entry11a.o(.ARM.Collect$$$$00000011)
    Reset_Handler                            0x08000169   Thumb Code     8  startup_gd32c10x.o(.text)
    SysTick_Handler                          0x08000181   Thumb Code     2  startup_gd32c10x.o(.text)
    CAN0_EWMC_IRQHandler                     0x08000183   Thumb Code     0  startup_gd32c10x.o(.text)
    CAN0_RX1_IRQHandler                      0x08000183   Thumb Code     0  startup_gd32c10x.o(.text)
    CAN0_TX_IRQHandler                       0x08000183   Thumb Code     0  startup_gd32c10x.o(.text)
    CAN1_EWMC_IRQHandler                     0x08000183   Thumb Code     0  startup_gd32c10x.o(.text)
    CAN1_RX0_IRQHandler                      0x08000183   Thumb Code     0  startup_gd32c10x.o(.text)
    CAN1_RX1_IRQHandler                      0x08000183   Thumb Code     0  startup_gd32c10x.o(.text)
    CAN1_TX_IRQHandler                       0x08000183   Thumb Code     0  startup_gd32c10x.o(.text)
    DMA0_Channel0_IRQHandler                 0x08000183   Thumb Code     0  startup_gd32c10x.o(.text)
    DMA0_Channel1_IRQHandler                 0x08000183   Thumb Code     0  startup_gd32c10x.o(.text)
    DMA0_Channel2_IRQHandler                 0x08000183   Thumb Code     0  startup_gd32c10x.o(.text)
    DMA0_Channel3_IRQHandler                 0x08000183   Thumb Code     0  startup_gd32c10x.o(.text)
    DMA0_Channel4_IRQHandler                 0x08000183   Thumb Code     0  startup_gd32c10x.o(.text)
    DMA0_Channel5_IRQHandler                 0x08000183   Thumb Code     0  startup_gd32c10x.o(.text)
    DMA0_Channel6_IRQHandler                 0x08000183   Thumb Code     0  startup_gd32c10x.o(.text)
    DMA1_Channel0_IRQHandler                 0x08000183   Thumb Code     0  startup_gd32c10x.o(.text)
    DMA1_Channel1_IRQHandler                 0x08000183   Thumb Code     0  startup_gd32c10x.o(.text)
    DMA1_Channel2_IRQHandler                 0x08000183   Thumb Code     0  startup_gd32c10x.o(.text)
    DMA1_Channel3_IRQHandler                 0x08000183   Thumb Code     0  startup_gd32c10x.o(.text)
    DMA1_Channel4_IRQHandler                 0x08000183   Thumb Code     0  startup_gd32c10x.o(.text)
    EXMC_IRQHandler                          0x08000183   Thumb Code     0  startup_gd32c10x.o(.text)
    EXTI0_IRQHandler                         0x08000183   Thumb Code     0  startup_gd32c10x.o(.text)
    EXTI10_15_IRQHandler                     0x08000183   Thumb Code     0  startup_gd32c10x.o(.text)
    EXTI1_IRQHandler                         0x08000183   Thumb Code     0  startup_gd32c10x.o(.text)
    EXTI2_IRQHandler                         0x08000183   Thumb Code     0  startup_gd32c10x.o(.text)
    EXTI3_IRQHandler                         0x08000183   Thumb Code     0  startup_gd32c10x.o(.text)
    EXTI4_IRQHandler                         0x08000183   Thumb Code     0  startup_gd32c10x.o(.text)
    EXTI5_9_IRQHandler                       0x08000183   Thumb Code     0  startup_gd32c10x.o(.text)
    FMC_IRQHandler                           0x08000183   Thumb Code     0  startup_gd32c10x.o(.text)
    I2C0_ER_IRQHandler                       0x08000183   Thumb Code     0  startup_gd32c10x.o(.text)
    I2C0_EV_IRQHandler                       0x08000183   Thumb Code     0  startup_gd32c10x.o(.text)
    I2C1_ER_IRQHandler                       0x08000183   Thumb Code     0  startup_gd32c10x.o(.text)
    I2C1_EV_IRQHandler                       0x08000183   Thumb Code     0  startup_gd32c10x.o(.text)
    LVD_IRQHandler                           0x08000183   Thumb Code     0  startup_gd32c10x.o(.text)
    RCU_CTC_IRQHandler                       0x08000183   Thumb Code     0  startup_gd32c10x.o(.text)
    RTC_Alarm_IRQHandler                     0x08000183   Thumb Code     0  startup_gd32c10x.o(.text)
    RTC_IRQHandler                           0x08000183   Thumb Code     0  startup_gd32c10x.o(.text)
    SPI0_IRQHandler                          0x08000183   Thumb Code     0  startup_gd32c10x.o(.text)
    SPI1_IRQHandler                          0x08000183   Thumb Code     0  startup_gd32c10x.o(.text)
    SPI2_IRQHandler                          0x08000183   Thumb Code     0  startup_gd32c10x.o(.text)
    TAMPER_IRQHandler                        0x08000183   Thumb Code     0  startup_gd32c10x.o(.text)
    TIMER0_BRK_TIMER8_IRQHandler             0x08000183   Thumb Code     0  startup_gd32c10x.o(.text)
    TIMER0_Channel_IRQHandler                0x08000183   Thumb Code     0  startup_gd32c10x.o(.text)
    TIMER0_TRG_CMT_TIMER10_IRQHandler        0x08000183   Thumb Code     0  startup_gd32c10x.o(.text)
    TIMER0_UP_TIMER9_IRQHandler              0x08000183   Thumb Code     0  startup_gd32c10x.o(.text)
    TIMER2_IRQHandler                        0x08000183   Thumb Code     0  startup_gd32c10x.o(.text)
    TIMER3_IRQHandler                        0x08000183   Thumb Code     0  startup_gd32c10x.o(.text)
    TIMER4_IRQHandler                        0x08000183   Thumb Code     0  startup_gd32c10x.o(.text)
    TIMER5_IRQHandler                        0x08000183   Thumb Code     0  startup_gd32c10x.o(.text)
    TIMER6_IRQHandler                        0x08000183   Thumb Code     0  startup_gd32c10x.o(.text)
    TIMER7_BRK_TIMER11_IRQHandler            0x08000183   Thumb Code     0  startup_gd32c10x.o(.text)
    TIMER7_Channel_IRQHandler                0x08000183   Thumb Code     0  startup_gd32c10x.o(.text)
    TIMER7_TRG_CMT_TIMER13_IRQHandler        0x08000183   Thumb Code     0  startup_gd32c10x.o(.text)
    TIMER7_UP_TIMER12_IRQHandler             0x08000183   Thumb Code     0  startup_gd32c10x.o(.text)
    UART3_IRQHandler                         0x08000183   Thumb Code     0  startup_gd32c10x.o(.text)
    UART4_IRQHandler                         0x08000183   Thumb Code     0  startup_gd32c10x.o(.text)
    USART0_IRQHandler                        0x08000183   Thumb Code     0  startup_gd32c10x.o(.text)
    USART1_IRQHandler                        0x08000183   Thumb Code     0  startup_gd32c10x.o(.text)
    USART2_IRQHandler                        0x08000183   Thumb Code     0  startup_gd32c10x.o(.text)
    USBFS_IRQHandler                         0x08000183   Thumb Code     0  startup_gd32c10x.o(.text)
    USBFS_WKUP_IRQHandler                    0x08000183   Thumb Code     0  startup_gd32c10x.o(.text)
    WWDGT_IRQHandler                         0x08000183   Thumb Code     0  startup_gd32c10x.o(.text)
    __aeabi_ldivmod                          0x0800018d   Thumb Code    98  ldiv.o(.text)
    __aeabi_memcpy                           0x080001ef   Thumb Code    36  memcpya.o(.text)
    __aeabi_memcpy4                          0x080001ef   Thumb Code     0  memcpya.o(.text)
    __aeabi_memcpy8                          0x080001ef   Thumb Code     0  memcpya.o(.text)
    __aeabi_memset                           0x08000213   Thumb Code    14  memseta.o(.text)
    __aeabi_memset4                          0x08000213   Thumb Code     0  memseta.o(.text)
    __aeabi_memset8                          0x08000213   Thumb Code     0  memseta.o(.text)
    __aeabi_memclr                           0x08000221   Thumb Code     4  memseta.o(.text)
    __aeabi_memclr4                          0x08000221   Thumb Code     0  memseta.o(.text)
    __aeabi_memclr8                          0x08000221   Thumb Code     0  memseta.o(.text)
    _memset$wrapper                          0x08000225   Thumb Code    18  memseta.o(.text)
    __aeabi_dadd                             0x08000237   Thumb Code   322  dadd.o(.text)
    __aeabi_dsub                             0x08000379   Thumb Code     6  dadd.o(.text)
    __aeabi_drsub                            0x0800037f   Thumb Code     6  dadd.o(.text)
    __aeabi_dmul                             0x08000385   Thumb Code   228  dmul.o(.text)
    __aeabi_l2f                              0x08000469   Thumb Code    44  ffltl.o(.text)
    __aeabi_i2d                              0x08000495   Thumb Code    34  dflti.o(.text)
    __aeabi_ui2d                             0x080004b7   Thumb Code    26  dfltui.o(.text)
    __aeabi_f2lz                             0x080004d1   Thumb Code    66  ffixl.o(.text)
    __aeabi_d2iz                             0x08000513   Thumb Code    62  dfixi.o(.text)
    __aeabi_uldivmod                         0x08000551   Thumb Code    98  uldiv.o(.text)
    __aeabi_llsl                             0x080005b3   Thumb Code    30  llshl.o(.text)
    _ll_shift_l                              0x080005b3   Thumb Code     0  llshl.o(.text)
    __aeabi_llsr                             0x080005d1   Thumb Code    32  llushr.o(.text)
    _ll_ushift_r                             0x080005d1   Thumb Code     0  llushr.o(.text)
    __aeabi_lasr                             0x080005f1   Thumb Code    36  llsshr.o(.text)
    _ll_sshift_r                             0x080005f1   Thumb Code     0  llsshr.o(.text)
    __I$use$fp                               0x08000615   Thumb Code     0  iusefp.o(.text)
    _float_round                             0x08000615   Thumb Code    18  fepilogue.o(.text)
    _float_epilogue                          0x08000627   Thumb Code    92  fepilogue.o(.text)
    _double_round                            0x08000683   Thumb Code    30  depilogue.o(.text)
    _double_epilogue                         0x080006a1   Thumb Code   156  depilogue.o(.text)
    __aeabi_cdrcmple                         0x0800073d   Thumb Code    48  cdrcmple.o(.text)
    __scatterload                            0x0800076d   Thumb Code    28  init.o(.text)
    __scatterload_rt2                        0x0800076d   Thumb Code     0  init.o(.text)
    __decompress                             0x08000791   Thumb Code     0  __dczerorl.o(.text)
    __decompress0                            0x08000791   Thumb Code    58  __dczerorl.o(.text)
    ADC0_1_IRQHandler                        0x080007cd   Thumb Code    14  gd32c10x_it.o(i.ADC0_1_IRQHandler)
    BusFault_Handler                         0x080007e1   Thumb Code     4  gd32c10x_it.o(i.BusFault_Handler)
    CAN0_RX0_IRQHandler                      0x080007e5   Thumb Code     4  gd32c10x_it.o(i.CAN0_RX0_IRQHandler)
    COM_CAN_init                             0x080007e9   Thumb Code    78  com_can.o(i.COM_CAN_init)
    COM_CAN_loop                             0x08000855   Thumb Code   296  com_can.o(i.COM_CAN_loop)
    COM_CAN_plot_value                       0x08000995   Thumb Code    90  com_can.o(i.COM_CAN_plot_value)
    COM_CAN_report_bootup                    0x080009f9   Thumb Code    46  com_can.o(i.COM_CAN_report_bootup)
    COM_CAN_report_err                       0x08000a31   Thumb Code   104  com_can.o(i.COM_CAN_report_err)
    COM_CAN_report_frame                     0x08000aa5   Thumb Code    24  com_can.o(i.COM_CAN_report_frame)
    COM_CAN_rx_callback                      0x08000ac5   Thumb Code   172  com_can.o(i.COM_CAN_rx_callback)
    DFU_data                                 0x08000b81   Thumb Code   128  dfu.o(i.DFU_data)
    DFU_jump_to_bootloader                   0x08000c05   Thumb Code    92  dfu.o(i.DFU_jump_to_bootloader)
    DFU_start                                0x08000c69   Thumb Code    90  dfu.o(i.DFU_start)
    DebugMon_Handler                         0x08000cd5   Thumb Code     4  gd32c10x_it.o(i.DebugMon_Handler)
    EE_CleanUp                               0x08000cd9   Thumb Code    94  eeprom_emul.o(i.EE_CleanUp)
    EE_Format                                0x08000d39   Thumb Code   136  eeprom_emul.o(i.EE_Format)
    EE_Init                                  0x08000dc5   Thumb Code   866  eeprom_emul.o(i.EE_Init)
    EE_ReadVariable16bits                    0x08001135   Thumb Code    40  eeprom_emul.o(i.EE_ReadVariable16bits)
    EE_ReadVariable32bits                    0x0800115d   Thumb Code    40  eeprom_emul.o(i.EE_ReadVariable32bits)
    EE_ReadVariable8bits                     0x08001185   Thumb Code    40  eeprom_emul.o(i.EE_ReadVariable8bits)
    EE_WriteVariable16bits                   0x080011ad   Thumb Code    46  eeprom_emul.o(i.EE_WriteVariable16bits)
    EE_WriteVariable32bits                   0x080011db   Thumb Code    46  eeprom_emul.o(i.EE_WriteVariable32bits)
    EE_WriteVariable8bits                    0x08001209   Thumb Code    46  eeprom_emul.o(i.EE_WriteVariable8bits)
    ENCODER_EX_read                          0x08001239   Thumb Code    98  encoder.o(i.ENCODER_EX_read)
    ENCODER_calib_end                        0x080012a9   Thumb Code     2  encoder.o(i.ENCODER_calib_end)
    ENCODER_calib_loop                       0x080012ad   Thumb Code   920  encoder.o(i.ENCODER_calib_loop)
    ENCODER_calib_start                      0x0800166d   Thumb Code    36  encoder.o(i.ENCODER_calib_start)
    ENCODER_init                             0x08001699   Thumb Code    68  encoder.o(i.ENCODER_init)
    ENCODER_loop                             0x080016e9   Thumb Code   666  encoder.o(i.ENCODER_loop)
    Error_Handler                            0x080019bd   Thumb Code    12  main.o(i.Error_Handler)
    FI_CacheFlush                            0x080019cd   Thumb Code     2  flash_interface.o(i.FI_CacheFlush)
    FI_PageErase                             0x080019d1   Thumb Code    84  flash_interface.o(i.FI_PageErase)
    FI_WriteDoubleWord                       0x08001a29   Thumb Code    80  flash_interface.o(i.FI_WriteDoubleWord)
    FI_flash_erase_page                      0x08001a7d   Thumb Code    56  flash_interface.o(i.FI_flash_erase_page)
    FI_flash_write                           0x08001ab9   Thumb Code    84  flash_interface.o(i.FI_flash_write)
    HardFault_Handler                        0x08001cdf   Thumb Code     4  gd32c10x_it.o(i.HardFault_Handler)
    MC_controlword_update                    0x08001ce5   Thumb Code   166  motor_ctrl.o(i.MC_controlword_update)
    MC_ctrl_param_update                     0x08001d9d   Thumb Code   314  motor_ctrl.o(i.MC_ctrl_param_update)
    MC_get_state                             0x08001f05   Thumb Code     6  motor_ctrl.o(i.MC_get_state)
    MC_high_priority_task                    0x08001f11   Thumb Code   602  motor_ctrl.o(i.MC_high_priority_task)
    MC_init                                  0x080021d1   Thumb Code    68  motor_ctrl.o(i.MC_init)
    MC_low_priority_task                     0x08002229   Thumb Code   794  motor_ctrl.o(i.MC_low_priority_task)
    MC_modulate                              0x080025b1   Thumb Code   624  motor_ctrl.o(i.MC_modulate)
    MC_pdo_interp_position                   0x0800284d   Thumb Code    22  motor_ctrl.o(i.MC_pdo_interp_position)
    MC_pdo_profile_position                  0x0800286d   Thumb Code    54  motor_ctrl.o(i.MC_pdo_profile_position)
    MC_pdo_profile_velocity                  0x080028ad   Thumb Code   130  motor_ctrl.o(i.MC_pdo_profile_velocity)
    MC_position_update                       0x08002941   Thumb Code    76  motor_ctrl.o(i.MC_position_update)
    MC_profile_update                        0x08002999   Thumb Code    40  motor_ctrl.o(i.MC_profile_update)
    MC_set_state                             0x080029c9   Thumb Code    48  motor_ctrl.o(i.MC_set_state)
    MC_target_sync                           0x08002a01   Thumb Code    10  motor_ctrl.o(i.MC_target_sync)
    MC_torque_update                         0x08002a11   Thumb Code   136  motor_ctrl.o(i.MC_torque_update)
    MC_velocity_update                       0x08002aa5   Thumb Code   152  motor_ctrl.o(i.MC_velocity_update)
    MP_is_run                                0x08002b4d   Thumb Code     8  motion_planner.o(i.MP_is_run)
    MP_reset                                 0x08002b59   Thumb Code    12  motion_planner.o(i.MP_reset)
    MP_trapezoid_pos_calculate               0x08002b69   Thumb Code   544  motion_planner.o(i.MP_trapezoid_pos_calculate)
    MP_trapezoid_pos_execute                 0x08002d95   Thumb Code   334  motion_planner.o(i.MP_trapezoid_pos_execute)
    MP_trapezoid_torque_calculate            0x08002ef1   Thumb Code    70  motion_planner.o(i.MP_trapezoid_torque_calculate)
    MP_trapezoid_torque_execute              0x08002f41   Thumb Code    78  motion_planner.o(i.MP_trapezoid_torque_execute)
    MP_trapezoid_vel_calculate               0x08002f99   Thumb Code   174  motion_planner.o(i.MP_trapezoid_vel_calculate)
    MP_trapezoid_vel_execute                 0x08003051   Thumb Code   122  motion_planner.o(i.MP_trapezoid_vel_execute)
    MemManage_Handler                        0x080030d9   Thumb Code     4  gd32c10x_it.o(i.MemManage_Handler)
    NMI_Handler                              0x080030dd   Thumb Code     4  gd32c10x_it.o(i.NMI_Handler)
    OD_init                                  0x080030e1   Thumb Code    98  od.o(i.OD_init)
    OD_read                                  0x0800314d   Thumb Code   128  od.o(i.OD_read)
    OD_restore_defalt                        0x080031cd   Thumb Code    46  od.o(i.OD_restore_defalt)
    OD_write_1                               0x08003201   Thumb Code   108  od.o(i.OD_write_1)
    OD_write_2                               0x0800326d   Thumb Code   350  od.o(i.OD_write_2)
    OD_write_4                               0x080033d9   Thumb Code   108  od.o(i.OD_write_4)
    PID_reset                                0x08003445   Thumb Code    18  pid.o(i.PID_reset)
    PID_setting                              0x0800345d   Thumb Code    26  pid.o(i.PID_setting)
    PI_compute_serial                        0x08003477   Thumb Code   140  pid.o(i.PI_compute_serial)
    PendSV_Handler                           0x080036a9   Thumb Code     4  gd32c10x_it.o(i.PendSV_Handler)
    SOC_calibration_offset                   0x08003781   Thumb Code   180  soc.o(i.SOC_calibration_offset)
    SOC_can_init                             0x08003845   Thumb Code   416  soc.o(i.SOC_can_init)
    SOC_can_is_tx_busy                       0x080039f1   Thumb Code    34  soc.o(i.SOC_can_is_tx_busy)
    SOC_can_transmit                         0x08003a19   Thumb Code   246  soc.o(i.SOC_can_transmit)
    SOC_can_transmit_block                   0x08003b19   Thumb Code    22  soc.o(i.SOC_can_transmit_block)
    SOC_init                                 0x08003b31   Thumb Code   210  soc.o(i.SOC_init)
    SOC_pwm_disable                          0x08003c15   Thumb Code    96  soc.o(i.SOC_pwm_disable)
    SOC_pwm_enable                           0x08003c79   Thumb Code   112  soc.o(i.SOC_pwm_enable)
    SVC_Handler                              0x08003cf1   Thumb Code     4  gd32c10x_it.o(i.SVC_Handler)
    SystemInit                               0x08003d85   Thumb Code   230  system_gd32c10x.o(i.SystemInit)
    TIMER1_IRQHandler                        0x08003e7d   Thumb Code    20  gd32c10x_it.o(i.TIMER1_IRQHandler)
    UsageFault_Handler                       0x08003e95   Thumb Code     4  gd32c10x_it.o(i.UsageFault_Handler)
    __hardfp_floor                           0x08003f39   Thumb Code   252  floor.o(i.__hardfp_floor)
    __hardfp_floorf                          0x08004051   Thumb Code    98  floorf.o(i.__hardfp_floorf)
    __hardfp_logf                            0x080040c1   Thumb Code   320  logf.o(i.__hardfp_logf)
    __mathlib_logf                           0x080040c1   Thumb Code     0  logf.o(i.__hardfp_logf)
    __hardfp_sqrtf                           0x0800422d   Thumb Code    58  sqrtf.o(i.__hardfp_sqrtf)
    __mathlib_flt_divzero                    0x08004269   Thumb Code    14  funder.o(i.__mathlib_flt_divzero)
    __mathlib_flt_infnan                     0x0800427d   Thumb Code     6  funder.o(i.__mathlib_flt_infnan)
    __mathlib_flt_invalid                    0x08004285   Thumb Code    10  funder.o(i.__mathlib_flt_invalid)
    __scatterload_copy                       0x08004295   Thumb Code    14  handlers.o(i.__scatterload_copy)
    __scatterload_null                       0x080042a3   Thumb Code     2  handlers.o(i.__scatterload_null)
    __scatterload_zeroinit                   0x080042a5   Thumb Code    14  handlers.o(i.__scatterload_zeroinit)
    __set_errno                              0x080042b5   Thumb Code     6  errno.o(i.__set_errno)
    adc_calibration_enable                   0x080042c1   Thumb Code    34  gd32c10x_adc.o(i.adc_calibration_enable)
    adc_channel_length_config                0x080042e3   Thumb Code    56  gd32c10x_adc.o(i.adc_channel_length_config)
    adc_data_alignment_config                0x0800431b   Thumb Code    18  gd32c10x_adc.o(i.adc_data_alignment_config)
    adc_deinit                               0x0800432d   Thumb Code    60  gd32c10x_adc.o(i.adc_deinit)
    adc_dma_mode_enable                      0x08004369   Thumb Code    10  gd32c10x_adc.o(i.adc_dma_mode_enable)
    adc_enable                               0x08004373   Thumb Code    20  gd32c10x_adc.o(i.adc_enable)
    adc_external_trigger_config              0x08004387   Thumb Code    62  gd32c10x_adc.o(i.adc_external_trigger_config)
    adc_external_trigger_source_config       0x080043c5   Thumb Code    42  gd32c10x_adc.o(i.adc_external_trigger_source_config)
    adc_inserted_channel_config              0x080043ef   Thumb Code   112  gd32c10x_adc.o(i.adc_inserted_channel_config)
    adc_interrupt_disable                    0x0800445f   Thumb Code    46  gd32c10x_adc.o(i.adc_interrupt_disable)
    adc_interrupt_enable                     0x0800448d   Thumb Code    46  gd32c10x_adc.o(i.adc_interrupt_enable)
    adc_interrupt_flag_clear                 0x080044bb   Thumb Code    10  gd32c10x_adc.o(i.adc_interrupt_flag_clear)
    adc_mode_config                          0x080044c5   Thumb Code    18  gd32c10x_adc.o(i.adc_mode_config)
    adc_regular_channel_config               0x080044dd   Thumb Code   166  gd32c10x_adc.o(i.adc_regular_channel_config)
    adc_resolution_config                    0x08004583   Thumb Code    24  gd32c10x_adc.o(i.adc_resolution_config)
    adc_software_trigger_enable              0x0800459b   Thumb Code    32  gd32c10x_adc.o(i.adc_software_trigger_enable)
    adc_special_function_config              0x080045bb   Thumb Code    90  gd32c10x_adc.o(i.adc_special_function_config)
    arm_cos_f32                              0x08004615   Thumb Code   118  util.o(i.arm_cos_f32)
    arm_sin_f32                              0x08004699   Thumb Code   114  util.o(i.arm_sin_f32)
    can1_filter_start_bank                   0x08004719   Thumb Code    42  gd32c10x_can.o(i.can1_filter_start_bank)
    can_deinit                               0x08004749   Thumb Code    52  gd32c10x_can.o(i.can_deinit)
    can_fd_init                              0x0800477d   Thumb Code   236  gd32c10x_can.o(i.can_fd_init)
    can_filter_init                          0x08004869   Thumb Code   222  gd32c10x_can.o(i.can_filter_init)
    can_init                                 0x0800495d   Thumb Code   366  gd32c10x_can.o(i.can_init)
    can_interrupt_disable                    0x08004acb   Thumb Code    10  gd32c10x_can.o(i.can_interrupt_disable)
    can_interrupt_enable                     0x08004ad5   Thumb Code     8  gd32c10x_can.o(i.can_interrupt_enable)
    can_transmission_stop                    0x08004add   Thumb Code    66  gd32c10x_can.o(i.can_transmission_stop)
    can_working_mode_set                     0x08004b1f   Thumb Code   144  gd32c10x_can.o(i.can_working_mode_set)
    crc16                                    0x08004bb1   Thumb Code    78  util.o(i.crc16)
    crc32                                    0x08004c05   Thumb Code    74  util.o(i.crc32)
    dbg_periph_enable                        0x08004c55   Thumb Code    10  gd32c10x_dbg.o(i.dbg_periph_enable)
    delay_ms                                 0x08004c65   Thumb Code    26  main.o(i.delay_ms)
    dma_channel_enable                       0x08004dfd   Thumb Code    34  gd32c10x_dma.o(i.dma_channel_enable)
    dma_circulation_enable                   0x08004e1f   Thumb Code    34  gd32c10x_dma.o(i.dma_circulation_enable)
    dma_deinit                               0x08004e41   Thumb Code    58  gd32c10x_dma.o(i.dma_deinit)
    dma_init                                 0x08004e7b   Thumb Code   122  gd32c10x_dma.o(i.dma_init)
    fifoBuf_getData                          0x08004ef5   Thumb Code   134  fifo_buffer.o(i.fifoBuf_getData)
    fifoBuf_getUsed                          0x08004f7b   Thumb Code    24  fifo_buffer.o(i.fifoBuf_getUsed)
    fifoBuf_init                             0x08004f93   Thumb Code    12  fifo_buffer.o(i.fifoBuf_init)
    fifoBuf_putData                          0x08004f9f   Thumb Code   138  fifo_buffer.o(i.fifoBuf_putData)
    find_entry                               0x08005029   Thumb Code    86  od.o(i.find_entry)
    float_to_data                            0x08005089   Thumb Code    22  util.o(i.float_to_data)
    fmc_flag_clear                           0x080050a1   Thumb Code     6  gd32c10x_fmc.o(i.fmc_flag_clear)
    fmc_lock                                 0x080050ad   Thumb Code    12  gd32c10x_fmc.o(i.fmc_lock)
    fmc_page_erase                           0x080050bd   Thumb Code    56  gd32c10x_fmc.o(i.fmc_page_erase)
    fmc_unlock                               0x08005141   Thumb Code    22  gd32c10x_fmc.o(i.fmc_unlock)
    fmc_word_program                         0x08005165   Thumb Code    50  gd32c10x_fmc.o(i.fmc_word_program)
    fwdgt_config                             0x0800519d   Thumb Code    80  gd32c10x_fwdgt.o(i.fwdgt_config)
    fwdgt_enable                             0x080051f5   Thumb Code    10  gd32c10x_fwdgt.o(i.fwdgt_enable)
    gpio_bit_reset                           0x08005205   Thumb Code     4  gd32c10x_gpio.o(i.gpio_bit_reset)
    gpio_bit_set                             0x08005209   Thumb Code     4  gd32c10x_gpio.o(i.gpio_bit_set)
    gpio_init                                0x0800520d   Thumb Code   164  gd32c10x_gpio.o(i.gpio_init)
    gpio_pin_lock                            0x080052b1   Thumb Code    16  gd32c10x_gpio.o(i.gpio_pin_lock)
    gpio_pin_remap_config                    0x080052c1   Thumb Code   102  gd32c10x_gpio.o(i.gpio_pin_remap_config)
    main                                     0x0800532d   Thumb Code  1948  main.o(i.main)
    multi_encoder                            0x08005b09   Thumb Code   482  encoder.o(i.multi_encoder)
    nvic_irq_enable                          0x08005d29   Thumb Code   154  gd32c10x_misc.o(i.nvic_irq_enable)
    nvic_priority_group_set                  0x08005dcd   Thumb Code    14  gd32c10x_misc.o(i.nvic_priority_group_set)
    nvic_vector_table_set                    0x08005de1   Thumb Code    16  gd32c10x_misc.o(i.nvic_vector_table_set)
    rcu_adc_clock_config                     0x080062b5   Thumb Code    78  gd32c10x_rcu.o(i.rcu_adc_clock_config)
    rcu_osci_on                              0x08006309   Thumb Code    28  gd32c10x_rcu.o(i.rcu_osci_on)
    rcu_osci_stab_wait                       0x08006325   Thumb Code   312  gd32c10x_rcu.o(i.rcu_osci_stab_wait)
    rcu_periph_clock_enable                  0x08006471   Thumb Code    28  gd32c10x_rcu.o(i.rcu_periph_clock_enable)
    rcu_periph_reset_disable                 0x0800648d   Thumb Code    30  gd32c10x_rcu.o(i.rcu_periph_reset_disable)
    rcu_periph_reset_enable                  0x080064ab   Thumb Code    28  gd32c10x_rcu.o(i.rcu_periph_reset_enable)
    spi_enable                               0x08006a91   Thumb Code    10  gd32c10x_spi.o(i.spi_enable)
    spi_i2s_data_receive                     0x08006a9b   Thumb Code     6  gd32c10x_spi.o(i.spi_i2s_data_receive)
    spi_i2s_data_transmit                    0x08006aa1   Thumb Code     4  gd32c10x_spi.o(i.spi_i2s_data_transmit)
    spi_i2s_deinit                           0x08006aa5   Thumb Code    86  gd32c10x_spi.o(i.spi_i2s_deinit)
    spi_i2s_flag_get                         0x08006afb   Thumb Code    10  gd32c10x_spi.o(i.spi_i2s_flag_get)
    spi_init                                 0x08006b05   Thumb Code    46  gd32c10x_spi.o(i.spi_init)
    spi_struct_para_init                     0x08006b33   Thumb Code    16  gd32c10x_spi.o(i.spi_struct_para_init)
    timer_break_config                       0x08006b43   Thumb Code    34  gd32c10x_timer.o(i.timer_break_config)
    timer_break_struct_para_init             0x08006b65   Thumb Code    18  gd32c10x_timer.o(i.timer_break_struct_para_init)
    timer_channel_complementary_output_state_config 0x08006b77   Thumb Code    62  gd32c10x_timer.o(i.timer_channel_complementary_output_state_config)
    timer_channel_output_config              0x08006bb5   Thumb Code   480  gd32c10x_timer.o(i.timer_channel_output_config)
    timer_channel_output_mode_config         0x08006d9d   Thumb Code    80  gd32c10x_timer.o(i.timer_channel_output_mode_config)
    timer_channel_output_pulse_value_config  0x08006ded   Thumb Code    32  gd32c10x_timer.o(i.timer_channel_output_pulse_value_config)
    timer_channel_output_shadow_config       0x08006e0d   Thumb Code    80  gd32c10x_timer.o(i.timer_channel_output_shadow_config)
    timer_channel_output_state_config        0x08006e5d   Thumb Code    80  gd32c10x_timer.o(i.timer_channel_output_state_config)
    timer_channel_output_struct_para_init    0x08006ead   Thumb Code    16  gd32c10x_timer.o(i.timer_channel_output_struct_para_init)
    timer_deinit                             0x08006ebd   Thumb Code   394  gd32c10x_timer.o(i.timer_deinit)
    timer_enable                             0x08007051   Thumb Code    10  gd32c10x_timer.o(i.timer_enable)
    timer_flag_clear                         0x0800705b   Thumb Code     6  gd32c10x_timer.o(i.timer_flag_clear)
    timer_flag_get                           0x08007061   Thumb Code    10  gd32c10x_timer.o(i.timer_flag_get)
    timer_init                               0x0800706d   Thumb Code   182  gd32c10x_timer.o(i.timer_init)
    timer_interrupt_enable                   0x0800712d   Thumb Code     8  gd32c10x_timer.o(i.timer_interrupt_enable)
    timer_interrupt_flag_clear               0x08007135   Thumb Code     6  gd32c10x_timer.o(i.timer_interrupt_flag_clear)
    timer_primary_output_config              0x0800713b   Thumb Code    18  gd32c10x_timer.o(i.timer_primary_output_config)
    timer_repetition_value_config            0x0800714d   Thumb Code     4  gd32c10x_timer.o(i.timer_repetition_value_config)
    timer_struct_para_init                   0x08007151   Thumb Code    20  gd32c10x_timer.o(i.timer_struct_para_init)
    Region$$Table$$Base                      0x08008b08   Number         0  anon$$obj.o(Region$$Table)
    Region$$Table$$Limit                     0x08008b28   Number         0  anon$$obj.o(Region$$Table)
    SystickCount                             0x20000004   Data           4  main.o(.data)
    phase_a_adc_offset                       0x20000010   Data           2  soc.o(.data)
    phase_b_adc_offset                       0x20000012   Data           2  soc.o(.data)
    phase_c_adc_offset                       0x20000014   Data           2  soc.o(.data)
    adc_buff                                 0x20000016   Data           6  soc.o(.data)
    mHeartBeatConsumerTime                   0x20000020   Data           2  com_can.o(.data)
    mHeartbeatConsumerTick                   0x20000028   Data           4  com_can.o(.data)
    count_1                                  0x2000002c   Data           4  com_can.o(.data)
    Multi_Turns                              0x20000034   Data           2  encoder.o(.data)
    init_ex                                  0x20000036   Data           2  encoder.o(.data)
    init_in_offset                           0x20000038   Data           2  encoder.o(.data)
    init_ex_offset                           0x2000003a   Data           2  encoder.o(.data)
    raw_rad_data                             0x2000003c   Data           4  encoder.o(.data)
    encoder_count                            0x20000040   Data           4  encoder.o(.data)
    init_in                                  0x2000004c   Data           4  encoder.o(.data)
    Real_Velocity                            0x20000050   Data           4  encoder.o(.data)
    Velocity_Filtered                        0x20000054   Data           4  encoder.o(.data)
    Encoder                                  0x20000058   Data       15968  encoder.o(.data)
    raw_encoder                              0x20003eb8   Data           4  encoder.o(.data)
    n5                                       0x20003ec8   Data           4  motor_ctrl.o(.data)
    count_tor                                0x20003ecc   Data           4  motor_ctrl.o(.data)
    tau_l                                    0x20003f00   Data           4  motor_ctrl.o(.data)
    pos_err                                  0x20003f04   Data           4  motor_ctrl.o(.data)
    vel_err                                  0x20003f08   Data           4  motor_ctrl.o(.data)
    MotorControl                             0x20003f10   Data         264  motor_ctrl.o(.data)
    coef5                                    0x20004018   Data          40  motor_ctrl.o(.data)
    flag_zero                                0x20004040   Data           2  od.o(.data)
    ubCurrentActivePage                      0x20004048   Data           1  eeprom_emul.o(.data)
    CleanupPhase                             0x20004049   Data           1  eeprom_emul.o(.data)
    uhNbWrittenElements                      0x2000404a   Data           2  eeprom_emul.o(.data)
    uwAddressNextWrite                       0x2000404c   Data           4  eeprom_emul.o(.data)
    AddressRead                              0x20004050   Data           4  eeprom_emul.o(.data)
    vel_vec                                  0x200066bc   Data         128  encoder.o(.bss)
    dcoef5                                   0x20006740   Data          40  motor_ctrl.o(.bss)
    ODObjs                                   0x200067bc   Data         212  od.o(.bss)
    __initial_sp                             0x20007090   Data           0  startup_gd32c10x.o(STACK)



==============================================================================

Memory Map of the image

  Image Entry point : 0x08000151

  Load Region LR_IROM1 (Base: 0x08000000, Size: 0x0000cb80, Max: 0x00020000, ABSOLUTE, COMPRESSED[0x00008bf0])

    Execution Region ER_IROM1 (Exec base: 0x08000000, Load base: 0x08000000, Size: 0x00008b28, Max: 0x00020000, ABSOLUTE)

    Exec Addr    Load Addr    Size         Type   Attr      Idx    E Section Name        Object

    0x08000000   0x08000000   0x00000150   Data   RO         4057    RESET               startup_gd32c10x.o
    0x08000150   0x08000150   0x00000000   Code   RO         4287  * .ARM.Collect$$$$00000000  mc_w.l(entry.o)
    0x08000150   0x08000150   0x00000004   Code   RO         4330    .ARM.Collect$$$$00000001  mc_w.l(entry2.o)
    0x08000154   0x08000154   0x00000004   Code   RO         4333    .ARM.Collect$$$$00000004  mc_w.l(entry5.o)
    0x08000158   0x08000158   0x00000000   Code   RO         4335    .ARM.Collect$$$$00000008  mc_w.l(entry7b.o)
    0x08000158   0x08000158   0x00000000   Code   RO         4337    .ARM.Collect$$$$0000000A  mc_w.l(entry8b.o)
    0x08000158   0x08000158   0x00000008   Code   RO         4338    .ARM.Collect$$$$0000000B  mc_w.l(entry9a.o)
    0x08000160   0x08000160   0x00000004   Code   RO         4345    .ARM.Collect$$$$0000000E  mc_w.l(entry12b.o)
    0x08000164   0x08000164   0x00000000   Code   RO         4340    .ARM.Collect$$$$0000000F  mc_w.l(entry10a.o)
    0x08000164   0x08000164   0x00000000   Code   RO         4342    .ARM.Collect$$$$00000011  mc_w.l(entry11a.o)
    0x08000164   0x08000164   0x00000004   Code   RO         4331    .ARM.Collect$$$$00002712  mc_w.l(entry2.o)
    0x08000168   0x08000168   0x00000024   Code   RO         4058    .text               startup_gd32c10x.o
    0x0800018c   0x0800018c   0x00000062   Code   RO         4290    .text               mc_w.l(ldiv.o)
    0x080001ee   0x080001ee   0x00000024   Code   RO         4292    .text               mc_w.l(memcpya.o)
    0x08000212   0x08000212   0x00000024   Code   RO         4294    .text               mc_w.l(memseta.o)
    0x08000236   0x08000236   0x0000014e   Code   RO         4298    .text               mf_w.l(dadd.o)
    0x08000384   0x08000384   0x000000e4   Code   RO         4300    .text               mf_w.l(dmul.o)
    0x08000468   0x08000468   0x0000002c   Code   RO         4304    .text               mf_w.l(ffltl.o)
    0x08000494   0x08000494   0x00000022   Code   RO         4306    .text               mf_w.l(dflti.o)
    0x080004b6   0x080004b6   0x0000001a   Code   RO         4308    .text               mf_w.l(dfltui.o)
    0x080004d0   0x080004d0   0x00000042   Code   RO         4310    .text               mf_w.l(ffixl.o)
    0x08000512   0x08000512   0x0000003e   Code   RO         4312    .text               mf_w.l(dfixi.o)
    0x08000550   0x08000550   0x00000062   Code   RO         4346    .text               mc_w.l(uldiv.o)
    0x080005b2   0x080005b2   0x0000001e   Code   RO         4348    .text               mc_w.l(llshl.o)
    0x080005d0   0x080005d0   0x00000020   Code   RO         4350    .text               mc_w.l(llushr.o)
    0x080005f0   0x080005f0   0x00000024   Code   RO         4352    .text               mc_w.l(llsshr.o)
    0x08000614   0x08000614   0x00000000   Code   RO         4361    .text               mc_w.l(iusefp.o)
    0x08000614   0x08000614   0x0000006e   Code   RO         4362    .text               mf_w.l(fepilogue.o)
    0x08000682   0x08000682   0x000000ba   Code   RO         4364    .text               mf_w.l(depilogue.o)
    0x0800073c   0x0800073c   0x00000030   Code   RO         4366    .text               mf_w.l(cdrcmple.o)
    0x0800076c   0x0800076c   0x00000024   Code   RO         4368    .text               mc_w.l(init.o)
    0x08000790   0x08000790   0x0000003a   Code   RO         4378    .text               mc_w.l(__dczerorl.o)
    0x080007ca   0x080007ca   0x00000002   PAD
    0x080007cc   0x080007cc   0x00000014   Code   RO          171    i.ADC0_1_IRQHandler  gd32c10x_it.o
    0x080007e0   0x080007e0   0x00000004   Code   RO          172    i.BusFault_Handler  gd32c10x_it.o
    0x080007e4   0x080007e4   0x00000004   Code   RO          173    i.CAN0_RX0_IRQHandler  gd32c10x_it.o
    0x080007e8   0x080007e8   0x0000006c   Code   RO          335    i.COM_CAN_init      com_can.o
    0x08000854   0x08000854   0x00000140   Code   RO          336    i.COM_CAN_loop      com_can.o
    0x08000994   0x08000994   0x00000064   Code   RO          337    i.COM_CAN_plot_value  com_can.o
    0x080009f8   0x080009f8   0x00000038   Code   RO          338    i.COM_CAN_report_bootup  com_can.o
    0x08000a30   0x08000a30   0x00000074   Code   RO          339    i.COM_CAN_report_err  com_can.o
    0x08000aa4   0x08000aa4   0x00000020   Code   RO          340    i.COM_CAN_report_frame  com_can.o
    0x08000ac4   0x08000ac4   0x000000bc   Code   RO          341    i.COM_CAN_rx_callback  com_can.o
    0x08000b80   0x08000b80   0x00000084   Code   RO          867    i.DFU_data          dfu.o
    0x08000c04   0x08000c04   0x00000064   Code   RO          868    i.DFU_jump_to_bootloader  dfu.o
    0x08000c68   0x08000c68   0x0000006c   Code   RO          869    i.DFU_start         dfu.o
    0x08000cd4   0x08000cd4   0x00000004   Code   RO          174    i.DebugMon_Handler  gd32c10x_it.o
    0x08000cd8   0x08000cd8   0x0000005e   Code   RO         4065    i.EE_CleanUp        eeprom_emul.o
    0x08000d36   0x08000d36   0x00000002   PAD
    0x08000d38   0x08000d38   0x0000008c   Code   RO         4069    i.EE_Format         eeprom_emul.o
    0x08000dc4   0x08000dc4   0x00000370   Code   RO         4070    i.EE_Init           eeprom_emul.o
    0x08001134   0x08001134   0x00000028   Code   RO         4071    i.EE_ReadVariable16bits  eeprom_emul.o
    0x0800115c   0x0800115c   0x00000028   Code   RO         4072    i.EE_ReadVariable32bits  eeprom_emul.o
    0x08001184   0x08001184   0x00000028   Code   RO         4073    i.EE_ReadVariable8bits  eeprom_emul.o
    0x080011ac   0x080011ac   0x0000002e   Code   RO         4074    i.EE_WriteVariable16bits  eeprom_emul.o
    0x080011da   0x080011da   0x0000002e   Code   RO         4075    i.EE_WriteVariable32bits  eeprom_emul.o
    0x08001208   0x08001208   0x0000002e   Code   RO         4076    i.EE_WriteVariable8bits  eeprom_emul.o
    0x08001236   0x08001236   0x00000002   PAD
    0x08001238   0x08001238   0x00000070   Code   RO          437    i.ENCODER_EX_read   encoder.o
    0x080012a8   0x080012a8   0x00000002   Code   RO          439    i.ENCODER_calib_end  encoder.o
    0x080012aa   0x080012aa   0x00000002   PAD
    0x080012ac   0x080012ac   0x000003c0   Code   RO          440    i.ENCODER_calib_loop  encoder.o
    0x0800166c   0x0800166c   0x0000002c   Code   RO          441    i.ENCODER_calib_start  encoder.o
    0x08001698   0x08001698   0x00000050   Code   RO          442    i.ENCODER_init      encoder.o
    0x080016e8   0x080016e8   0x000002d4   Code   RO          443    i.ENCODER_loop      encoder.o
    0x080019bc   0x080019bc   0x00000010   Code   RO            3    i.Error_Handler     main.o
    0x080019cc   0x080019cc   0x00000002   Code   RO         4190    i.FI_CacheFlush     flash_interface.o
    0x080019ce   0x080019ce   0x00000002   PAD
    0x080019d0   0x080019d0   0x00000058   Code   RO         4192    i.FI_PageErase      flash_interface.o
    0x08001a28   0x08001a28   0x00000054   Code   RO         4194    i.FI_WriteDoubleWord  flash_interface.o
    0x08001a7c   0x08001a7c   0x0000003c   Code   RO         4195    i.FI_flash_erase_page  flash_interface.o
    0x08001ab8   0x08001ab8   0x00000058   Code   RO         4196    i.FI_flash_write    flash_interface.o
    0x08001b10   0x08001b10   0x00000180   Code   RO         4077    i.FindPage          eeprom_emul.o
    0x08001c90   0x08001c90   0x0000004e   Code   RO         4078    i.GetPageState      eeprom_emul.o
    0x08001cde   0x08001cde   0x00000004   Code   RO          175    i.HardFault_Handler  gd32c10x_it.o
    0x08001ce2   0x08001ce2   0x00000002   PAD
    0x08001ce4   0x08001ce4   0x000000b8   Code   RO          512    i.MC_controlword_update  motor_ctrl.o
    0x08001d9c   0x08001d9c   0x00000168   Code   RO          513    i.MC_ctrl_param_update  motor_ctrl.o
    0x08001f04   0x08001f04   0x0000000c   Code   RO          515    i.MC_get_state      motor_ctrl.o
    0x08001f10   0x08001f10   0x000002c0   Code   RO          516    i.MC_high_priority_task  motor_ctrl.o
    0x080021d0   0x080021d0   0x00000058   Code   RO          517    i.MC_init           motor_ctrl.o
    0x08002228   0x08002228   0x00000388   Code   RO          518    i.MC_low_priority_task  motor_ctrl.o
    0x080025b0   0x080025b0   0x0000029c   Code   RO          705    i.MC_modulate       motor_ctrl.o
    0x0800284c   0x0800284c   0x00000020   Code   RO          519    i.MC_pdo_interp_position  motor_ctrl.o
    0x0800286c   0x0800286c   0x00000040   Code   RO          520    i.MC_pdo_profile_position  motor_ctrl.o
    0x080028ac   0x080028ac   0x00000094   Code   RO          522    i.MC_pdo_profile_velocity  motor_ctrl.o
    0x08002940   0x08002940   0x00000058   Code   RO          523    i.MC_position_update  motor_ctrl.o
    0x08002998   0x08002998   0x00000030   Code   RO          524    i.MC_profile_update  motor_ctrl.o
    0x080029c8   0x080029c8   0x00000038   Code   RO          526    i.MC_set_state      motor_ctrl.o
    0x08002a00   0x08002a00   0x00000010   Code   RO          699    i.MC_target_sync    motor_ctrl.o
    0x08002a10   0x08002a10   0x00000094   Code   RO          527    i.MC_torque_update  motor_ctrl.o
    0x08002aa4   0x08002aa4   0x000000a8   Code   RO          528    i.MC_velocity_update  motor_ctrl.o
    0x08002b4c   0x08002b4c   0x0000000c   Code   RO          730    i.MP_is_run         motion_planner.o
    0x08002b58   0x08002b58   0x00000010   Code   RO          731    i.MP_reset          motion_planner.o
    0x08002b68   0x08002b68   0x0000022c   Code   RO          732    i.MP_trapezoid_pos_calculate  motion_planner.o
    0x08002d94   0x08002d94   0x0000015c   Code   RO          733    i.MP_trapezoid_pos_execute  motion_planner.o
    0x08002ef0   0x08002ef0   0x00000050   Code   RO          734    i.MP_trapezoid_torque_calculate  motion_planner.o
    0x08002f40   0x08002f40   0x00000058   Code   RO          735    i.MP_trapezoid_torque_execute  motion_planner.o
    0x08002f98   0x08002f98   0x000000b8   Code   RO          736    i.MP_trapezoid_vel_calculate  motion_planner.o
    0x08003050   0x08003050   0x00000088   Code   RO          737    i.MP_trapezoid_vel_execute  motion_planner.o
    0x080030d8   0x080030d8   0x00000004   Code   RO          176    i.MemManage_Handler  gd32c10x_it.o
    0x080030dc   0x080030dc   0x00000004   Code   RO          177    i.NMI_Handler       gd32c10x_it.o
    0x080030e0   0x080030e0   0x0000006c   Code   RO          798    i.OD_init           od.o
    0x0800314c   0x0800314c   0x00000080   Code   RO          799    i.OD_read           od.o
    0x080031cc   0x080031cc   0x00000034   Code   RO          800    i.OD_restore_defalt  od.o
    0x08003200   0x08003200   0x0000006c   Code   RO          801    i.OD_write_1        od.o
    0x0800326c   0x0800326c   0x0000016c   Code   RO          802    i.OD_write_2        od.o
    0x080033d8   0x080033d8   0x0000006c   Code   RO          803    i.OD_write_4        od.o
    0x08003444   0x08003444   0x00000018   Code   RO          903    i.PID_reset         pid.o
    0x0800345c   0x0800345c   0x0000001a   Code   RO          904    i.PID_setting       pid.o
    0x08003476   0x08003476   0x0000008c   Code   RO          927    i.PI_compute_serial  pid.o
    0x08003502   0x08003502   0x00000002   PAD
    0x08003504   0x08003504   0x000001a4   Code   RO         4079    i.PagesTransfer     eeprom_emul.o
    0x080036a8   0x080036a8   0x00000004   Code   RO          178    i.PendSV_Handler    gd32c10x_it.o
    0x080036ac   0x080036ac   0x000000d4   Code   RO         4080    i.ReadVariable      eeprom_emul.o
    0x08003780   0x08003780   0x000000c4   Code   RO          265    i.SOC_calibration_offset  soc.o
    0x08003844   0x08003844   0x000001ac   Code   RO          266    i.SOC_can_init      soc.o
    0x080039f0   0x080039f0   0x00000028   Code   RO          267    i.SOC_can_is_tx_busy  soc.o
    0x08003a18   0x08003a18   0x00000100   Code   RO          268    i.SOC_can_transmit  soc.o
    0x08003b18   0x08003b18   0x00000016   Code   RO          269    i.SOC_can_transmit_block  soc.o
    0x08003b2e   0x08003b2e   0x00000002   PAD
    0x08003b30   0x08003b30   0x000000e4   Code   RO          270    i.SOC_init          soc.o
    0x08003c14   0x08003c14   0x00000064   Code   RO          271    i.SOC_pwm_disable   soc.o
    0x08003c78   0x08003c78   0x00000078   Code   RO          272    i.SOC_pwm_enable    soc.o
    0x08003cf0   0x08003cf0   0x00000004   Code   RO          179    i.SVC_Handler       gd32c10x_it.o
    0x08003cf4   0x08003cf4   0x00000090   Code   RO         4081    i.SetPageState      eeprom_emul.o
    0x08003d84   0x08003d84   0x000000f8   Code   RO         4026    i.SystemInit        system_gd32c10x.o
    0x08003e7c   0x08003e7c   0x00000018   Code   RO          180    i.TIMER1_IRQHandler  gd32c10x_it.o
    0x08003e94   0x08003e94   0x00000004   Code   RO          181    i.UsageFault_Handler  gd32c10x_it.o
    0x08003e98   0x08003e98   0x000000a0   Code   RO         4082    i.VerifyPagesFullWriteVariable  eeprom_emul.o
    0x08003f38   0x08003f38   0x00000118   Code   RO         4249    i.__hardfp_floor    m_wm.l(floor.o)
    0x08004050   0x08004050   0x00000070   Code   RO         4255    i.__hardfp_floorf   m_wm.l(floorf.o)
    0x080040c0   0x080040c0   0x0000016c   Code   RO         4261    i.__hardfp_logf     m_wm.l(logf.o)
    0x0800422c   0x0800422c   0x0000003a   Code   RO         4275    i.__hardfp_sqrtf    m_wm.l(sqrtf.o)
    0x08004266   0x08004266   0x00000002   PAD
    0x08004268   0x08004268   0x00000014   Code   RO         4316    i.__mathlib_flt_divzero  m_wm.l(funder.o)
    0x0800427c   0x0800427c   0x00000006   Code   RO         4317    i.__mathlib_flt_infnan  m_wm.l(funder.o)
    0x08004282   0x08004282   0x00000002   PAD
    0x08004284   0x08004284   0x00000010   Code   RO         4319    i.__mathlib_flt_invalid  m_wm.l(funder.o)
    0x08004294   0x08004294   0x0000000e   Code   RO         4372    i.__scatterload_copy  mc_w.l(handlers.o)
    0x080042a2   0x080042a2   0x00000002   Code   RO         4373    i.__scatterload_null  mc_w.l(handlers.o)
    0x080042a4   0x080042a4   0x0000000e   Code   RO         4374    i.__scatterload_zeroinit  mc_w.l(handlers.o)
    0x080042b2   0x080042b2   0x00000002   PAD
    0x080042b4   0x080042b4   0x0000000c   Code   RO         4356    i.__set_errno       mc_w.l(errno.o)
    0x080042c0   0x080042c0   0x00000022   Code   RO         3649    i.adc_calibration_enable  gd32c10x_adc.o
    0x080042e2   0x080042e2   0x00000038   Code   RO         3650    i.adc_channel_length_config  gd32c10x_adc.o
    0x0800431a   0x0800431a   0x00000012   Code   RO         3651    i.adc_data_alignment_config  gd32c10x_adc.o
    0x0800432c   0x0800432c   0x0000003c   Code   RO         3652    i.adc_deinit        gd32c10x_adc.o
    0x08004368   0x08004368   0x0000000a   Code   RO         3656    i.adc_dma_mode_enable  gd32c10x_adc.o
    0x08004372   0x08004372   0x00000014   Code   RO         3657    i.adc_enable        gd32c10x_adc.o
    0x08004386   0x08004386   0x0000003e   Code   RO         3658    i.adc_external_trigger_config  gd32c10x_adc.o
    0x080043c4   0x080043c4   0x0000002a   Code   RO         3659    i.adc_external_trigger_source_config  gd32c10x_adc.o
    0x080043ee   0x080043ee   0x00000070   Code   RO         3662    i.adc_inserted_channel_config  gd32c10x_adc.o
    0x0800445e   0x0800445e   0x0000002e   Code   RO         3666    i.adc_interrupt_disable  gd32c10x_adc.o
    0x0800448c   0x0800448c   0x0000002e   Code   RO         3667    i.adc_interrupt_enable  gd32c10x_adc.o
    0x080044ba   0x080044ba   0x0000000a   Code   RO         3668    i.adc_interrupt_flag_clear  gd32c10x_adc.o
    0x080044c4   0x080044c4   0x00000018   Code   RO         3670    i.adc_mode_config   gd32c10x_adc.o
    0x080044dc   0x080044dc   0x000000a6   Code   RO         3674    i.adc_regular_channel_config  gd32c10x_adc.o
    0x08004582   0x08004582   0x00000018   Code   RO         3677    i.adc_resolution_config  gd32c10x_adc.o
    0x0800459a   0x0800459a   0x00000020   Code   RO         3678    i.adc_software_trigger_enable  gd32c10x_adc.o
    0x080045ba   0x080045ba   0x0000005a   Code   RO         3679    i.adc_special_function_config  gd32c10x_adc.o
    0x08004614   0x08004614   0x00000084   Code   RO         1044    i.arm_cos_f32       util.o
    0x08004698   0x08004698   0x00000080   Code   RO         1038    i.arm_sin_f32       util.o
    0x08004718   0x08004718   0x00000030   Code   RO         3071    i.can1_filter_start_bank  gd32c10x_can.o
    0x08004748   0x08004748   0x00000034   Code   RO         3074    i.can_deinit        gd32c10x_can.o
    0x0800477c   0x0800477c   0x000000ec   Code   RO         3079    i.can_fd_init       gd32c10x_can.o
    0x08004868   0x08004868   0x000000f4   Code   RO         3081    i.can_filter_init   gd32c10x_can.o
    0x0800495c   0x0800495c   0x0000016e   Code   RO         3086    i.can_init          gd32c10x_can.o
    0x08004aca   0x08004aca   0x0000000a   Code   RO         3087    i.can_interrupt_disable  gd32c10x_can.o
    0x08004ad4   0x08004ad4   0x00000008   Code   RO         3088    i.can_interrupt_enable  gd32c10x_can.o
    0x08004adc   0x08004adc   0x00000042   Code   RO         3099    i.can_transmission_stop  gd32c10x_can.o
    0x08004b1e   0x08004b1e   0x00000090   Code   RO         3103    i.can_working_mode_set  gd32c10x_can.o
    0x08004bae   0x08004bae   0x00000002   PAD
    0x08004bb0   0x08004bb0   0x00000054   Code   RO          945    i.crc16             util.o
    0x08004c04   0x08004c04   0x00000050   Code   RO          946    i.crc32             util.o
    0x08004c54   0x08004c54   0x00000010   Code   RO         3287    i.dbg_periph_enable  gd32c10x_dbg.o
    0x08004c64   0x08004c64   0x0000001a   Code   RO            4    i.delay_ms          main.o
    0x08004c7e   0x08004c7e   0x00000002   PAD
    0x08004c80   0x08004c80   0x0000017c   Code   RO          804    i.dictionary_init   od.o
    0x08004dfc   0x08004dfc   0x00000022   Code   RO         1136    i.dma_channel_enable  gd32c10x_dma.o
    0x08004e1e   0x08004e1e   0x00000022   Code   RO         1138    i.dma_circulation_enable  gd32c10x_dma.o
    0x08004e40   0x08004e40   0x0000003a   Code   RO         1139    i.dma_deinit        gd32c10x_dma.o
    0x08004e7a   0x08004e7a   0x0000007a   Code   RO         1142    i.dma_init          gd32c10x_dma.o
    0x08004ef4   0x08004ef4   0x00000086   Code   RO         1056    i.fifoBuf_getData   fifo_buffer.o
    0x08004f7a   0x08004f7a   0x00000018   Code   RO         1060    i.fifoBuf_getUsed   fifo_buffer.o
    0x08004f92   0x08004f92   0x0000000c   Code   RO         1061    i.fifoBuf_init      fifo_buffer.o
    0x08004f9e   0x08004f9e   0x0000008a   Code   RO         1063    i.fifoBuf_putData   fifo_buffer.o
    0x08005028   0x08005028   0x00000060   Code   RO          805    i.find_entry        od.o
    0x08005088   0x08005088   0x00000016   Code   RO          953    i.float_to_data     util.o
    0x0800509e   0x0800509e   0x00000002   PAD
    0x080050a0   0x080050a0   0x0000000c   Code   RO         1405    i.fmc_flag_clear    gd32c10x_fmc.o
    0x080050ac   0x080050ac   0x00000010   Code   RO         1414    i.fmc_lock          gd32c10x_fmc.o
    0x080050bc   0x080050bc   0x0000003c   Code   RO         1416    i.fmc_page_erase    gd32c10x_fmc.o
    0x080050f8   0x080050f8   0x00000048   Code   RO         1420    i.fmc_ready_wait    gd32c10x_fmc.o
    0x08005140   0x08005140   0x00000024   Code   RO         1421    i.fmc_unlock        gd32c10x_fmc.o
    0x08005164   0x08005164   0x00000038   Code   RO         1422    i.fmc_word_program  gd32c10x_fmc.o
    0x0800519c   0x0800519c   0x00000058   Code   RO         3345    i.fwdgt_config      gd32c10x_fwdgt.o
    0x080051f4   0x080051f4   0x00000010   Code   RO         3347    i.fwdgt_enable      gd32c10x_fwdgt.o
    0x08005204   0x08005204   0x00000004   Code   RO         1619    i.gpio_bit_reset    gd32c10x_gpio.o
    0x08005208   0x08005208   0x00000004   Code   RO         1620    i.gpio_bit_set      gd32c10x_gpio.o
    0x0800520c   0x0800520c   0x000000a4   Code   RO         1629    i.gpio_init         gd32c10x_gpio.o
    0x080052b0   0x080052b0   0x00000010   Code   RO         1634    i.gpio_pin_lock     gd32c10x_gpio.o
    0x080052c0   0x080052c0   0x0000006c   Code   RO         1635    i.gpio_pin_remap_config  gd32c10x_gpio.o
    0x0800532c   0x0800532c   0x000007d8   Code   RO            5    i.main              main.o
    0x08005b04   0x08005b04   0x00000004   PAD
    0x08005b08   0x08005b08   0x00000220   Code   RO          445    i.multi_encoder     encoder.o
    0x08005d28   0x08005d28   0x000000a4   Code   RO         1747    i.nvic_irq_enable   gd32c10x_misc.o
    0x08005dcc   0x08005dcc   0x00000014   Code   RO         1748    i.nvic_priority_group_set  gd32c10x_misc.o
    0x08005de0   0x08005de0   0x00000014   Code   RO         1749    i.nvic_vector_table_set  gd32c10x_misc.o
    0x08005df4   0x08005df4   0x000000b8   Code   RO          533    i.operation_mode_reset  motor_ctrl.o
    0x08005eac   0x08005eac   0x00000408   Code   RO          342    i.parse_frame       com_can.o
    0x080062b4   0x080062b4   0x00000054   Code   RO         1895    i.rcu_adc_clock_config  gd32c10x_rcu.o
    0x08006308   0x08006308   0x0000001c   Code   RO         1921    i.rcu_osci_on       gd32c10x_rcu.o
    0x08006324   0x08006324   0x0000014c   Code   RO         1922    i.rcu_osci_stab_wait  gd32c10x_rcu.o
    0x08006470   0x08006470   0x0000001c   Code   RO         1924    i.rcu_periph_clock_enable  gd32c10x_rcu.o
    0x0800648c   0x0800648c   0x0000001e   Code   RO         1927    i.rcu_periph_reset_disable  gd32c10x_rcu.o
    0x080064aa   0x080064aa   0x0000001c   Code   RO         1928    i.rcu_periph_reset_enable  gd32c10x_rcu.o
    0x080064c6   0x080064c6   0x00000002   PAD
    0x080064c8   0x080064c8   0x000005c8   Code   RO          536    i.servo_loop        motor_ctrl.o
    0x08006a90   0x08006a90   0x0000000a   Code   RO         3416    i.spi_enable        gd32c10x_spi.o
    0x08006a9a   0x08006a9a   0x00000006   Code   RO         3418    i.spi_i2s_data_receive  gd32c10x_spi.o
    0x08006aa0   0x08006aa0   0x00000004   Code   RO         3419    i.spi_i2s_data_transmit  gd32c10x_spi.o
    0x08006aa4   0x08006aa4   0x00000056   Code   RO         3420    i.spi_i2s_deinit    gd32c10x_spi.o
    0x08006afa   0x08006afa   0x0000000a   Code   RO         3421    i.spi_i2s_flag_get  gd32c10x_spi.o
    0x08006b04   0x08006b04   0x0000002e   Code   RO         3425    i.spi_init          gd32c10x_spi.o
    0x08006b32   0x08006b32   0x00000010   Code   RO         3432    i.spi_struct_para_init  gd32c10x_spi.o
    0x08006b42   0x08006b42   0x00000022   Code   RO         2178    i.timer_break_config  gd32c10x_timer.o
    0x08006b64   0x08006b64   0x00000012   Code   RO         2181    i.timer_break_struct_para_init  gd32c10x_timer.o
    0x08006b76   0x08006b76   0x0000003e   Code   RO         2184    i.timer_channel_complementary_output_state_config  gd32c10x_timer.o
    0x08006bb4   0x08006bb4   0x000001e8   Code   RO         2191    i.timer_channel_output_config  gd32c10x_timer.o
    0x08006d9c   0x08006d9c   0x00000050   Code   RO         2193    i.timer_channel_output_mode_config  gd32c10x_timer.o
    0x08006dec   0x08006dec   0x00000020   Code   RO         2195    i.timer_channel_output_pulse_value_config  gd32c10x_timer.o
    0x08006e0c   0x08006e0c   0x00000050   Code   RO         2196    i.timer_channel_output_shadow_config  gd32c10x_timer.o
    0x08006e5c   0x08006e5c   0x00000050   Code   RO         2197    i.timer_channel_output_state_config  gd32c10x_timer.o
    0x08006eac   0x08006eac   0x00000010   Code   RO         2198    i.timer_channel_output_struct_para_init  gd32c10x_timer.o
    0x08006ebc   0x08006ebc   0x00000194   Code   RO         2204    i.timer_deinit      gd32c10x_timer.o
    0x08007050   0x08007050   0x0000000a   Code   RO         2209    i.timer_enable      gd32c10x_timer.o
    0x0800705a   0x0800705a   0x00000006   Code   RO         2216    i.timer_flag_clear  gd32c10x_timer.o
    0x08007060   0x08007060   0x0000000a   Code   RO         2217    i.timer_flag_get    gd32c10x_timer.o
    0x0800706a   0x0800706a   0x00000002   PAD
    0x0800706c   0x0800706c   0x000000c0   Code   RO         2219    i.timer_init        gd32c10x_timer.o
    0x0800712c   0x0800712c   0x00000008   Code   RO         2226    i.timer_interrupt_enable  gd32c10x_timer.o
    0x08007134   0x08007134   0x00000006   Code   RO         2227    i.timer_interrupt_flag_clear  gd32c10x_timer.o
    0x0800713a   0x0800713a   0x00000012   Code   RO         2234    i.timer_primary_output_config  gd32c10x_timer.o
    0x0800714c   0x0800714c   0x00000004   Code   RO         2236    i.timer_repetition_value_config  gd32c10x_timer.o
    0x08007150   0x08007150   0x00000014   Code   RO         2239    i.timer_struct_para_init  gd32c10x_timer.o
    0x08007164   0x08007164   0x00000010   Data   RO          273    .constdata          soc.o
    0x08007174   0x08007174   0x00000010   Data   RO          344    .constdata          com_can.o
    0x08007184   0x08007184   0x00000670   Data   RO          541    .constdata          motor_ctrl.o
    0x080077f4   0x080077f4   0x000003d0   Data   RO          807    .constdata          od.o
    0x08007bc4   0x08007bc4   0x00000f04   Data   RO          958    .constdata          util.o
    0x08008ac8   0x08008ac8   0x00000040   Data   RO         4264    .constdata          m_wm.l(logf.o)
    0x08008b08   0x08008b08   0x00000020   Data   RO         4370    Region$$Table       anon$$obj.o


    Execution Region RW_IRAM1 (Exec base: 0x20000000, Load base: 0x08008b28, Size: 0x00007090, Max: 0x00008000, ABSOLUTE, COMPRESSED[0x000000c8])

    Exec Addr    Load Addr    Size         Type   Attr      Idx    E Section Name        Object

    0x20000000   COMPRESSED   0x00000010   Data   RW            6    .data               main.o
    0x20000010   COMPRESSED   0x00000006   Data   RW          274    .data               soc.o
    0x20000016   COMPRESSED   0x00000006   Data   RW          275    .data               soc.o
    0x2000001c   COMPRESSED   0x00000014   Data   RW          346    .data               com_can.o
    0x20000030   COMPRESSED   0x00003e88   Data   RW          447    .data               encoder.o
    0x20003eb8   COMPRESSED   0x00000004   Data   RW          448    .data               encoder.o
    0x20003ebc   COMPRESSED   0x00000004   PAD
    0x20003ec0   COMPRESSED   0x00000180   Data   RW          542    .data               motor_ctrl.o
    0x20004040   COMPRESSED   0x00000004   Data   RW          808    .data               od.o
    0x20004044   COMPRESSED   0x00000004   Data   RW          870    .data               dfu.o
    0x20004048   COMPRESSED   0x0000000c   Data   RW         4083    .data               eeprom_emul.o
    0x20004054   COMPRESSED   0x00000004   Data   RW         4357    .data               mc_w.l(errno.o)
    0x20004058        -       0x00002664   Zero   RW          343    .bss                com_can.o
    0x200066bc        -       0x00000080   Zero   RW          446    .bss                encoder.o
    0x2000673c   COMPRESSED   0x00000004   PAD
    0x20006740        -       0x00000028   Zero   RW          540    .bss                motor_ctrl.o
    0x20006768        -       0x00000054   Zero   RW          738    .bss                motion_planner.o
    0x200067bc        -       0x000000d4   Zero   RW          806    .bss                od.o
    0x20006890        -       0x00000800   Zero   RW         4055    STACK               startup_gd32c10x.o


==============================================================================

Image component sizes


      Code (inc. data)   RO Data    RW Data    ZI Data      Debug   Object Name

      1952        156         16         20       9828      16019   com_can.o
       340         30          0          4          0       4448   dfu.o
      2770         62          0         12          0      18381   eeprom_emul.o
      2466        204          0      16012        128       9687   encoder.o
       308          0          0          0          0       4289   fifo_buffer.o
       322         16          0          0          0       4945   flash_interface.o
       852          6          0          0          0      11795   gd32c10x_adc.o
      1174         28          0          0          0       8585   gd32c10x_can.o
        16          6          0          0          0        564   gd32c10x_dbg.o
       248          0          0          0          0       3562   gd32c10x_dma.o
       252         38          0          0          0       4971   gd32c10x_fmc.o
       104         14          0          0          0       1374   gd32c10x_fwdgt.o
       296          6          0          0          0       3640   gd32c10x_gpio.o
        80         10          0          0          0       5074   gd32c10x_it.o
       204         20          0          0          0       2684   gd32c10x_misc.o
       530         38          0          0          0       5656   gd32c10x_rcu.o
       178          0          0          0          0       5170   gd32c10x_spi.o
      1568         28          0          0          0      14661   gd32c10x_timer.o
      2050        108          0         16          0     113845   main.o
      1420         78          0          0         84      12896   motion_planner.o
      5352        526       1648        384         40      29554   motor_ctrl.o
      1344         94        976          4        212       9327   od.o
       190          6          0          0          0       2572   pid.o
      1390         74         16         12          0       9103   soc.o
        36          8        336          0       2048        864   startup_gd32c10x.o
       248         18          0          0          0       1521   system_gd32c10x.o
       446         40       3844          0          0       4276   util.o

    ----------------------------------------------------------------------
     26164       1618       6868      16468      12344     309463   Object Totals
         0          0         32          0          0          0   (incl. Generated)
        28          4          0          4          4          0   (incl. Padding)

    ----------------------------------------------------------------------

      Code (inc. data)   RO Data    RW Data    ZI Data      Debug   Library Member Name

       280         28          0          0          0        156   floor.o
       112         14          0          0          0        116   floorf.o
        42         12          0          0          0        348   funder.o
       364         44         64          0          0        140   logf.o
        58          0          0          0          0        136   sqrtf.o
        58          0          0          0          0          0   __dczerorl.o
         0          0          0          0          0          0   entry.o
         0          0          0          0          0          0   entry10a.o
         0          0          0          0          0          0   entry11a.o
         4          0          0          0          0          0   entry12b.o
         8          4          0          0          0          0   entry2.o
         4          0          0          0          0          0   entry5.o
         0          0          0          0          0          0   entry7b.o
         0          0          0          0          0          0   entry8b.o
         8          4          0          0          0          0   entry9a.o
        12          6          0          4          0         68   errno.o
        30          0          0          0          0          0   handlers.o
        36          8          0          0          0         68   init.o
         0          0          0          0          0          0   iusefp.o
        98          0          0          0          0         84   ldiv.o
        30          0          0          0          0         68   llshl.o
        36          0          0          0          0         68   llsshr.o
        32          0          0          0          0         68   llushr.o
        36          0          0          0          0         68   memcpya.o
        36          0          0          0          0        108   memseta.o
        98          0          0          0          0         92   uldiv.o
        48          0          0          0          0         68   cdrcmple.o
       334          0          0          0          0        148   dadd.o
       186          0          0          0          0        176   depilogue.o
        62          0          0          0          0         80   dfixi.o
        34          0          0          0          0         76   dflti.o
        26          0          0          0          0         76   dfltui.o
       228          0          0          0          0         96   dmul.o
       110          0          0          0          0        168   fepilogue.o
        66          0          0          0          0         76   ffixl.o
        44          0          0          0          0         92   ffltl.o

    ----------------------------------------------------------------------
      2528        120         64          4          0       2644   Library Totals
         8          0          0          0          0          0   (incl. Padding)

    ----------------------------------------------------------------------

      Code (inc. data)   RO Data    RW Data    ZI Data      Debug   Library Name

       856         98         64          0          0        896   m_wm.l
       526         22          0          4          0        692   mc_w.l
      1138          0          0          0          0       1056   mf_w.l

    ----------------------------------------------------------------------
      2528        120         64          4          0       2644   Library Totals

    ----------------------------------------------------------------------

==============================================================================


      Code (inc. data)   RO Data    RW Data    ZI Data      Debug   

     28692       1738       6932      16472      12344     294207   Grand Totals
     28692       1738       6932        200      12344     294207   ELF Image Totals (compressed)
     28692       1738       6932        200          0          0   ROM Totals

==============================================================================

    Total RO  Size (Code + RO Data)                35624 (  34.79kB)
    Total RW  Size (RW Data + ZI Data)             28816 (  28.14kB)
    Total ROM Size (Code + RO Data + RW Data)      35824 (  34.98kB)

==============================================================================

