Component: ARM Compiler 5.06 update 6 (build 750) Tool: armlink [4d35ed]

==============================================================================

Section Cross References

    main.o(i.Error_Handler) refers to gd32c10x_timer.o(i.timer_primary_output_config) for timer_primary_output_config
    main.o(i.main) refers to gd32c10x_rcu.o(i.rcu_periph_clock_enable) for rcu_periph_clock_enable
    main.o(i.main) refers to gd32c10x_rcu.o(i.rcu_adc_clock_config) for rcu_adc_clock_config
    main.o(i.main) refers to gd32c10x_gpio.o(i.gpio_bit_reset) for gpio_bit_reset
    main.o(i.main) refers to gd32c10x_gpio.o(i.gpio_init) for gpio_init
    main.o(i.main) refers to gd32c10x_gpio.o(i.gpio_bit_set) for gpio_bit_set
    main.o(i.main) refers to gd32c10x_gpio.o(i.gpio_pin_remap_config) for gpio_pin_remap_config
    main.o(i.main) refers to gd32c10x_spi.o(i.spi_i2s_deinit) for spi_i2s_deinit
    main.o(i.main) refers to gd32c10x_spi.o(i.spi_struct_para_init) for spi_struct_para_init
    main.o(i.main) refers to gd32c10x_spi.o(i.spi_init) for spi_init
    main.o(i.main) refers to gd32c10x_spi.o(i.spi_enable) for spi_enable
    main.o(i.main) refers to gd32c10x_dma.o(i.dma_deinit) for dma_deinit
    main.o(i.main) refers to gd32c10x_dma.o(i.dma_init) for dma_init
    main.o(i.main) refers to gd32c10x_dma.o(i.dma_circulation_enable) for dma_circulation_enable
    main.o(i.main) refers to gd32c10x_dma.o(i.dma_channel_enable) for dma_channel_enable
    main.o(i.main) refers to gd32c10x_adc.o(i.adc_deinit) for adc_deinit
    main.o(i.main) refers to gd32c10x_adc.o(i.adc_mode_config) for adc_mode_config
    main.o(i.main) refers to gd32c10x_adc.o(i.adc_special_function_config) for adc_special_function_config
    main.o(i.main) refers to gd32c10x_adc.o(i.adc_resolution_config) for adc_resolution_config
    main.o(i.main) refers to gd32c10x_adc.o(i.adc_data_alignment_config) for adc_data_alignment_config
    main.o(i.main) refers to gd32c10x_adc.o(i.adc_dma_mode_enable) for adc_dma_mode_enable
    main.o(i.main) refers to gd32c10x_adc.o(i.adc_channel_length_config) for adc_channel_length_config
    main.o(i.main) refers to gd32c10x_adc.o(i.adc_inserted_channel_config) for adc_inserted_channel_config
    main.o(i.main) refers to gd32c10x_adc.o(i.adc_external_trigger_source_config) for adc_external_trigger_source_config
    main.o(i.main) refers to gd32c10x_adc.o(i.adc_external_trigger_config) for adc_external_trigger_config
    main.o(i.main) refers to gd32c10x_adc.o(i.adc_regular_channel_config) for adc_regular_channel_config
    main.o(i.main) refers to gd32c10x_timer.o(i.timer_deinit) for timer_deinit
    main.o(i.main) refers to gd32c10x_timer.o(i.timer_struct_para_init) for timer_struct_para_init
    main.o(i.main) refers to gd32c10x_timer.o(i.timer_init) for timer_init
    main.o(i.main) refers to gd32c10x_timer.o(i.timer_channel_output_struct_para_init) for timer_channel_output_struct_para_init
    main.o(i.main) refers to gd32c10x_timer.o(i.timer_channel_output_config) for timer_channel_output_config
    main.o(i.main) refers to gd32c10x_timer.o(i.timer_channel_output_pulse_value_config) for timer_channel_output_pulse_value_config
    main.o(i.main) refers to gd32c10x_timer.o(i.timer_channel_output_mode_config) for timer_channel_output_mode_config
    main.o(i.main) refers to gd32c10x_timer.o(i.timer_channel_output_shadow_config) for timer_channel_output_shadow_config
    main.o(i.main) refers to gd32c10x_timer.o(i.timer_break_struct_para_init) for timer_break_struct_para_init
    main.o(i.main) refers to gd32c10x_timer.o(i.timer_break_config) for timer_break_config
    main.o(i.main) refers to gd32c10x_timer.o(i.timer_interrupt_flag_clear) for timer_interrupt_flag_clear
    main.o(i.main) refers to gd32c10x_timer.o(i.timer_interrupt_enable) for timer_interrupt_enable
    main.o(i.main) refers to gd32c10x_timer.o(i.timer_enable) for timer_enable
    main.o(i.main) refers to gd32c10x_gpio.o(i.gpio_pin_lock) for gpio_pin_lock
    main.o(i.main) refers to soc.o(.data) for adc_buff
    main.o(i.main) refers to gd32c10x_misc.o(i.nvic_priority_group_set) for nvic_priority_group_set
    main.o(i.main) refers to gd32c10x_rcu.o(i.rcu_osci_on) for rcu_osci_on
    main.o(i.main) refers to gd32c10x_rcu.o(i.rcu_osci_stab_wait) for rcu_osci_stab_wait
    main.o(i.main) refers to gd32c10x_fwdgt.o(i.fwdgt_config) for fwdgt_config
    main.o(i.main) refers to soc.o(i.SOC_init) for SOC_init
    main.o(i.main) refers to od.o(i.OD_init) for OD_init
    main.o(i.main) refers to motor_ctrl.o(i.MC_init) for MC_init
    main.o(i.main) refers to com_can.o(i.COM_CAN_init) for COM_CAN_init
    main.o(i.main) refers to encoder.o(i.ENCODER_init) for ENCODER_init
    main.o(i.main) refers to soc.o(i.SOC_calibration_offset) for SOC_calibration_offset
    main.o(i.main) refers to com_can.o(i.COM_CAN_report_err) for COM_CAN_report_err
    main.o(i.main) refers to gd32c10x_fwdgt.o(i.fwdgt_enable) for fwdgt_enable
[...]
    i.ADC0_1_IRQHandler                      0x08000410   Section        0  gd32c10x_it.o(i.ADC0_1_IRQHandler)
    i.BusFault_Handler                       0x08000424   Section        0  gd32c10x_it.o(i.BusFault_Handler)
    i.CAN0_RX0_IRQHandler                    0x08000428   Section        0  gd32c10x_it.o(i.CAN0_RX0_IRQHandler)
    i.COM_CAN_init                           0x0800042c   Section        0  com_can.o(i.COM_CAN_init)
    i.COM_CAN_loop                           0x08000498   Section        0  com_can.o(i.COM_CAN_loop)
    i.COM_CAN_plot_value                     0x08000880   Section        0  com_can.o(i.COM_CAN_plot_value)
    i.COM_CAN_report_bootup                  0x080008e4   Section        0  com_can.o(i.COM_CAN_report_bootup)
    i.COM_CAN_report_err                     0x0800091c   Section        0  com_can.o(i.COM_CAN_report_err)
    i.COM_CAN_report_frame                   0x08000990   Section        0  com_can.o(i.COM_CAN_report_frame)
    i.COM_CAN_rx_callback                    0x080009b0   Section        0  com_can.o(i.COM_CAN_rx_callback)
    i.DFU_data                               0x08000a6c   Section        0  dfu.o(i.DFU_data)
    i.DFU_jump_to_bootloader                 0x08000af0   Section        0  dfu.o(i.DFU_jump_to_bootloader)
    i.DFU_start                              0x08000b54   Section        0  dfu.o(i.DFU_start)
    i.DebugMon_Handler                       0x08000bc0   Section        0  gd32c10x_it.o(i.DebugMon_Handler)
    i.EE_CleanUp                             0x08000bc4   Section        0  eeprom_emul.o(i.EE_CleanUp)
    i.EE_Format                              0x08000c24   Section        0  eeprom_emul.o(i.EE_Format)
    i.EE_Init                                0x08000cb0   Section        0  eeprom_emul.o(i.EE_Init)
    i.EE_ReadVariable16bits                  0x08001020   Section        0  eeprom_emul.o(i.EE_ReadVariable16bits)
    i.EE_ReadVariable32bits                  0x08001048   Section        0  eeprom_emul.o(i.EE_ReadVariable32bits)
    i.EE_ReadVariable8bits                   0x08001070   Section        0  eeprom_emul.o(i.EE_ReadVariable8bits)
    i.EE_WriteVariable16bits                 0x08001098   Section        0  eeprom_emul.o(i.EE_WriteVariable16bits)
    i.EE_WriteVariable32bits                 0x080010c6   Section        0  eeprom_emul.o(i.EE_WriteVariable32bits)
    i.EE_WriteVariable8bits                  0x080010f4   Section        0  eeprom_emul.o(i.EE_WriteVariable8bits)
    i.ENCODER_EX_read                        0x08001124   Section        0  encoder.o(i.ENCODER_EX_read)
    i.ENCODER_calib_end                      0x08001194   Section        0  encoder.o(i.ENCODER_calib_end)
    i.ENCODER_calib_loop                     0x08001198   Section        0  encoder.o(i.ENCODER_calib_loop)
    i.ENCODER_calib_start                    0x08001558   Section        0  encoder.o(i.ENCODER_calib_start)
    i.ENCODER_init                           0x08001584   Section        0  encoder.o(i.ENCODER_init)
    i.ENCODER_loop                           0x080015d4   Section        0  encoder.o(i.ENCODER_loop)
    i.Error_Handler                          0x080018a0   Section        0  main.o(i.Error_Handler)
    i.FI_CacheFlush                          0x080018b0   Section        0  flash_interface.o(i.FI_CacheFlush)
    i.FI_PageErase                           0x080018b4   Section        0  flash_interface.o(i.FI_PageErase)
    i.FI_WriteDoubleWord                     0x0800190c   Section        0  flash_interface.o(i.FI_WriteDoubleWord)
    i.FI_flash_erase_page                    0x08001960   Section        0  flash_interface.o(i.FI_flash_erase_page)
    i.FI_flash_write                         0x0800199c   Section        0  flash_interface.o(i.FI_flash_write)
    i.FindPage                               0x080019f4   Section        0  eeprom_emul.o(i.FindPage)
    FindPage                                 0x080019f5   Thumb Code   376  eeprom_emul.o(i.FindPage)
    i.GetPageState                           0x08001b74   Section        0  eeprom_emul.o(i.GetPageState)
    GetPageState                             0x08001b75   Thumb Code    78  eeprom_emul.o(i.GetPageState)
    i.HardFault_Handler                      0x08001bc2   Section        0  gd32c10x_it.o(i.HardFault_Handler)
    i.MC_controlword_update                  0x08001bc8   Section        0  motor_ctrl.o(i.MC_controlword_update)
    i.MC_ctrl_param_update                   0x08001c6c   Section        0  motor_ctrl.o(i.MC_ctrl_param_update)
    i.MC_get_state                           0x08001d94   Section        0  motor_ctrl.o(i.MC_get_state)
    i.MC_high_priority_task                  0x08001da0   Section        0  motor_ctrl.o(i.MC_high_priority_task)
    i.MC_init                                0x08002158   Section        0  motor_ctrl.o(i.MC_init)
    i.MC_low_priority_task                   0x080021b0   Section        0  motor_ctrl.o(i.MC_low_priority_task)
    i.MC_modulate                            0x0800249c   Section        0  motor_ctrl.o(i.MC_modulate)
    i.MC_pdo_interp_position                 0x08002738   Section        0  motor_ctrl.o(i.MC_pdo_interp_position)
    i.MC_pdo_profile_position                0x08002758   Section        0  motor_ctrl.o(i.MC_pdo_profile_position)
    i.MC_pdo_profile_torque                  0x08002798   Section        0  motor_ctrl.o(i.MC_pdo_profile_torque)
    i.MC_pdo_profile_velocity                0x0800280c   Section        0  motor_ctrl.o(i.MC_pdo_profile_velocity)
    i.MC_position_update                     0x080028a0   Section        0  motor_ctrl.o(i.MC_position_update)
    i.MC_profile_update                      0x080028f8   Section        0  motor_ctrl.o(i.MC_profile_update)
    i.MC_set_state                           0x08002928   Section        0  motor_ctrl.o(i.MC_set_state)
    i.MC_target_sync                         0x08002970   Section        0  motor_ctrl.o(i.MC_target_sync)
    i.MC_torque_update                       0x08002980   Section        0  motor_ctrl.o(i.MC_torque_update)
    i.MC_velocity_update                     0x08002a14   Section        0  motor_ctrl.o(i.MC_velocity_update)
    i.MP_is_run                              0x08002abc   Section        0  motion_planner.o(i.MP_is_run)
    i.MP_reset                               0x08002ac8   Section        0  motion_planner.o(i.MP_reset)
    i.MP_trapezoid_pos_calculate             0x08002ad8   Section        0  motion_planner.o(i.MP_trapezoid_pos_calculate)
    i.MP_trapezoid_pos_execute               0x08002d04   Section        0  motion_planner.o(i.MP_trapezoid_pos_execute)
    i.MP_trapezoid_torque_calculate          0x08002e60   Section        0  motion_planner.o(i.MP_trapezoid_torque_calculate)
    i.MP_trapezoid_torque_execute            0x08002eb0   Section        0  motion_planner.o(i.MP_trapezoid_torque_execute)
    i.MP_trapezoid_vel_calculate             0x08002f08   Section        0  motion_planner.o(i.MP_trapezoid_vel_calculate)
    i.MP_trapezoid_vel_execute               0x08002fc0   Section        0  motion_planner.o(i.MP_trapezoid_vel_execute)
    i.MemManage_Handler                      0x08003048   Section        0  gd32c10x_it.o(i.MemManage_Handler)
    i.NMI_Handler                            0x0800304c   Section        0  gd32c10x_it.o(i.NMI_Handler)
    i.OD_init                                0x08003050   Section        0  od.o(i.OD_init)
    i.OD_read                                0x080030bc   Section        0  od.o(i.OD_read)
    i.OD_restore_defalt                      0x0800313c   Section        0  od.o(i.OD_restore_defalt)
    i.OD_write_1                             0x08003170   Section        0  od.o(i.OD_write_1)
    i.OD_write_2                             0x080031dc   Section        0  od.o(i.OD_write_2)
    i.OD_write_4                             0x08003248   Section        0  od.o(i.OD_write_4)
    i.PID_reset                              0x080032b4   Section        0  pid.o(i.PID_reset)
    i.PID_setting                            0x080032cc   Section        0  pid.o(i.PID_setting)
    i.PI_compute_serial                      0x080032e6   Section        0  pid.o(i.PI_compute_serial)
    i.PagesTransfer                          0x08003374   Section        0  eeprom_emul.o(i.PagesTransfer)
    PagesTransfer                            0x08003375   Thumb Code   410  eeprom_emul.o(i.PagesTransfer)
    i.PendSV_Handler                         0x08003518   Section        0  gd32c10x_it.o(i.PendSV_Handler)
    i.ReadVariable                           0x0800351c   Section        0  eeprom_emul.o(i.ReadVariable)
    ReadVariable                             0x0800351d   Thumb Code   208  eeprom_emul.o(i.ReadVariable)
    i.SOC_calibration_offset                 0x080035f0   Section        0  soc.o(i.SOC_calibration_offset)
    i.SOC_can_init                           0x080036b4   Section        0  soc.o(i.SOC_can_init)
    i.SOC_can_is_tx_busy                     0x08003860   Section        0  soc.o(i.SOC_can_is_tx_busy)
    i.SOC_can_transmit                       0x08003888   Section        0  soc.o(i.SOC_can_transmit)
    i.SOC_can_transmit_block                 0x08003988   Section        0  soc.o(i.SOC_can_transmit_block)
    i.SOC_init                               0x080039a0   Section        0  soc.o(i.SOC_init)
    i.SOC_pwm_disable                        0x08003a84   Section        0  soc.o(i.SOC_pwm_disable)
    i.SOC_pwm_enable                         0x08003ae8   Section        0  soc.o(i.SOC_pwm_enable)
    i.SVC_Handler                            0x08003b60   Section        0  gd32c10x_it.o(i.SVC_Handler)
    i.SetPageState                           0x08003b64   Section        0  eeprom_emul.o(i.SetPageState)
    SetPageState                             0x08003b65   Thumb Code   128  eeprom_emul.o(i.SetPageState)
    i.SystemInit                             0x08003bf4   Section        0  system_gd32c10x.o(i.SystemInit)
    i.TIMER1_IRQHandler                      0x08003cec   Section        0  gd32c10x_it.o(i.TIMER1_IRQHandler)
    i.UsageFault_Handler                     0x08003d04   Section        0  gd32c10x_it.o(i.UsageFault_Handler)
    i.VerifyPagesFullWriteVariable           0x08003d08   Section        0  eeprom_emul.o(i.VerifyPagesFullWriteVariable)
    VerifyPagesFullWriteVariable             0x08003d09   Thumb Code   154  eeprom_emul.o(i.VerifyPagesFullWriteVariable)
    i.__hardfp_floorf                        0x08003da8   Section        0  floorf.o(i.__hardfp_floorf)
    i.__hardfp_logf                          0x08003e18   Section        0  logf.o(i.__hardfp_logf)
    i.__hardfp_sqrtf                         0x08003f84   Section        0  sqrtf.o(i.__hardfp_sqrtf)
    i.__mathlib_flt_divzero                  0x08003fc0   Section        0  funder.o(i.__mathlib_flt_divzero)
    i.__mathlib_flt_infnan                   0x08003fd4   Section        0  funder.o(i.__mathlib_flt_infnan)
    i.__mathlib_flt_invalid                  0x08003fdc   Section        0  funder.o(i.__mathlib_flt_invalid)
    i.__scatterload_copy                     0x08003fec   Section       14  handlers.o(i.__scatterload_copy)
    i.__scatterload_null                     0x08003ffa   Section        2  handlers.o(i.__scatterload_null)
    i.__scatterload_zeroinit                 0x08003ffc   Section       14  handlers.o(i.__scatterload_zeroinit)
    i.__set_errno                            0x0800400c   Section        0  errno.o(i.__set_errno)
    i.adc_calibration_enable                 0x08004018   Section        0  gd32c10x_adc.o(i.adc_calibration_enable)
    i.adc_channel_length_config              0x0800403a   Section        0  gd32c10x_adc.o(i.adc_channel_length_config)
    i.adc_data_alignment_config              0x08004072   Section        0  gd32c10x_adc.o(i.adc_data_alignment_config)
    i.adc_deinit                             0x08004084   Section        0  gd32c10x_adc.o(i.adc_deinit)
    i.adc_dma_mode_enable                    0x080040c0   Section        0  gd32c10x_adc.o(i.adc_dma_mode_enable)
    i.adc_enable                             0x080040ca   Section        0  gd32c10x_adc.o(i.adc_enable)
    i.adc_external_trigger_config            0x080040de   Section        0  gd32c10x_adc.o(i.adc_external_trigger_config)
    i.adc_external_trigger_source_config     0x0800411c   Section        0  gd32c10x_adc.o(i.adc_external_trigger_source_config)
    i.adc_inserted_channel_config            0x08004146   Section        0  gd32c10x_adc.o(i.adc_inserted_channel_config)
    i.adc_interrupt_disable                  0x080041b6   Section        0  gd32c10x_adc.o(i.adc_interrupt_disable)
    i.adc_interrupt_enable                   0x080041e4   Section        0  gd32c10x_adc.o(i.adc_interrupt_enable)
    i.adc_interrupt_flag_clear               0x08004212   Section        0  gd32c10x_adc.o(i.adc_interrupt_flag_clear)
    i.adc_mode_config                        0x0800421c   Section        0  gd32c10x_adc.o(i.adc_mode_config)
    i.adc_regular_channel_config             0x08004234   Section        0  gd32c10x_adc.o(i.adc_regular_channel_config)
    i.adc_resolution_config                  0x080042da   Section        0  gd32c10x_adc.o(i.adc_resolution_config)
    i.adc_software_trigger_enable            0x080042f2   Section        0  gd32c10x_adc.o(i.adc_software_trigger_enable)
    i.adc_special_function_config            0x08004312   Section        0  gd32c10x_adc.o(i.adc_special_function_config)
    i.arm_cos_f32                            0x0800436c   Section        0  util.o(i.arm_cos_f32)
    i.arm_sin_f32                            0x080043f0   Section        0  util.o(i.arm_sin_f32)
    i.can1_filter_start_bank                 0x08004470   Section        0  gd32c10x_can.o(i.can1_filter_start_bank)
    i.can_deinit                             0x080044a0   Section        0  gd32c10x_can.o(i.can_deinit)
    i.can_fd_init                            0x080044d4   Section        0  gd32c10x_can.o(i.can_fd_init)
    i.can_filter_init                        0x080045c0   Section        0  gd32c10x_can.o(i.can_filter_init)
    i.can_init                               0x080046b4   Section        0  gd32c10x_can.o(i.can_init)
    i.can_interrupt_disable                  0x08004822   Section        0  gd32c10x_can.o(i.can_interrupt_disable)
    i.can_interrupt_enable                   0x0800482c   Section        0  gd32c10x_can.o(i.can_interrupt_enable)
    i.can_transmission_stop                  0x08004834   Section        0  gd32c10x_can.o(i.can_transmission_stop)
    i.can_working_mode_set                   0x08004876   Section        0  gd32c10x_can.o(i.can_working_mode_set)
    i.crc16                                  0x08004908   Section        0  util.o(i.crc16)
    i.crc32                                  0x0800495c   Section        0  util.o(i.crc32)
    i.dbg_periph_enable                      0x080049ac   Section        0  gd32c10x_dbg.o(i.dbg_periph_enable)
    i.delay_ms                               0x080049bc   Section        0  main.o(i.delay_ms)
    i.dictionary_init                        0x080049d8   Section        0  od.o(i.dictionary_init)
    dictionary_init                          0x080049d9   Thumb Code   334  od.o(i.dictionary_init)
    i.dma_channel_enable                     0x08004b64   Section        0  gd32c10x_dma.o(i.dma_channel_enable)
    i.dma_circulation_enable                 0x08004b86   Section        0  gd32c10x_dma.o(i.dma_circulation_enable)
    i.dma_deinit                             0x08004ba8   Section        0  gd32c10x_dma.o(i.dma_deinit)
    i.dma_init                               0x08004be2   Section        0  gd32c10x_dma.o(i.dma_init)
    i.fifoBuf_getData                        0x08004c5c   Section        0  fifo_buffer.o(i.fifoBuf_getData)
    i.fifoBuf_getUsed                        0x08004ce2   Section        0  fifo_buffer.o(i.fifoBuf_getUsed)
    i.fifoBuf_init                           0x08004cfa   Section        0  fifo_buffer.o(i.fifoBuf_init)
    i.fifoBuf_putData                        0x08004d06   Section        0  fifo_buffer.o(i.fifoBuf_putData)
    i.find_entry                             0x08004d90   Section        0  od.o(i.find_entry)
    i.float_to_data                          0x08004df0   Section        0  util.o(i.float_to_data)
    i.fmc_flag_clear                         0x08004e08   Section        0  gd32c10x_fmc.o(i.fmc_flag_clear)
    i.fmc_lock                               0x08004e14   Section        0  gd32c10x_fmc.o(i.fmc_lock)
    i.fmc_page_erase                         0x08004e24   Section        0  gd32c10x_fmc.o(i.fmc_page_erase)
    i.fmc_ready_wait                         0x08004e60   Section        0  gd32c10x_fmc.o(i.fmc_ready_wait)
    fmc_ready_wait                           0x08004e61   Thumb Code    68  gd32c10x_fmc.o(i.fmc_ready_wait)
    i.fmc_unlock                             0x08004ea8   Section        0  gd32c10x_fmc.o(i.fmc_unlock)
    i.fmc_word_program                       0x08004ecc   Section        0  gd32c10x_fmc.o(i.fmc_word_program)
    i.fwdgt_config                           0x08004f04   Section        0  gd32c10x_fwdgt.o(i.fwdgt_config)
    i.fwdgt_enable                           0x08004f5c   Section        0  gd32c10x_fwdgt.o(i.fwdgt_enable)
    i.gpio_bit_reset                         0x08004f6c   Section        0  gd32c10x_gpio.o(i.gpio_bit_reset)
    i.gpio_bit_set                           0x08004f70   Section        0  gd32c10x_gpio.o(i.gpio_bit_set)
    i.gpio_init                              0x08004f74   Section        0  gd32c10x_gpio.o(i.gpio_init)
    i.gpio_pin_lock                          0x08005018   Section        0  gd32c10x_gpio.o(i.gpio_pin_lock)
    i.gpio_pin_remap_config                  0x08005028   Section        0  gd32c10x_gpio.o(i.gpio_pin_remap_config)
    i.main                                   0x08005094   Section        0  main.o(i.main)
    i.nvic_irq_enable                        0x080057e4   Section        0  gd32c10x_misc.o(i.nvic_irq_enable)
    i.nvic_priority_group_set                0x08005888   Section        0  gd32c10x_misc.o(i.nvic_priority_group_set)
    i.nvic_vector_table_set                  0x0800589c   Section        0  gd32c10x_misc.o(i.nvic_vector_table_set)
    i.operation_mode_reset                   0x080058b0   Section        0  motor_ctrl.o(i.operation_mode_reset)
    operation_mode_reset                     0x080058b1   Thumb Code   162  motor_ctrl.o(i.operation_mode_reset)
    i.rcu_adc_clock_config                   0x08005968   Section        0  gd32c10x_rcu.o(i.rcu_adc_clock_config)
    i.rcu_osci_on                            0x080059bc   Section        0  gd32c10x_rcu.o(i.rcu_osci_on)
    i.rcu_osci_stab_wait                     0x080059d8   Section        0  gd32c10x_rcu.o(i.rcu_osci_stab_wait)
    i.rcu_periph_clock_enable                0x08005b24   Section        0  gd32c10x_rcu.o(i.rcu_periph_clock_enable)
    i.rcu_periph_reset_disable               0x08005b40   Section        0  gd32c10x_rcu.o(i.rcu_periph_reset_disable)
    i.rcu_periph_reset_enable                0x08005b5e   Section        0  gd32c10x_rcu.o(i.rcu_periph_reset_enable)
    i.servo_loop                             0x08005b7c   Section        0  motor_ctrl.o(i.servo_loop)
    servo_loop                               0x08005b7d   Thumb Code  1480  motor_ctrl.o(i.servo_loop)
    i.spi_enable                             0x08006144   Section        0  gd32c10x_spi.o(i.spi_enable)
    i.spi_i2s_data_receive                   0x0800614e   Section        0  gd32c10x_spi.o(i.spi_i2s_data_receive)
    i.spi_i2s_data_transmit                  0x08006154   Section        0  gd32c10x_spi.o(i.spi_i2s_data_transmit)
    i.spi_i2s_deinit                         0x08006158   Section        0  gd32c10x_spi.o(i.spi_i2s_deinit)
    i.spi_i2s_flag_get                       0x080061ae   Section        0  gd32c10x_spi.o(i.spi_i2s_flag_get)
    i.spi_init                               0x080061b8   Section        0  gd32c10x_spi.o(i.spi_init)
    i.spi_struct_para_init                   0x080061e6   Section        0  gd32c10x_spi.o(i.spi_struct_para_init)
    i.timer_break_config                     0x080061f6   Section        0  gd32c10x_timer.o(i.timer_break_config)
    i.timer_break_struct_para_init           0x08006218   Section        0  gd32c10x_timer.o(i.timer_break_struct_para_init)
    i.timer_channel_complementary_output_state_config 0x0800622a   Section        0  gd32c10x_timer.o(i.timer_channel_complementary_output_state_config)
    i.timer_channel_output_config            0x08006268   Section        0  gd32c10x_timer.o(i.timer_channel_output_config)
    i.timer_channel_output_mode_config       0x08006450   Section        0  gd32c10x_timer.o(i.timer_channel_output_mode_config)
    i.timer_channel_output_pulse_value_config 0x080064a0   Section        0  gd32c10x_timer.o(i.timer_channel_output_pulse_value_config)
    i.timer_channel_output_shadow_config     0x080064c0   Section        0  gd32c10x_timer.o(i.timer_channel_output_shadow_config)
    i.timer_channel_output_state_config      0x08006510   Section        0  gd32c10x_timer.o(i.timer_channel_output_state_config)
    i.timer_channel_output_struct_para_init  0x08006560   Section        0  gd32c10x_timer.o(i.timer_channel_output_struct_para_init)
    i.timer_deinit                           0x08006570   Section        0  gd32c10x_timer.o(i.timer_deinit)
    i.timer_enable                           0x08006704   Section        0  gd32c10x_timer.o(i.timer_enable)
    i.timer_flag_clear                       0x0800670e   Section        0  gd32c10x_timer.o(i.timer_flag_clear)
    i.timer_flag_get                         0x08006714   Section        0  gd32c10x_timer.o(i.timer_flag_get)
    i.timer_init                             0x08006720   Section        0  gd32c10x_timer.o(i.timer_init)
    i.timer_interrupt_enable                 0x080067e0   Section        0  gd32c10x_timer.o(i.timer_interrupt_enable)
    i.timer_interrupt_flag_clear             0x080067e8   Section        0  gd32c10x_timer.o(i.timer_interrupt_flag_clear)
    i.timer_primary_output_config            0x080067ee   Section        0  gd32c10x_timer.o(i.timer_primary_output_config)
    i.timer_repetition_value_config          0x08006800   Section        0  gd32c10x_timer.o(i.timer_repetition_value_config)
    i.timer_struct_para_init                 0x08006804   Section        0  gd32c10x_timer.o(i.timer_struct_para_init)
    .constdata                               0x08006818   Section       16  soc.o(.constdata)
    dlc_to_len_table                         0x08006818   Data          16  soc.o(.constdata)
    .constdata                               0x08006828   Section       16  com_can.o(.constdata)
    dlc_to_len_table                         0x08006828   Data          16  com_can.o(.constdata)
    .constdata                               0x08006838   Section      976  od.o(.constdata)
    ODList                                   0x08006838   Data         976  od.o(.constdata)
    .constdata                               0x08006c08   Section     3844  util.o(.constdata)
    sinTable_f32                             0x08006c08   Data        2052  util.o(.constdata)
    crc8_table                               0x0800740c   Data         256  util.o(.constdata)
    crc16_table                              0x0800750c   Data         512  util.o(.constdata)
    crc32_table                              0x0800770c   Data        1024  util.o(.constdata)
    .constdata                               0x08007b0c   Section       64  logf.o(.constdata)
    logahi                                   0x08007b0c   Data          32  logf.o(.constdata)
    logalo                                   0x08007b2c   Data          32  logf.o(.constdata)
    .data                                    0x20000000   Section       16  main.o(.data)
    tick                                     0x20000000   Data           2  main.o(.data)
    tick                                     0x20000008   Data           4  main.o(.data)
    tick_100Hz                               0x2000000c   Data           4  main.o(.data)
    .data                                    0x20000010   Section        6  soc.o(.data)
    .data                                    0x20000016   Section        6  soc.o(.data)
    .data                                    0x2000001c   Section       16  com_can.o(.data)
    mNodeID                                  0x2000001c   Data           1  com_can.o(.data)
    mHeartBeatProducerTime                   0x2000001e   Data           2  com_can.o(.data)
    mHeartBeatConsumerTime                   0x20000020   Data           2  com_can.o(.data)
    mHeartbeatProducerTick                   0x20000024   Data           4  com_can.o(.data)
    mHeartbeatConsumerTick                   0x20000028   Data           4  com_can.o(.data)
    .data                                    0x20000030   Section    15976  encoder.o(.data)
    count_raw_start                          0x20000030   Data           4  encoder.o(.data)
    .data                                    0x20003e98   Section      336  motor_ctrl.o(.data)
    mIsTPDOReport                            0x20003e98   Data           1  motor_ctrl.o(.data)
    is_plot                                  0x20003e99   Data           1  motor_ctrl.o(.data)
    tick                                     0x20003e9a   Data           1  motor_ctrl.o(.data)
    mFSM                                     0x20003e9b   Data           3  motor_ctrl.o(.data)
    tick_100                                 0x20003ea4   Data           4  motor_ctrl.o(.data)
    tick_2000                                0x20003ea8   Data           4  motor_ctrl.o(.data)
    zero_speed_tick                          0x20003eac   Data           4  motor_ctrl.o(.data)
    last_value                               0x20003eb0   Data           4  motor_ctrl.o(.data)
    over_torque_dpp                          0x20003eb4   Data           4  motor_ctrl.o(.data)
    mElecGear                                0x20003eb8   Data           4  motor_ctrl.o(.data)
    mElecGearInvers                          0x20003ebc   Data           4  motor_ctrl.o(.data)
    mProfileVelocity                         0x20003ec0   Data           4  motor_ctrl.o(.data)
    mProfileAcceleration                     0x20003ec4   Data           4  motor_ctrl.o(.data)
    mProfileDeceleration                     0x20003ec8   Data           4  motor_ctrl.o(.data)
    mProfileTorqueSlope                      0x20003ecc   Data           4  motor_ctrl.o(.data)
    mInterAcc2CurrFactor                     0x20003ed0   Data           4  motor_ctrl.o(.data)
    .data                                    0x20003fe8   Section        2  od.o(.data)
    ODObjsCount                              0x20003fe8   Data           2  od.o(.data)
    .data                                    0x20003fec   Section        4  dfu.o(.data)
    mByteCount                               0x20003fec   Data           4  dfu.o(.data)
    .data                                    0x20003ff0   Section       12  eeprom_emul.o(.data)
    .data                                    0x20003ffc   Section        4  errno.o(.data)
    _errno                                   0x20003ffc   Data           4  errno.o(.data)
    .bss                                     0x20004000   Section     9828  com_can.o(.bss)
    rx_fifo                                  0x20004000   Data          12  com_can.o(.bss)
    tx_fifo                                  0x2000400c   Data          12  com_can.o(.bss)
    report_fifo                              0x20004018   Data          12  com_can.o(.bss)
    rx_buffer                                0x20004024   Data        4352  com_can.o(.bss)
    tx_buffer                                0x20005124   Data        4352  com_can.o(.bss)
    report_buffer                            0x20006224   Data        1088  com_can.o(.bss)
    .bss                                     0x20006664   Section       84  motion_planner.o(.bss)
    mPlanner                                 0x20006664   Data          84  motion_planner.o(.bss)
    .bss                                     0x200066b8   Section      208  od.o(.bss)
    STACK                                    0x20006788   Section     2048  startup_gd32c10x.o(STACK)

    Global Symbols

    Symbol Name                              Value     Ov Type        Size  Object(Section)

    BuildAttributes$$THM_ISAv4$E$P$D$K$B$S$7EM$VFPi3$EXTD16$VFPS$VFMA$PE$A:L22UL41UL21$X:L11$S22US41US21$IEEE1$IW$USESV6$~STKCKD$USESV7$~SHL$OTIME$ROPI$IEEEX$EBA8$MICROLIB$REQ8$PRES8$EABIv2 0x00000000   Number         0  anon$$obj.o ABSOLUTE
    __ARM_use_no_argv                        0x00000000   Number         0  main.o ABSOLUTE
    __cpp_initialize__aeabi_                  - Undefined Weak Reference
    __cxa_finalize                            - Undefined Weak Reference
    _clock_init                               - Undefined Weak Reference
    _microlib_exit                            - Undefined Weak Reference
    __Vectors_Size                           0x00000150   Number         0  startup_gd32c10x.o ABSOLUTE
    __Vectors                                0x08000000   Data           4  startup_gd32c10x.o(RESET)
    __Vectors_End                            0x08000150   Data           0  startup_gd32c10x.o(RESET)
    __main                                   0x08000151   Thumb Code     0  entry.o(.ARM.Collect$$$$00000000)
    _main_stk                                0x08000151   Thumb Code     0  entry2.o(.ARM.Collect$$$$00000001)
    _main_scatterload                        0x08000155   Thumb Code     0  entry5.o(.ARM.Collect$$$$00000004)
    __main_after_scatterload                 0x08000159   Thumb Code     0  entry5.o(.ARM.Collect$$$$00000004)
    _main_clock                              0x08000159   Thumb Code     0  entry7b.o(.ARM.Collect$$$$00000008)
    _main_cpp_init                           0x08000159   Thumb Code     0  entry8b.o(.ARM.Collect$$$$0000000A)
    _main_init                               0x08000159   Thumb Code     0  entry9a.o(.ARM.Collect$$$$0000000B)
    __rt_final_cpp                           0x08000161   Thumb Code     0  entry10a.o(.ARM.Collect$$$$0000000D)
    __rt_final_exit                          0x08000161   Thumb Code     0  entry11a.o(.ARM.Collect$$$$0000000F)
    Reset_Handler                            0x08000165   Thumb Code     8  startup_gd32c10x.o(.text)
    SysTick_Handler                          0x0800017d   Thumb Code     2  startup_gd32c10x.o(.text)
    CAN0_EWMC_IRQHandler                     0x0800017f   Thumb Code     0  startup_gd32c10x.o(.text)
    CAN0_RX1_IRQHandler                      0x0800017f   Thumb Code     0  startup_gd32c10x.o(.text)
    CAN0_TX_IRQHandler                       0x0800017f   Thumb Code     0  startup_gd32c10x.o(.text)
    CAN1_EWMC_IRQHandler                     0x0800017f   Thumb Code     0  startup_gd32c10x.o(.text)
    CAN1_RX0_IRQHandler                      0x0800017f   Thumb Code     0  startup_gd32c10x.o(.text)
    CAN1_RX1_IRQHandler                      0x0800017f   Thumb Code     0  startup_gd32c10x.o(.text)
    CAN1_TX_IRQHandler                       0x0800017f   Thumb Code     0  startup_gd32c10x.o(.text)
    DMA0_Channel0_IRQHandler                 0x0800017f   Thumb Code     0  startup_gd32c10x.o(.text)
    DMA0_Channel1_IRQHandler                 0x0800017f   Thumb Code     0  startup_gd32c10x.o(.text)
    DMA0_Channel2_IRQHandler                 0x0800017f   Thumb Code     0  startup_gd32c10x.o(.text)
    DMA0_Channel3_IRQHandler                 0x0800017f   Thumb Code     0  startup_gd32c10x.o(.text)
    DMA0_Channel4_IRQHandler                 0x0800017f   Thumb Code     0  startup_gd32c10x.o(.text)
    DMA0_Channel5_IRQHandler                 0x0800017f   Thumb Code     0  startup_gd32c10x.o(.text)
    DMA0_Channel6_IRQHandler                 0x0800017f   Thumb Code     0  startup_gd32c10x.o(.text)
    DMA1_Channel0_IRQHandler                 0x0800017f   Thumb Code     0  startup_gd32c10x.o(.text)
    DMA1_Channel1_IRQHandler                 0x0800017f   Thumb Code     0  startup_gd32c10x.o(.text)
    DMA1_Channel2_IRQHandler                 0x0800017f   Thumb Code     0  startup_gd32c10x.o(.text)
    DMA1_Channel3_IRQHandler                 0x0800017f   Thumb Code     0  startup_gd32c10x.o(.text)
    DMA1_Channel4_IRQHandler                 0x0800017f   Thumb Code     0  startup_gd32c10x.o(.text)
    EXMC_IRQHandler                          0x0800017f   Thumb Code     0  startup_gd32c10x.o(.text)
    EXTI0_IRQHandler                         0x0800017f   Thumb Code     0  startup_gd32c10x.o(.text)
    EXTI10_15_IRQHandler                     0x0800017f   Thumb Code     0  startup_gd32c10x.o(.text)
    EXTI1_IRQHandler                         0x0800017f   Thumb Code     0  startup_gd32c10x.o(.text)
    EXTI2_IRQHandler                         0x0800017f   Thumb Code     0  startup_gd32c10x.o(.text)
    EXTI3_IRQHandler                         0x0800017f   Thumb Code     0  startup_gd32c10x.o(.text)
    EXTI4_IRQHandler                         0x0800017f   Thumb Code     0  startup_gd32c10x.o(.text)
    EXTI5_9_IRQHandler                       0x0800017f   Thumb Code     0  startup_gd32c10x.o(.text)
    FMC_IRQHandler                           0x0800017f   Thumb Code     0  startup_gd32c10x.o(.text)
    I2C0_ER_IRQHandler                       0x0800017f   Thumb Code     0  startup_gd32c10x.o(.text)
    I2C0_EV_IRQHandler                       0x0800017f   Thumb Code     0  startup_gd32c10x.o(.text)
    I2C1_ER_IRQHandler                       0x0800017f   Thumb Code     0  startup_gd32c10x.o(.text)
    I2C1_EV_IRQHandler                       0x0800017f   Thumb Code     0  startup_gd32c10x.o(.text)
    LVD_IRQHandler                           0x0800017f   Thumb Code     0  startup_gd32c10x.o(.text)
    RCU_CTC_IRQHandler                       0x0800017f   Thumb Code     0  startup_gd32c10x.o(.text)
    RTC_Alarm_IRQHandler                     0x0800017f   Thumb Code     0  startup_gd32c10x.o(.text)
    RTC_IRQHandler                           0x0800017f   Thumb Code     0  startup_gd32c10x.o(.text)
    SPI0_IRQHandler                          0x0800017f   Thumb Code     0  startup_gd32c10x.o(.text)
    SPI1_IRQHandler                          0x0800017f   Thumb Code     0  startup_gd32c10x.o(.text)
    SPI2_IRQHandler                          0x0800017f   Thumb Code     0  startup_gd32c10x.o(.text)
    TAMPER_IRQHandler                        0x0800017f   Thumb Code     0  startup_gd32c10x.o(.text)
    TIMER0_BRK_TIMER8_IRQHandler             0x0800017f   Thumb Code     0  startup_gd32c10x.o(.text)
    TIMER0_Channel_IRQHandler                0x0800017f   Thumb Code     0  startup_gd32c10x.o(.text)
    TIMER0_TRG_CMT_TIMER10_IRQHandler        0x0800017f   Thumb Code     0  startup_gd32c10x.o(.text)
    TIMER0_UP_TIMER9_IRQHandler              0x0800017f   Thumb Code     0  startup_gd32c10x.o(.text)
    TIMER2_IRQHandler                        0x0800017f   Thumb Code     0  startup_gd32c10x.o(.text)
    TIMER3_IRQHandler                        0x0800017f   Thumb Code     0  startup_gd32c10x.o(.text)
    TIMER4_IRQHandler                        0x0800017f   Thumb Code     0  startup_gd32c10x.o(.text)
    TIMER5_IRQHandler                        0x0800017f   Thumb Code     0  startup_gd32c10x.o(.text)
    TIMER6_IRQHandler                        0x0800017f   Thumb Code     0  startup_gd32c10x.o(.text)
    TIMER7_BRK_TIMER11_IRQHandler            0x0800017f   Thumb Code     0  startup_gd32c10x.o(.text)
    TIMER7_Channel_IRQHandler                0x0800017f   Thumb Code     0  startup_gd32c10x.o(.text)
    TIMER7_TRG_CMT_TIMER13_IRQHandler        0x0800017f   Thumb Code     0  startup_gd32c10x.o(.text)
    TIMER7_UP_TIMER12_IRQHandler             0x0800017f   Thumb Code     0  startup_gd32c10x.o(.text)
    UART3_IRQHandler                         0x0800017f   Thumb Code     0  startup_gd32c10x.o(.text)
    UART4_IRQHandler                         0x0800017f   Thumb Code     0  startup_gd32c10x.o(.text)
    USART0_IRQHandler                        0x0800017f   Thumb Code     0  startup_gd32c10x.o(.text)
    USART1_IRQHandler                        0x0800017f   Thumb Code     0  startup_gd32c10x.o(.text)
    USART2_IRQHandler                        0x0800017f   Thumb Code     0  startup_gd32c10x.o(.text)
    USBFS_IRQHandler                         0x0800017f   Thumb Code     0  startup_gd32c10x.o(.text)
    USBFS_WKUP_IRQHandler                    0x0800017f   Thumb Code     0  startup_gd32c10x.o(.text)
    WWDGT_IRQHandler                         0x0800017f   Thumb Code     0  startup_gd32c10x.o(.text)
    __aeabi_ldivmod                          0x08000189   Thumb Code    98  ldiv.o(.text)
    __aeabi_memcpy                           0x080001eb   Thumb Code    36  memcpya.o(.text)
    __aeabi_memcpy4                          0x080001eb   Thumb Code     0  memcpya.o(.text)
    __aeabi_memcpy8                          0x080001eb   Thumb Code     0  memcpya.o(.text)
    __aeabi_memset                           0x0800020f   Thumb Code    14  memseta.o(.text)
    __aeabi_memset4                          0x0800020f   Thumb Code     0  memseta.o(.text)
    __aeabi_memset8                          0x0800020f   Thumb Code     0  memseta.o(.text)
    __aeabi_memclr                           0x0800021d   Thumb Code     4  memseta.o(.text)
    __aeabi_memclr4                          0x0800021d   Thumb Code     0  memseta.o(.text)
    __aeabi_memclr8                          0x0800021d   Thumb Code     0  memseta.o(.text)
    _memset$wrapper                          0x08000221   Thumb Code    18  memseta.o(.text)
    __aeabi_l2f                              0x08000233   Thumb Code    44  ffltl.o(.text)
    __aeabi_f2lz                             0x0800025f   Thumb Code    66  ffixl.o(.text)
    __aeabi_uldivmod                         0x080002a1   Thumb Code    98  uldiv.o(.text)
    __aeabi_llsl                             0x08000303   Thumb Code    30  llshl.o(.text)
    _ll_shift_l                              0x08000303   Thumb Code     0  llshl.o(.text)
    __I$use$fp                               0x08000321   Thumb Code     0  iusefp.o(.text)
    _float_round                             0x08000321   Thumb Code    18  fepilogue.o(.text)
    _float_epilogue                          0x08000333   Thumb Code    92  fepilogue.o(.text)
    __scatterload                            0x08000391   Thumb Code    28  init.o(.text)
    __scatterload_rt2                        0x08000391   Thumb Code     0  init.o(.text)
    __aeabi_llsr                             0x080003b5   Thumb Code    32  llushr.o(.text)
    _ll_ushift_r                             0x080003b5   Thumb Code     0  llushr.o(.text)
    __decompress                             0x080003d5   Thumb Code     0  __dczerorl.o(.text)
    __decompress0                            0x080003d5   Thumb Code    58  __dczerorl.o(.text)
    ADC0_1_IRQHandler                        0x08000411   Thumb Code    14  gd32c10x_it.o(i.ADC0_1_IRQHandler)
    BusFault_Handler                         0x08000425   Thumb Code     4  gd32c10x_it.o(i.BusFault_Handler)
    CAN0_RX0_IRQHandler                      0x08000429   Thumb Code     4  gd32c10x_it.o(i.CAN0_RX0_IRQHandler)
    COM_CAN_init                             0x0800042d   Thumb Code    78  com_can.o(i.COM_CAN_init)
    COM_CAN_loop                             0x08000499   Thumb Code   966  com_can.o(i.COM_CAN_loop)
    COM_CAN_plot_value                       0x08000881   Thumb Code    90  com_can.o(i.COM_CAN_plot_value)
    COM_CAN_report_bootup                    0x080008e5   Thumb Code    46  com_can.o(i.COM_CAN_report_bootup)
    COM_CAN_report_err                       0x0800091d   Thumb Code   104  com_can.o(i.COM_CAN_report_err)
    COM_CAN_report_frame                     0x08000991   Thumb Code    24  com_can.o(i.COM_CAN_report_frame)
    COM_CAN_rx_callback                      0x080009b1   Thumb Code   172  com_can.o(i.COM_CAN_rx_callback)
    DFU_data                                 0x08000a6d   Thumb Code   128  dfu.o(i.DFU_data)
    DFU_jump_to_bootloader                   0x08000af1   Thumb Code    92  dfu.o(i.DFU_jump_to_bootloader)
    DFU_start                                0x08000b55   Thumb Code    90  dfu.o(i.DFU_start)
    DebugMon_Handler                         0x08000bc1   Thumb Code     4  gd32c10x_it.o(i.DebugMon_Handler)
    EE_CleanUp                               0x08000bc5   Thumb Code    94  eeprom_emul.o(i.EE_CleanUp)
    EE_Format                                0x08000c25   Thumb Code   136  eeprom_emul.o(i.EE_Format)
    EE_Init                                  0x08000cb1   Thumb Code   866  eeprom_emul.o(i.EE_Init)
    EE_ReadVariable16bits                    0x08001021   Thumb Code    40  eeprom_emul.o(i.EE_ReadVariable16bits)
    EE_ReadVariable32bits                    0x08001049   Thumb Code    40  eeprom_emul.o(i.EE_ReadVariable32bits)
    EE_ReadVariable8bits                     0x08001071   Thumb Code    40  eeprom_emul.o(i.EE_ReadVariable8bits)
    EE_WriteVariable16bits                   0x08001099   Thumb Code    46  eeprom_emul.o(i.EE_WriteVariable16bits)
    EE_WriteVariable32bits                   0x080010c7   Thumb Code    46  eeprom_emul.o(i.EE_WriteVariable32bits)
    EE_WriteVariable8bits                    0x080010f5   Thumb Code    46  eeprom_emul.o(i.EE_WriteVariable8bits)
    ENCODER_EX_read                          0x08001125   Thumb Code    98  encoder.o(i.ENCODER_EX_read)
    ENCODER_calib_end                        0x08001195   Thumb Code     2  encoder.o(i.ENCODER_calib_end)
    ENCODER_calib_loop                       0x08001199   Thumb Code   918  encoder.o(i.ENCODER_calib_loop)
    ENCODER_calib_start                      0x08001559   Thumb Code    36  encoder.o(i.ENCODER_calib_start)
    ENCODER_init                             0x08001585   Thumb Code    68  encoder.o(i.ENCODER_init)
    ENCODER_loop                             0x080015d5   Thumb Code   662  encoder.o(i.ENCODER_loop)
    Error_Handler                            0x080018a1   Thumb Code    12  main.o(i.Error_Handler)
    FI_CacheFlush                            0x080018b1   Thumb Code     2  flash_interface.o(i.FI_CacheFlush)
    FI_PageErase                             0x080018b5   Thumb Code    84  flash_interface.o(i.FI_PageErase)
    FI_WriteDoubleWord                       0x0800190d   Thumb Code    80  flash_interface.o(i.FI_WriteDoubleWord)
    FI_flash_erase_page                      0x08001961   Thumb Code    56  flash_interface.o(i.FI_flash_erase_page)
    FI_flash_write                           0x0800199d   Thumb Code    84  flash_interface.o(i.FI_flash_write)
    HardFault_Handler                        0x08001bc3   Thumb Code     4  gd32c10x_it.o(i.HardFault_Handler)
    MC_controlword_update                    0x08001bc9   Thumb Code   148  motor_ctrl.o(i.MC_controlword_update)
    MC_ctrl_param_update                     0x08001c6d   Thumb Code   254  motor_ctrl.o(i.MC_ctrl_param_update)
    MC_get_state                             0x08001d95   Thumb Code     6  motor_ctrl.o(i.MC_get_state)
    MC_high_priority_task                    0x08001da1   Thumb Code   848  motor_ctrl.o(i.MC_high_priority_task)
    MC_init                                  0x08002159   Thumb Code    68  motor_ctrl.o(i.MC_init)
    MC_low_priority_task                     0x080021b1   Thumb Code   688  motor_ctrl.o(i.MC_low_priority_task)
    MC_modulate                              0x0800249d   Thumb Code   624  motor_ctrl.o(i.MC_modulate)
    MC_pdo_interp_position                   0x08002739   Thumb Code    22  motor_ctrl.o(i.MC_pdo_interp_position)
    MC_pdo_profile_position                  0x08002759   Thumb Code    54  motor_ctrl.o(i.MC_pdo_profile_position)
    MC_pdo_profile_torque                    0x08002799   Thumb Code   104  motor_ctrl.o(i.MC_pdo_profile_torque)
    MC_pdo_profile_velocity                  0x0800280d   Thumb Code   130  motor_ctrl.o(i.MC_pdo_profile_velocity)
    MC_position_update                       0x080028a1   Thumb Code    76  motor_ctrl.o(i.MC_position_update)
    MC_profile_update                        0x080028f9   Thumb Code    40  motor_ctrl.o(i.MC_profile_update)
    MC_set_state                             0x08002929   Thumb Code    62  motor_ctrl.o(i.MC_set_state)
    MC_target_sync                           0x08002971   Thumb Code    10  motor_ctrl.o(i.MC_target_sync)
    MC_torque_update                         0x08002981   Thumb Code   136  motor_ctrl.o(i.MC_torque_update)
    MC_velocity_update                       0x08002a15   Thumb Code   152  motor_ctrl.o(i.MC_velocity_update)
    MP_is_run                                0x08002abd   Thumb Code     8  motion_planner.o(i.MP_is_run)
    MP_reset                                 0x08002ac9   Thumb Code    12  motion_planner.o(i.MP_reset)
    MP_trapezoid_pos_calculate               0x08002ad9   Thumb Code   544  motion_planner.o(i.MP_trapezoid_pos_calculate)
    MP_trapezoid_pos_execute                 0x08002d05   Thumb Code   334  motion_planner.o(i.MP_trapezoid_pos_execute)
    MP_trapezoid_torque_calculate            0x08002e61   Thumb Code    70  motion_planner.o(i.MP_trapezoid_torque_calculate)
    MP_trapezoid_torque_execute              0x08002eb1   Thumb Code    78  motion_planner.o(i.MP_trapezoid_torque_execute)
    MP_trapezoid_vel_calculate               0x08002f09   Thumb Code   174  motion_planner.o(i.MP_trapezoid_vel_calculate)
    MP_trapezoid_vel_execute                 0x08002fc1   Thumb Code   122  motion_planner.o(i.MP_trapezoid_vel_execute)
    MemManage_Handler                        0x08003049   Thumb Code     4  gd32c10x_it.o(i.MemManage_Handler)
    NMI_Handler                              0x0800304d   Thumb Code     4  gd32c10x_it.o(i.NMI_Handler)
    OD_init                                  0x08003051   Thumb Code    98  od.o(i.OD_init)
    OD_read                                  0x080030bd   Thumb Code   128  od.o(i.OD_read)
    OD_restore_defalt                        0x0800313d   Thumb Code    46  od.o(i.OD_restore_defalt)
    OD_write_1                               0x08003171   Thumb Code   108  od.o(i.OD_write_1)
    OD_write_2                               0x080031dd   Thumb Code   108  od.o(i.OD_write_2)
    OD_write_4                               0x08003249   Thumb Code   108  od.o(i.OD_write_4)
    PID_reset                                0x080032b5   Thumb Code    18  pid.o(i.PID_reset)
    PID_setting                              0x080032cd   Thumb Code    26  pid.o(i.PID_setting)
    PI_compute_serial                        0x080032e7   Thumb Code   140  pid.o(i.PI_compute_serial)
    PendSV_Handler                           0x08003519   Thumb Code     4  gd32c10x_it.o(i.PendSV_Handler)
    SOC_calibration_offset                   0x080035f1   Thumb Code   180  soc.o(i.SOC_calibration_offset)
    SOC_can_init                             0x080036b5   Thumb Code   416  soc.o(i.SOC_can_init)
    SOC_can_is_tx_busy                       0x08003861   Thumb Code    34  soc.o(i.SOC_can_is_tx_busy)
    SOC_can_transmit                         0x08003889   Thumb Code   246  soc.o(i.SOC_can_transmit)
    SOC_can_transmit_block                   0x08003989   Thumb Code    22  soc.o(i.SOC_can_transmit_block)
    SOC_init                                 0x080039a1   Thumb Code   210  soc.o(i.SOC_init)
    SOC_pwm_disable                          0x08003a85   Thumb Code    96  soc.o(i.SOC_pwm_disable)
    SOC_pwm_enable                           0x08003ae9   Thumb Code   112  soc.o(i.SOC_pwm_enable)
    SVC_Handler                              0x08003b61   Thumb Code     4  gd32c10x_it.o(i.SVC_Handler)
    SystemInit                               0x08003bf5   Thumb Code   230  system_gd32c10x.o(i.SystemInit)
    TIMER1_IRQHandler                        0x08003ced   Thumb Code    20  gd32c10x_it.o(i.TIMER1_IRQHandler)
    UsageFault_Handler                       0x08003d05   Thumb Code     4  gd32c10x_it.o(i.UsageFault_Handler)
    __hardfp_floorf                          0x08003da9   Thumb Code    98  floorf.o(i.__hardfp_floorf)
    __hardfp_logf                            0x08003e19   Thumb Code   320  logf.o(i.__hardfp_logf)
    __mathlib_logf                           0x08003e19   Thumb Code     0  logf.o(i.__hardfp_logf)
    __hardfp_sqrtf                           0x08003f85   Thumb Code    58  sqrtf.o(i.__hardfp_sqrtf)
    __mathlib_flt_divzero                    0x08003fc1   Thumb Code    14  funder.o(i.__mathlib_flt_divzero)
    __mathlib_flt_infnan                     0x08003fd5   Thumb Code     6  funder.o(i.__mathlib_flt_infnan)
    __mathlib_flt_invalid                    0x08003fdd   Thumb Code    10  funder.o(i.__mathlib_flt_invalid)
    __scatterload_copy                       0x08003fed   Thumb Code    14  handlers.o(i.__scatterload_copy)
    __scatterload_null                       0x08003ffb   Thumb Code     2  handlers.o(i.__scatterload_null)
    __scatterload_zeroinit                   0x08003ffd   Thumb Code    14  handlers.o(i.__scatterload_zeroinit)
    __set_errno                              0x0800400d   Thumb Code     6  errno.o(i.__set_errno)
    adc_calibration_enable                   0x08004019   Thumb Code    34  gd32c10x_adc.o(i.adc_calibration_enable)
    adc_channel_length_config                0x0800403b   Thumb Code    56  gd32c10x_adc.o(i.adc_channel_length_config)
    adc_data_alignment_config                0x08004073   Thumb Code    18  gd32c10x_adc.o(i.adc_data_alignment_config)
    adc_deinit                               0x08004085   Thumb Code    60  gd32c10x_adc.o(i.adc_deinit)
    adc_dma_mode_enable                      0x080040c1   Thumb Code    10  gd32c10x_adc.o(i.adc_dma_mode_enable)
    adc_enable                               0x080040cb   Thumb Code    20  gd32c10x_adc.o(i.adc_enable)
    adc_external_trigger_config              0x080040df   Thumb Code    62  gd32c10x_adc.o(i.adc_external_trigger_config)
    adc_external_trigger_source_config       0x0800411d   Thumb Code    42  gd32c10x_adc.o(i.adc_external_trigger_source_config)
    adc_inserted_channel_config              0x08004147   Thumb Code   112  gd32c10x_adc.o(i.adc_inserted_channel_config)
    adc_interrupt_disable                    0x080041b7   Thumb Code    46  gd32c10x_adc.o(i.adc_interrupt_disable)
    adc_interrupt_enable                     0x080041e5   Thumb Code    46  gd32c10x_adc.o(i.adc_interrupt_enable)
    adc_interrupt_flag_clear                 0x08004213   Thumb Code    10  gd32c10x_adc.o(i.adc_interrupt_flag_clear)
    adc_mode_config                          0x0800421d   Thumb Code    18  gd32c10x_adc.o(i.adc_mode_config)
    adc_regular_channel_config               0x08004235   Thumb Code   166  gd32c10x_adc.o(i.adc_regular_channel_config)
    adc_resolution_config                    0x080042db   Thumb Code    24  gd32c10x_adc.o(i.adc_resolution_config)
    adc_software_trigger_enable              0x080042f3   Thumb Code    32  gd32c10x_adc.o(i.adc_software_trigger_enable)
    adc_special_function_config              0x08004313   Thumb Code    90  gd32c10x_adc.o(i.adc_special_function_config)
    arm_cos_f32                              0x0800436d   Thumb Code   118  util.o(i.arm_cos_f32)
    arm_sin_f32                              0x080043f1   Thumb Code   114  util.o(i.arm_sin_f32)
    can1_filter_start_bank                   0x08004471   Thumb Code    42  gd32c10x_can.o(i.can1_filter_start_bank)
    can_deinit                               0x080044a1   Thumb Code    52  gd32c10x_can.o(i.can_deinit)
    can_fd_init                              0x080044d5   Thumb Code   236  gd32c10x_can.o(i.can_fd_init)
    can_filter_init                          0x080045c1   Thumb Code   222  gd32c10x_can.o(i.can_filter_init)
    can_init                                 0x080046b5   Thumb Code   366  gd32c10x_can.o(i.can_init)
    can_interrupt_disable                    0x08004823   Thumb Code    10  gd32c10x_can.o(i.can_interrupt_disable)
    can_interrupt_enable                     0x0800482d   Thumb Code     8  gd32c10x_can.o(i.can_interrupt_enable)
    can_transmission_stop                    0x08004835   Thumb Code    66  gd32c10x_can.o(i.can_transmission_stop)
    can_working_mode_set                     0x08004877   Thumb Code   144  gd32c10x_can.o(i.can_working_mode_set)
    crc16                                    0x08004909   Thumb Code    78  util.o(i.crc16)
    crc32                                    0x0800495d   Thumb Code    74  util.o(i.crc32)
    dbg_periph_enable                        0x080049ad   Thumb Code    10  gd32c10x_dbg.o(i.dbg_periph_enable)
    delay_ms                                 0x080049bd   Thumb Code    26  main.o(i.delay_ms)
    dma_channel_enable                       0x08004b65   Thumb Code    34  gd32c10x_dma.o(i.dma_channel_enable)
    dma_circulation_enable                   0x08004b87   Thumb Code    34  gd32c10x_dma.o(i.dma_circulation_enable)
    dma_deinit                               0x08004ba9   Thumb Code    58  gd32c10x_dma.o(i.dma_deinit)
    dma_init                                 0x08004be3   Thumb Code   122  gd32c10x_dma.o(i.dma_init)
    fifoBuf_getData                          0x08004c5d   Thumb Code   134  fifo_buffer.o(i.fifoBuf_getData)
    fifoBuf_getUsed                          0x08004ce3   Thumb Code    24  fifo_buffer.o(i.fifoBuf_getUsed)
    fifoBuf_init                             0x08004cfb   Thumb Code    12  fifo_buffer.o(i.fifoBuf_init)
    fifoBuf_putData                          0x08004d07   Thumb Code   138  fifo_buffer.o(i.fifoBuf_putData)
    find_entry                               0x08004d91   Thumb Code    86  od.o(i.find_entry)
    float_to_data                            0x08004df1   Thumb Code    22  util.o(i.float_to_data)
    fmc_flag_clear                           0x08004e09   Thumb Code     6  gd32c10x_fmc.o(i.fmc_flag_clear)
    fmc_lock                                 0x08004e15   Thumb Code    12  gd32c10x_fmc.o(i.fmc_lock)
    fmc_page_erase                           0x08004e25   Thumb Code    56  gd32c10x_fmc.o(i.fmc_page_erase)
    fmc_unlock                               0x08004ea9   Thumb Code    22  gd32c10x_fmc.o(i.fmc_unlock)
    fmc_word_program                         0x08004ecd   Thumb Code    50  gd32c10x_fmc.o(i.fmc_word_program)
    fwdgt_config                             0x08004f05   Thumb Code    80  gd32c10x_fwdgt.o(i.fwdgt_config)
    fwdgt_enable                             0x08004f5d   Thumb Code    10  gd32c10x_fwdgt.o(i.fwdgt_enable)
    gpio_bit_reset                           0x08004f6d   Thumb Code     4  gd32c10x_gpio.o(i.gpio_bit_reset)
    gpio_bit_set                             0x08004f71   Thumb Code     4  gd32c10x_gpio.o(i.gpio_bit_set)
    gpio_init                                0x08004f75   Thumb Code   164  gd32c10x_gpio.o(i.gpio_init)
    gpio_pin_lock                            0x08005019   Thumb Code    16  gd32c10x_gpio.o(i.gpio_pin_lock)
    gpio_pin_remap_config                    0x08005029   Thumb Code   102  gd32c10x_gpio.o(i.gpio_pin_remap_config)
    main                                     0x08005095   Thumb Code  1832  main.o(i.main)
    nvic_irq_enable                          0x080057e5   Thumb Code   154  gd32c10x_misc.o(i.nvic_irq_enable)
    nvic_priority_group_set                  0x08005889   Thumb Code    14  gd32c10x_misc.o(i.nvic_priority_group_set)
    nvic_vector_table_set                    0x0800589d   Thumb Code    16  gd32c10x_misc.o(i.nvic_vector_table_set)
    rcu_adc_clock_config                     0x08005969   Thumb Code    78  gd32c10x_rcu.o(i.rcu_adc_clock_config)
    rcu_osci_on                              0x080059bd   Thumb Code    28  gd32c10x_rcu.o(i.rcu_osci_on)
    rcu_osci_stab_wait                       0x080059d9   Thumb Code   312  gd32c10x_rcu.o(i.rcu_osci_stab_wait)
    rcu_periph_clock_enable                  0x08005b25   Thumb Code    28  gd32c10x_rcu.o(i.rcu_periph_clock_enable)
    rcu_periph_reset_disable                 0x08005b41   Thumb Code    30  gd32c10x_rcu.o(i.rcu_periph_reset_disable)
    rcu_periph_reset_enable                  0x08005b5f   Thumb Code    28  gd32c10x_rcu.o(i.rcu_periph_reset_enable)
    spi_enable                               0x08006145   Thumb Code    10  gd32c10x_spi.o(i.spi_enable)
    spi_i2s_data_receive                     0x0800614f   Thumb Code     6  gd32c10x_spi.o(i.spi_i2s_data_receive)
    spi_i2s_data_transmit                    0x08006155   Thumb Code     4  gd32c10x_spi.o(i.spi_i2s_data_transmit)
    spi_i2s_deinit                           0x08006159   Thumb Code    86  gd32c10x_spi.o(i.spi_i2s_deinit)
    spi_i2s_flag_get                         0x080061af   Thumb Code    10  gd32c10x_spi.o(i.spi_i2s_flag_get)
    spi_init                                 0x080061b9   Thumb Code    46  gd32c10x_spi.o(i.spi_init)
    spi_struct_para_init                     0x080061e7   Thumb Code    16  gd32c10x_spi.o(i.spi_struct_para_init)
    timer_break_config                       0x080061f7   Thumb Code    34  gd32c10x_timer.o(i.timer_break_config)
    timer_break_struct_para_init             0x08006219   Thumb Code    18  gd32c10x_timer.o(i.timer_break_struct_para_init)
    timer_channel_complementary_output_state_config 0x0800622b   Thumb Code    62  gd32c10x_timer.o(i.timer_channel_complementary_output_state_config)
    timer_channel_output_config              0x08006269   Thumb Code   480  gd32c10x_timer.o(i.timer_channel_output_config)
    timer_channel_output_mode_config         0x08006451   Thumb Code    80  gd32c10x_timer.o(i.timer_channel_output_mode_config)
    timer_channel_output_pulse_value_config  0x080064a1   Thumb Code    32  gd32c10x_timer.o(i.timer_channel_output_pulse_value_config)
    timer_channel_output_shadow_config       0x080064c1   Thumb Code    80  gd32c10x_timer.o(i.timer_channel_output_shadow_config)
    timer_channel_output_state_config        0x08006511   Thumb Code    80  gd32c10x_timer.o(i.timer_channel_output_state_config)
    timer_channel_output_struct_para_init    0x08006561   Thumb Code    16  gd32c10x_timer.o(i.timer_channel_output_struct_para_init)
    timer_deinit                             0x08006571   Thumb Code   394  gd32c10x_timer.o(i.timer_deinit)
    timer_enable                             0x08006705   Thumb Code    10  gd32c10x_timer.o(i.timer_enable)
    timer_flag_clear                         0x0800670f   Thumb Code     6  gd32c10x_timer.o(i.timer_flag_clear)
    timer_flag_get                           0x08006715   Thumb Code    10  gd32c10x_timer.o(i.timer_flag_get)
    timer_init                               0x08006721   Thumb Code   182  gd32c10x_timer.o(i.timer_init)
    timer_interrupt_enable                   0x080067e1   Thumb Code     8  gd32c10x_timer.o(i.timer_interrupt_enable)
    timer_interrupt_flag_clear               0x080067e9   Thumb Code     6  gd32c10x_timer.o(i.timer_interrupt_flag_clear)
    timer_primary_output_config              0x080067ef   Thumb Code    18  gd32c10x_timer.o(i.timer_primary_output_config)
    timer_repetition_value_config            0x08006801   Thumb Code     4  gd32c10x_timer.o(i.timer_repetition_value_config)
    timer_struct_para_init                   0x08006805   Thumb Code    20  gd32c10x_timer.o(i.timer_struct_para_init)
    Region$$Table$$Base                      0x08007b4c   Number         0  anon$$obj.o(Region$$Table)
    Region$$Table$$Limit                     0x08007b6c   Number         0  anon$$obj.o(Region$$Table)
    SystickCount                             0x20000004   Data           4  main.o(.data)
    phase_a_adc_offset                       0x20000010   Data           2  soc.o(.data)
    phase_b_adc_offset                       0x20000012   Data           2  soc.o(.data)
    phase_c_adc_offset                       0x20000014   Data           2  soc.o(.data)
    adc_buff                                 0x20000016   Data           6  soc.o(.data)
    Encoder                                  0x20000038   Data       15968  encoder.o(.data)
    count_tor                                0x20003ea0   Data           4  motor_ctrl.o(.data)
    tau_l                                    0x20003ed4   Data           4  motor_ctrl.o(.data)
    pos_err                                  0x20003ed8   Data           4  motor_ctrl.o(.data)
    vel_err                                  0x20003edc   Data           4  motor_ctrl.o(.data)
    MotorControl                             0x20003ee0   Data         264  motor_ctrl.o(.data)
    ubCurrentActivePage                      0x20003ff0   Data           1  eeprom_emul.o(.data)
    CleanupPhase                             0x20003ff1   Data           1  eeprom_emul.o(.data)
    uhNbWrittenElements                      0x20003ff2   Data           2  eeprom_emul.o(.data)
    uwAddressNextWrite                       0x20003ff4   Data           4  eeprom_emul.o(.data)
    AddressRead                              0x20003ff8   Data           4  eeprom_emul.o(.data)
    ODObjs                                   0x200066b8   Data         208  od.o(.bss)
    __initial_sp                             0x20006f88   Data           0  startup_gd32c10x.o(STACK)



==============================================================================

Memory Map of the image

  Image Entry point : 0x08000151

  Load Region LR_IROM1 (Base: 0x08000000, Size: 0x0000bb6c, Max: 0x00020000, ABSOLUTE, COMPRESSED[0x00007c04])

    Execution Region ER_IROM1 (Exec base: 0x08000000, Load base: 0x08000000, Size: 0x00007b6c, Max: 0x00020000, ABSOLUTE)

    Exec Addr    Load Addr    Size         Type   Attr      Idx    E Section Name        Object

    0x08000000   0x08000000   0x00000150   Data   RO         3984    RESET               startup_gd32c10x.o
    0x08000150   0x08000150   0x00000000   Code   RO         4202  * .ARM.Collect$$$$00000000  mc_w.l(entry.o)
    0x08000150   0x08000150   0x00000004   Code   RO         4231    .ARM.Collect$$$$00000001  mc_w.l(entry2.o)
    0x08000154   0x08000154   0x00000004   Code   RO         4234    .ARM.Collect$$$$00000004  mc_w.l(entry5.o)
    0x08000158   0x08000158   0x00000000   Code   RO         4236    .ARM.Collect$$$$00000008  mc_w.l(entry7b.o)
    0x08000158   0x08000158   0x00000000   Code   RO         4238    .ARM.Collect$$$$0000000A  mc_w.l(entry8b.o)
    0x08000158   0x08000158   0x00000008   Code   RO         4239    .ARM.Collect$$$$0000000B  mc_w.l(entry9a.o)
    0x08000160   0x08000160   0x00000000   Code   RO         4241    .ARM.Collect$$$$0000000D  mc_w.l(entry10a.o)
    0x08000160   0x08000160   0x00000000   Code   RO         4243    .ARM.Collect$$$$0000000F  mc_w.l(entry11a.o)
    0x08000160   0x08000160   0x00000004   Code   RO         4232    .ARM.Collect$$$$00002712  mc_w.l(entry2.o)
    0x08000164   0x08000164   0x00000024   Code   RO         3985    .text               startup_gd32c10x.o
    0x08000188   0x08000188   0x00000062   Code   RO         4205    .text               mc_w.l(ldiv.o)
    0x080001ea   0x080001ea   0x00000024   Code   RO         4207    .text               mc_w.l(memcpya.o)
    0x0800020e   0x0800020e   0x00000024   Code   RO         4209    .text               mc_w.l(memseta.o)
    0x08000232   0x08000232   0x0000002c   Code   RO         4213    .text               mf_w.l(ffltl.o)
    0x0800025e   0x0800025e   0x00000042   Code   RO         4215    .text               mf_w.l(ffixl.o)
    0x080002a0   0x080002a0   0x00000062   Code   RO         4245    .text               mc_w.l(uldiv.o)
    0x08000302   0x08000302   0x0000001e   Code   RO         4247    .text               mc_w.l(llshl.o)
    0x08000320   0x08000320   0x00000000   Code   RO         4256    .text               mc_w.l(iusefp.o)
    0x08000320   0x08000320   0x0000006e   Code   RO         4257    .text               mf_w.l(fepilogue.o)
    0x0800038e   0x0800038e   0x00000002   PAD
    0x08000390   0x08000390   0x00000024   Code   RO         4259    .text               mc_w.l(init.o)
    0x080003b4   0x080003b4   0x00000020   Code   RO         4261    .text               mc_w.l(llushr.o)
    0x080003d4   0x080003d4   0x0000003a   Code   RO         4271    .text               mc_w.l(__dczerorl.o)
    0x0800040e   0x0800040e   0x00000002   PAD
    0x08000410   0x08000410   0x00000014   Code   RO          171    i.ADC0_1_IRQHandler  gd32c10x_it.o
    0x08000424   0x08000424   0x00000004   Code   RO          172    i.BusFault_Handler  gd32c10x_it.o
    0x08000428   0x08000428   0x00000004   Code   RO          173    i.CAN0_RX0_IRQHandler  gd32c10x_it.o
    0x0800042c   0x0800042c   0x0000006c   Code   RO          332    i.COM_CAN_init      com_can.o
    0x08000498   0x08000498   0x000003e8   Code   RO          333    i.COM_CAN_loop      com_can.o
    0x08000880   0x08000880   0x00000064   Code   RO          334    i.COM_CAN_plot_value  com_can.o
    0x080008e4   0x080008e4   0x00000038   Code   RO          335    i.COM_CAN_report_bootup  com_can.o
    0x0800091c   0x0800091c   0x00000074   Code   RO          336    i.COM_CAN_report_err  com_can.o
    0x08000990   0x08000990   0x00000020   Code   RO          337    i.COM_CAN_report_frame  com_can.o
    0x080009b0   0x080009b0   0x000000bc   Code   RO          338    i.COM_CAN_rx_callback  com_can.o
    0x08000a6c   0x08000a6c   0x00000084   Code   RO          794    i.DFU_data          dfu.o
    0x08000af0   0x08000af0   0x00000064   Code   RO          795    i.DFU_jump_to_bootloader  dfu.o
    0x08000b54   0x08000b54   0x0000006c   Code   RO          796    i.DFU_start         dfu.o
    0x08000bc0   0x08000bc0   0x00000004   Code   RO          174    i.DebugMon_Handler  gd32c10x_it.o
    0x08000bc4   0x08000bc4   0x0000005e   Code   RO         3992    i.EE_CleanUp        eeprom_emul.o
    0x08000c22   0x08000c22   0x00000002   PAD
    0x08000c24   0x08000c24   0x0000008c   Code   RO         3996    i.EE_Format         eeprom_emul.o
    0x08000cb0   0x08000cb0   0x00000370   Code   RO         3997    i.EE_Init           eeprom_emul.o
    0x08001020   0x08001020   0x00000028   Code   RO         3998    i.EE_ReadVariable16bits  eeprom_emul.o
    0x08001048   0x08001048   0x00000028   Code   RO         3999    i.EE_ReadVariable32bits  eeprom_emul.o
    0x08001070   0x08001070   0x00000028   Code   RO         4000    i.EE_ReadVariable8bits  eeprom_emul.o
    0x08001098   0x08001098   0x0000002e   Code   RO         4001    i.EE_WriteVariable16bits  eeprom_emul.o
    0x080010c6   0x080010c6   0x0000002e   Code   RO         4002    i.EE_WriteVariable32bits  eeprom_emul.o
    0x080010f4   0x080010f4   0x0000002e   Code   RO         4003    i.EE_WriteVariable8bits  eeprom_emul.o
    0x08001122   0x08001122   0x00000002   PAD
    0x08001124   0x08001124   0x00000070   Code   RO          426    i.ENCODER_EX_read   encoder.o
    0x08001194   0x08001194   0x00000002   Code   RO          428    i.ENCODER_calib_end  encoder.o
    0x08001196   0x08001196   0x00000002   PAD
    0x08001198   0x08001198   0x000003c0   Code   RO          429    i.ENCODER_calib_loop  encoder.o
    0x08001558   0x08001558   0x0000002c   Code   RO          430    i.ENCODER_calib_start  encoder.o
    0x08001584   0x08001584   0x00000050   Code   RO          431    i.ENCODER_init      encoder.o
    0x080015d4   0x080015d4   0x000002cc   Code   RO          432    i.ENCODER_loop      encoder.o
    0x080018a0   0x080018a0   0x00000010   Code   RO            3    i.Error_Handler     main.o
    0x080018b0   0x080018b0   0x00000002   Code   RO         4117    i.FI_CacheFlush     flash_interface.o
    0x080018b2   0x080018b2   0x00000002   PAD
    0x080018b4   0x080018b4   0x00000058   Code   RO         4119    i.FI_PageErase      flash_interface.o
    0x0800190c   0x0800190c   0x00000054   Code   RO         4121    i.FI_WriteDoubleWord  flash_interface.o
    0x08001960   0x08001960   0x0000003c   Code   RO         4122    i.FI_flash_erase_page  flash_interface.o
    0x0800199c   0x0800199c   0x00000058   Code   RO         4123    i.FI_flash_write    flash_interface.o
    0x080019f4   0x080019f4   0x00000180   Code   RO         4004    i.FindPage          eeprom_emul.o
    0x08001b74   0x08001b74   0x0000004e   Code   RO         4005    i.GetPageState      eeprom_emul.o
    0x08001bc2   0x08001bc2   0x00000004   Code   RO          175    i.HardFault_Handler  gd32c10x_it.o
    0x08001bc6   0x08001bc6   0x00000002   PAD
    0x08001bc8   0x08001bc8   0x000000a4   Code   RO          493    i.MC_controlword_update  motor_ctrl.o
    0x08001c6c   0x08001c6c   0x00000128   Code   RO          494    i.MC_ctrl_param_update  motor_ctrl.o
    0x08001d94   0x08001d94   0x0000000c   Code   RO          496    i.MC_get_state      motor_ctrl.o
    0x08001da0   0x08001da0   0x000003b8   Code   RO          497    i.MC_high_priority_task  motor_ctrl.o
    0x08002158   0x08002158   0x00000058   Code   RO          498    i.MC_init           motor_ctrl.o
    0x080021b0   0x080021b0   0x000002ec   Code   RO          499    i.MC_low_priority_task  motor_ctrl.o
    0x0800249c   0x0800249c   0x0000029c   Code   RO          632    i.MC_modulate       motor_ctrl.o
    0x08002738   0x08002738   0x00000020   Code   RO          500    i.MC_pdo_interp_position  motor_ctrl.o
    0x08002758   0x08002758   0x00000040   Code   RO          501    i.MC_pdo_profile_position  motor_ctrl.o
    0x08002798   0x08002798   0x00000074   Code   RO          502    i.MC_pdo_profile_torque  motor_ctrl.o
    0x0800280c   0x0800280c   0x00000094   Code   RO          503    i.MC_pdo_profile_velocity  motor_ctrl.o
    0x080028a0   0x080028a0   0x00000058   Code   RO          504    i.MC_position_update  motor_ctrl.o
    0x080028f8   0x080028f8   0x00000030   Code   RO          505    i.MC_profile_update  motor_ctrl.o
    0x08002928   0x08002928   0x00000048   Code   RO          507    i.MC_set_state      motor_ctrl.o
    0x08002970   0x08002970   0x00000010   Code   RO          626    i.MC_target_sync    motor_ctrl.o
    0x08002980   0x08002980   0x00000094   Code   RO          508    i.MC_torque_update  motor_ctrl.o
    0x08002a14   0x08002a14   0x000000a8   Code   RO          509    i.MC_velocity_update  motor_ctrl.o
    0x08002abc   0x08002abc   0x0000000c   Code   RO          657    i.MP_is_run         motion_planner.o
    0x08002ac8   0x08002ac8   0x00000010   Code   RO          658    i.MP_reset          motion_planner.o
    0x08002ad8   0x08002ad8   0x0000022c   Code   RO          659    i.MP_trapezoid_pos_calculate  motion_planner.o
    0x08002d04   0x08002d04   0x0000015c   Code   RO          660    i.MP_trapezoid_pos_execute  motion_planner.o
    0x08002e60   0x08002e60   0x00000050   Code   RO          661    i.MP_trapezoid_torque_calculate  motion_planner.o
    0x08002eb0   0x08002eb0   0x00000058   Code   RO          662    i.MP_trapezoid_torque_execute  motion_planner.o
    0x08002f08   0x08002f08   0x000000b8   Code   RO          663    i.MP_trapezoid_vel_calculate  motion_planner.o
    0x08002fc0   0x08002fc0   0x00000088   Code   RO          664    i.MP_trapezoid_vel_execute  motion_planner.o
    0x08003048   0x08003048   0x00000004   Code   RO          176    i.MemManage_Handler  gd32c10x_it.o
    0x0800304c   0x0800304c   0x00000004   Code   RO          177    i.NMI_Handler       gd32c10x_it.o
    0x08003050   0x08003050   0x0000006c   Code   RO          725    i.OD_init           od.o
    0x080030bc   0x080030bc   0x00000080   Code   RO          726    i.OD_read           od.o
    0x0800313c   0x0800313c   0x00000034   Code   RO          727    i.OD_restore_defalt  od.o
    0x08003170   0x08003170   0x0000006c   Code   RO          728    i.OD_write_1        od.o
    0x080031dc   0x080031dc   0x0000006c   Code   RO          729    i.OD_write_2        od.o
    0x08003248   0x08003248   0x0000006c   Code   RO          730    i.OD_write_4        od.o
    0x080032b4   0x080032b4   0x00000018   Code   RO          830    i.PID_reset         pid.o
    0x080032cc   0x080032cc   0x0000001a   Code   RO          831    i.PID_setting       pid.o
    0x080032e6   0x080032e6   0x0000008c   Code   RO          854    i.PI_compute_serial  pid.o
    0x08003372   0x08003372   0x00000002   PAD
    0x08003374   0x08003374   0x000001a4   Code   RO         4006    i.PagesTransfer     eeprom_emul.o
    0x08003518   0x08003518   0x00000004   Code   RO          178    i.PendSV_Handler    gd32c10x_it.o
    0x0800351c   0x0800351c   0x000000d4   Code   RO         4007    i.ReadVariable      eeprom_emul.o
    0x080035f0   0x080035f0   0x000000c4   Code   RO          262    i.SOC_calibration_offset  soc.o
    0x080036b4   0x080036b4   0x000001ac   Code   RO          263    i.SOC_can_init      soc.o
    0x08003860   0x08003860   0x00000028   Code   RO          264    i.SOC_can_is_tx_busy  soc.o
    0x08003888   0x08003888   0x00000100   Code   RO          265    i.SOC_can_transmit  soc.o
    0x08003988   0x08003988   0x00000016   Code   RO          266    i.SOC_can_transmit_block  soc.o
    0x0800399e   0x0800399e   0x00000002   PAD
    0x080039a0   0x080039a0   0x000000e4   Code   RO          267    i.SOC_init          soc.o
    0x08003a84   0x08003a84   0x00000064   Code   RO          268    i.SOC_pwm_disable   soc.o
    0x08003ae8   0x08003ae8   0x00000078   Code   RO          269    i.SOC_pwm_enable    soc.o
    0x08003b60   0x08003b60   0x00000004   Code   RO          179    i.SVC_Handler       gd32c10x_it.o
    0x08003b64   0x08003b64   0x00000090   Code   RO         4008    i.SetPageState      eeprom_emul.o
    0x08003bf4   0x08003bf4   0x000000f8   Code   RO         3953    i.SystemInit        system_gd32c10x.o
    0x08003cec   0x08003cec   0x00000018   Code   RO          180    i.TIMER1_IRQHandler  gd32c10x_it.o
    0x08003d04   0x08003d04   0x00000004   Code   RO          181    i.UsageFault_Handler  gd32c10x_it.o
    0x08003d08   0x08003d08   0x000000a0   Code   RO         4009    i.VerifyPagesFullWriteVariable  eeprom_emul.o
    0x08003da8   0x08003da8   0x00000070   Code   RO         4170    i.__hardfp_floorf   m_wm.l(floorf.o)
    0x08003e18   0x08003e18   0x0000016c   Code   RO         4176    i.__hardfp_logf     m_wm.l(logf.o)
    0x08003f84   0x08003f84   0x0000003a   Code   RO         4190    i.__hardfp_sqrtf    m_wm.l(sqrtf.o)
    0x08003fbe   0x08003fbe   0x00000002   PAD
    0x08003fc0   0x08003fc0   0x00000014   Code   RO         4217    i.__mathlib_flt_divzero  m_wm.l(funder.o)
    0x08003fd4   0x08003fd4   0x00000006   Code   RO         4218    i.__mathlib_flt_infnan  m_wm.l(funder.o)
    0x08003fda   0x08003fda   0x00000002   PAD
    0x08003fdc   0x08003fdc   0x00000010   Code   RO         4220    i.__mathlib_flt_invalid  m_wm.l(funder.o)
    0x08003fec   0x08003fec   0x0000000e   Code   RO         4265    i.__scatterload_copy  mc_w.l(handlers.o)
    0x08003ffa   0x08003ffa   0x00000002   Code   RO         4266    i.__scatterload_null  mc_w.l(handlers.o)
    0x08003ffc   0x08003ffc   0x0000000e   Code   RO         4267    i.__scatterload_zeroinit  mc_w.l(handlers.o)
    0x0800400a   0x0800400a   0x00000002   PAD
    0x0800400c   0x0800400c   0x0000000c   Code   RO         4251    i.__set_errno       mc_w.l(errno.o)
    0x08004018   0x08004018   0x00000022   Code   RO         3576    i.adc_calibration_enable  gd32c10x_adc.o
    0x0800403a   0x0800403a   0x00000038   Code   RO         3577    i.adc_channel_length_config  gd32c10x_adc.o
    0x08004072   0x08004072   0x00000012   Code   RO         3578    i.adc_data_alignment_config  gd32c10x_adc.o
    0x08004084   0x08004084   0x0000003c   Code   RO         3579    i.adc_deinit        gd32c10x_adc.o
    0x080040c0   0x080040c0   0x0000000a   Code   RO         3583    i.adc_dma_mode_enable  gd32c10x_adc.o
    0x080040ca   0x080040ca   0x00000014   Code   RO         3584    i.adc_enable        gd32c10x_adc.o
    0x080040de   0x080040de   0x0000003e   Code   RO         3585    i.adc_external_trigger_config  gd32c10x_adc.o
    0x0800411c   0x0800411c   0x0000002a   Code   RO         3586    i.adc_external_trigger_source_config  gd32c10x_adc.o
    0x08004146   0x08004146   0x00000070   Code   RO         3589    i.adc_inserted_channel_config  gd32c10x_adc.o
    0x080041b6   0x080041b6   0x0000002e   Code   RO         3593    i.adc_interrupt_disable  gd32c10x_adc.o
    0x080041e4   0x080041e4   0x0000002e   Code   RO         3594    i.adc_interrupt_enable  gd32c10x_adc.o
    0x08004212   0x08004212   0x0000000a   Code   RO         3595    i.adc_interrupt_flag_clear  gd32c10x_adc.o
    0x0800421c   0x0800421c   0x00000018   Code   RO         3597    i.adc_mode_config   gd32c10x_adc.o
    0x08004234   0x08004234   0x000000a6   Code   RO         3601    i.adc_regular_channel_config  gd32c10x_adc.o
    0x080042da   0x080042da   0x00000018   Code   RO         3604    i.adc_resolution_config  gd32c10x_adc.o
    0x080042f2   0x080042f2   0x00000020   Code   RO         3605    i.adc_software_trigger_enable  gd32c10x_adc.o
    0x08004312   0x08004312   0x0000005a   Code   RO         3606    i.adc_special_function_config  gd32c10x_adc.o
    0x0800436c   0x0800436c   0x00000084   Code   RO          971    i.arm_cos_f32       util.o
    0x080043f0   0x080043f0   0x00000080   Code   RO          965    i.arm_sin_f32       util.o
    0x08004470   0x08004470   0x00000030   Code   RO         2998    i.can1_filter_start_bank  gd32c10x_can.o
    0x080044a0   0x080044a0   0x00000034   Code   RO         3001    i.can_deinit        gd32c10x_can.o
    0x080044d4   0x080044d4   0x000000ec   Code   RO         3006    i.can_fd_init       gd32c10x_can.o
    0x080045c0   0x080045c0   0x000000f4   Code   RO         3008    i.can_filter_init   gd32c10x_can.o
    0x080046b4   0x080046b4   0x0000016e   Code   RO         3013    i.can_init          gd32c10x_can.o
    0x08004822   0x08004822   0x0000000a   Code   RO         3014    i.can_interrupt_disable  gd32c10x_can.o
    0x0800482c   0x0800482c   0x00000008   Code   RO         3015    i.can_interrupt_enable  gd32c10x_can.o
    0x08004834   0x08004834   0x00000042   Code   RO         3026    i.can_transmission_stop  gd32c10x_can.o
    0x08004876   0x08004876   0x00000090   Code   RO         3030    i.can_working_mode_set  gd32c10x_can.o
    0x08004906   0x08004906   0x00000002   PAD
    0x08004908   0x08004908   0x00000054   Code   RO          872    i.crc16             util.o
    0x0800495c   0x0800495c   0x00000050   Code   RO          873    i.crc32             util.o
    0x080049ac   0x080049ac   0x00000010   Code   RO         3214    i.dbg_periph_enable  gd32c10x_dbg.o
    0x080049bc   0x080049bc   0x0000001a   Code   RO            4    i.delay_ms          main.o
    0x080049d6   0x080049d6   0x00000002   PAD
    0x080049d8   0x080049d8   0x0000018c   Code   RO          731    i.dictionary_init   od.o
    0x08004b64   0x08004b64   0x00000022   Code   RO         1063    i.dma_channel_enable  gd32c10x_dma.o
    0x08004b86   0x08004b86   0x00000022   Code   RO         1065    i.dma_circulation_enable  gd32c10x_dma.o
    0x08004ba8   0x08004ba8   0x0000003a   Code   RO         1066    i.dma_deinit        gd32c10x_dma.o
    0x08004be2   0x08004be2   0x0000007a   Code   RO         1069    i.dma_init          gd32c10x_dma.o
    0x08004c5c   0x08004c5c   0x00000086   Code   RO          983    i.fifoBuf_getData   fifo_buffer.o
    0x08004ce2   0x08004ce2   0x00000018   Code   RO          987    i.fifoBuf_getUsed   fifo_buffer.o
    0x08004cfa   0x08004cfa   0x0000000c   Code   RO          988    i.fifoBuf_init      fifo_buffer.o
    0x08004d06   0x08004d06   0x0000008a   Code   RO          990    i.fifoBuf_putData   fifo_buffer.o
    0x08004d90   0x08004d90   0x00000060   Code   RO          732    i.find_entry        od.o
    0x08004df0   0x08004df0   0x00000016   Code   RO          880    i.float_to_data     util.o
    0x08004e06   0x08004e06   0x00000002   PAD
    0x08004e08   0x08004e08   0x0000000c   Code   RO         1332    i.fmc_flag_clear    gd32c10x_fmc.o
    0x08004e14   0x08004e14   0x00000010   Code   RO         1341    i.fmc_lock          gd32c10x_fmc.o
    0x08004e24   0x08004e24   0x0000003c   Code   RO         1343    i.fmc_page_erase    gd32c10x_fmc.o
    0x08004e60   0x08004e60   0x00000048   Code   RO         1347    i.fmc_ready_wait    gd32c10x_fmc.o
    0x08004ea8   0x08004ea8   0x00000024   Code   RO         1348    i.fmc_unlock        gd32c10x_fmc.o
    0x08004ecc   0x08004ecc   0x00000038   Code   RO         1349    i.fmc_word_program  gd32c10x_fmc.o
    0x08004f04   0x08004f04   0x00000058   Code   RO         3272    i.fwdgt_config      gd32c10x_fwdgt.o
    0x08004f5c   0x08004f5c   0x00000010   Code   RO         3274    i.fwdgt_enable      gd32c10x_fwdgt.o
    0x08004f6c   0x08004f6c   0x00000004   Code   RO         1546    i.gpio_bit_reset    gd32c10x_gpio.o
    0x08004f70   0x08004f70   0x00000004   Code   RO         1547    i.gpio_bit_set      gd32c10x_gpio.o
    0x08004f74   0x08004f74   0x000000a4   Code   RO         1556    i.gpio_init         gd32c10x_gpio.o
    0x08005018   0x08005018   0x00000010   Code   RO         1561    i.gpio_pin_lock     gd32c10x_gpio.o
    0x08005028   0x08005028   0x0000006c   Code   RO         1562    i.gpio_pin_remap_config  gd32c10x_gpio.o
    0x08005094   0x08005094   0x00000750   Code   RO            5    i.main              main.o
    0x080057e4   0x080057e4   0x000000a4   Code   RO         1674    i.nvic_irq_enable   gd32c10x_misc.o
    0x08005888   0x08005888   0x00000014   Code   RO         1675    i.nvic_priority_group_set  gd32c10x_misc.o
    0x0800589c   0x0800589c   0x00000014   Code   RO         1676    i.nvic_vector_table_set  gd32c10x_misc.o
    0x080058b0   0x080058b0   0x000000b8   Code   RO          512    i.operation_mode_reset  motor_ctrl.o
    0x08005968   0x08005968   0x00000054   Code   RO         1822    i.rcu_adc_clock_config  gd32c10x_rcu.o
    0x080059bc   0x080059bc   0x0000001c   Code   RO         1848    i.rcu_osci_on       gd32c10x_rcu.o
    0x080059d8   0x080059d8   0x0000014c   Code   RO         1849    i.rcu_osci_stab_wait  gd32c10x_rcu.o
    0x08005b24   0x08005b24   0x0000001c   Code   RO         1851    i.rcu_periph_clock_enable  gd32c10x_rcu.o
    0x08005b40   0x08005b40   0x0000001e   Code   RO         1854    i.rcu_periph_reset_disable  gd32c10x_rcu.o
    0x08005b5e   0x08005b5e   0x0000001c   Code   RO         1855    i.rcu_periph_reset_enable  gd32c10x_rcu.o
    0x08005b7a   0x08005b7a   0x00000002   PAD
    0x08005b7c   0x08005b7c   0x000005c8   Code   RO          513    i.servo_loop        motor_ctrl.o
    0x08006144   0x08006144   0x0000000a   Code   RO         3343    i.spi_enable        gd32c10x_spi.o
    0x0800614e   0x0800614e   0x00000006   Code   RO         3345    i.spi_i2s_data_receive  gd32c10x_spi.o
    0x08006154   0x08006154   0x00000004   Code   RO         3346    i.spi_i2s_data_transmit  gd32c10x_spi.o
    0x08006158   0x08006158   0x00000056   Code   RO         3347    i.spi_i2s_deinit    gd32c10x_spi.o
    0x080061ae   0x080061ae   0x0000000a   Code   RO         3348    i.spi_i2s_flag_get  gd32c10x_spi.o
    0x080061b8   0x080061b8   0x0000002e   Code   RO         3352    i.spi_init          gd32c10x_spi.o
    0x080061e6   0x080061e6   0x00000010   Code   RO         3359    i.spi_struct_para_init  gd32c10x_spi.o
    0x080061f6   0x080061f6   0x00000022   Code   RO         2105    i.timer_break_config  gd32c10x_timer.o
    0x08006218   0x08006218   0x00000012   Code   RO         2108    i.timer_break_struct_para_init  gd32c10x_timer.o
    0x0800622a   0x0800622a   0x0000003e   Code   RO         2111    i.timer_channel_complementary_output_state_config  gd32c10x_timer.o
    0x08006268   0x08006268   0x000001e8   Code   RO         2118    i.timer_channel_output_config  gd32c10x_timer.o
    0x08006450   0x08006450   0x00000050   Code   RO         2120    i.timer_channel_output_mode_config  gd32c10x_timer.o
    0x080064a0   0x080064a0   0x00000020   Code   RO         2122    i.timer_channel_output_pulse_value_config  gd32c10x_timer.o
    0x080064c0   0x080064c0   0x00000050   Code   RO         2123    i.timer_channel_output_shadow_config  gd32c10x_timer.o
    0x08006510   0x08006510   0x00000050   Code   RO         2124    i.timer_channel_output_state_config  gd32c10x_timer.o
    0x08006560   0x08006560   0x00000010   Code   RO         2125    i.timer_channel_output_struct_para_init  gd32c10x_timer.o
    0x08006570   0x08006570   0x00000194   Code   RO         2131    i.timer_deinit      gd32c10x_timer.o
    0x08006704   0x08006704   0x0000000a   Code   RO         2136    i.timer_enable      gd32c10x_timer.o
    0x0800670e   0x0800670e   0x00000006   Code   RO         2143    i.timer_flag_clear  gd32c10x_timer.o
    0x08006714   0x08006714   0x0000000a   Code   RO         2144    i.timer_flag_get    gd32c10x_timer.o
    0x0800671e   0x0800671e   0x00000002   PAD
    0x08006720   0x08006720   0x000000c0   Code   RO         2146    i.timer_init        gd32c10x_timer.o
    0x080067e0   0x080067e0   0x00000008   Code   RO         2153    i.timer_interrupt_enable  gd32c10x_timer.o
    0x080067e8   0x080067e8   0x00000006   Code   RO         2154    i.timer_interrupt_flag_clear  gd32c10x_timer.o
    0x080067ee   0x080067ee   0x00000012   Code   RO         2161    i.timer_primary_output_config  gd32c10x_timer.o
    0x08006800   0x08006800   0x00000004   Code   RO         2163    i.timer_repetition_value_config  gd32c10x_timer.o
    0x08006804   0x08006804   0x00000014   Code   RO         2166    i.timer_struct_para_init  gd32c10x_timer.o
    0x08006818   0x08006818   0x00000010   Data   RO          270    .constdata          soc.o
    0x08006828   0x08006828   0x00000010   Data   RO          340    .constdata          com_can.o
    0x08006838   0x08006838   0x000003d0   Data   RO          734    .constdata          od.o
    0x08006c08   0x08006c08   0x00000f04   Data   RO          885    .constdata          util.o
    0x08007b0c   0x08007b0c   0x00000040   Data   RO         4179    .constdata          m_wm.l(logf.o)
    0x08007b4c   0x08007b4c   0x00000020   Data   RO         4263    Region$$Table       anon$$obj.o


    Execution Region RW_IRAM1 (Exec base: 0x20000000, Load base: 0x08007b6c, Size: 0x00006f88, Max: 0x00008000, ABSOLUTE, COMPRESSED[0x00000098])

    Exec Addr    Load Addr    Size         Type   Attr      Idx    E Section Name        Object

    0x20000000   COMPRESSED   0x00000010   Data   RW            6    .data               main.o
    0x20000010   COMPRESSED   0x00000006   Data   RW          271    .data               soc.o
    0x20000016   COMPRESSED   0x00000006   Data   RW          272    .data               soc.o
    0x2000001c   COMPRESSED   0x00000010   Data   RW          341    .data               com_can.o
    0x2000002c   COMPRESSED   0x00000004   PAD
    0x20000030   COMPRESSED   0x00003e68   Data   RW          434    .data               encoder.o
    0x20003e98   COMPRESSED   0x00000150   Data   RW          514    .data               motor_ctrl.o
    0x20003fe8   COMPRESSED   0x00000002   Data   RW          735    .data               od.o
    0x20003fea   COMPRESSED   0x00000002   PAD
    0x20003fec   COMPRESSED   0x00000004   Data   RW          797    .data               dfu.o
    0x20003ff0   COMPRESSED   0x0000000c   Data   RW         4010    .data               eeprom_emul.o
    0x20003ffc   COMPRESSED   0x00000004   Data   RW         4252    .data               mc_w.l(errno.o)
    0x20004000        -       0x00002664   Zero   RW          339    .bss                com_can.o
    0x20006664        -       0x00000054   Zero   RW          665    .bss                motion_planner.o
    0x200066b8        -       0x000000d0   Zero   RW          733    .bss                od.o
    0x20006788        -       0x00000800   Zero   RW         3982    STACK               startup_gd32c10x.o


==============================================================================

Image component sizes


      Code (inc. data)   RO Data    RW Data    ZI Data      Debug   Object Name

      1600        136         16         16       9828      14423   com_can.o
       340         30          0          4          0       4736   dfu.o
      2770         62          0         12          0      19245   eeprom_emul.o
      1914        140          0      15976          0       8218   encoder.o
       308          0          0          0          0       4529   fifo_buffer.o
       322         16          0          0          0       5233   flash_interface.o
       852          6          0          0          0      12611   gd32c10x_adc.o
      1174         28          0          0          0       9065   gd32c10x_can.o
        16          6          0          0          0        612   gd32c10x_dbg.o
       248          0          0          0          0       3802   gd32c10x_dma.o
       252         38          0          0          0       5307   gd32c10x_fmc.o
       104         14          0          0          0       1470   gd32c10x_fwdgt.o
       296          6          0          0          0       3880   gd32c10x_gpio.o
        80         10          0          0          0       5602   gd32c10x_it.o
       204         20          0          0          0       2876   gd32c10x_misc.o
       530         38          0          0          0       5992   gd32c10x_rcu.o
       178          0          0          0          0       5554   gd32c10x_spi.o
      1568         28          0          0          0      15621   gd32c10x_timer.o
      1914         88          0         16          0     112983   main.o
      1420         78          0          0         84      13376   motion_planner.o
      5492        486          0        336          0      29581   motor_ctrl.o
      1104         88        976          2        208       9293   od.o
       190          6          0          0          0       2764   pid.o
      1390         74         16         12          0       9631   soc.o
        36          8        336          0       2048        900   startup_gd32c10x.o
       248         18          0          0          0       1617   system_gd32c10x.o
       446         40       3844          0          0       4612   util.o

    ----------------------------------------------------------------------
     25020       1464       5220      16380      12168     313533   Object Totals
         0          0         32          0          0          0   (incl. Generated)
        24          0          0          6          0          0   (incl. Padding)

    ----------------------------------------------------------------------

      Code (inc. data)   RO Data    RW Data    ZI Data      Debug   Library Member Name

       112         14          0          0          0        116   floorf.o
        42         12          0          0          0        348   funder.o
       364         44         64          0          0        140   logf.o
        58          0          0          0          0        136   sqrtf.o
        58          0          0          0          0          0   __dczerorl.o
         0          0          0          0          0          0   entry.o
         0          0          0          0          0          0   entry10a.o
         0          0          0          0          0          0   entry11a.o
         8          4          0          0          0          0   entry2.o
         4          0          0          0          0          0   entry5.o
         0          0          0          0          0          0   entry7b.o
         0          0          0          0          0          0   entry8b.o
         8          4          0          0          0          0   entry9a.o
        12          6          0          4          0         68   errno.o
        30          0          0          0          0          0   handlers.o
        36          8          0          0          0         68   init.o
         0          0          0          0          0          0   iusefp.o
        98          0          0          0          0         84   ldiv.o
        30          0          0          0          0         68   llshl.o
        32          0          0          0          0         68   llushr.o
        36          0          0          0          0         68   memcpya.o
        36          0          0          0          0        108   memseta.o
        98          0          0          0          0         92   uldiv.o
       110          0          0          0          0        168   fepilogue.o
        66          0          0          0          0         76   ffixl.o
        44          0          0          0          0         92   ffltl.o

    ----------------------------------------------------------------------
      1292         92         64          4          0       1700   Library Totals
        10          0          0          0          0          0   (incl. Padding)

    ----------------------------------------------------------------------

      Code (inc. data)   RO Data    RW Data    ZI Data      Debug   Library Name

       576         70         64          0          0        740   m_wm.l
       486         22          0          4          0        624   mc_w.l
       220          0          0          0          0        336   mf_w.l

    ----------------------------------------------------------------------
      1292         92         64          4          0       1700   Library Totals

    ----------------------------------------------------------------------

==============================================================================


      Code (inc. data)   RO Data    RW Data    ZI Data      Debug   

     26312       1556       5284      16384      12168     298101   Grand Totals
     26312       1556       5284        152      12168     298101   ELF Image Totals (compressed)
     26312       1556       5284        152          0          0   ROM Totals

==============================================================================

    Total RO  Size (Code + RO Data)                31596 (  30.86kB)
    Total RW  Size (RW Data + ZI Data)             28552 (  27.88kB)
    Total ROM Size (Code + RO Data + RW Data)      31748 (  31.00kB)

==============================================================================

