<!doctype html public "-//w3c//dtd html 4.0 transitional//en">
<html><head>
<title>Static Call Graph - [.\object\dgm_boot.axf]</title></head>
<body><HR>
<H1>Static Call Graph for image .\object\dgm_boot.axf</H1><HR>
<BR><P>#&#060CALLGRAPH&#062# ARM Linker, 5060960: Last Updated: Mon Sep 15 15:45:53 2025
<BR><P>
<H3>Maximum Stack Usage =         16 bytes + Unknown(Cycles, Untraceable Function Pointers)</H3><H3>
Call chain for Maximum Stack Depth:</H3>
main &rArr; fmc_word_program
<P>
<H3>
Mutually Recursive functions
</H3> <LI><a href="#[9]">SysTick_Handler</a>&nbsp;&nbsp;&nbsp;&rArr;&nbsp;&nbsp;&nbsp;<a href="#[9]">SysTick_Handler</a><BR>
 <LI><a href="#[1c]">ADC0_1_IRQHandler</a>&nbsp;&nbsp;&nbsp;&rArr;&nbsp;&nbsp;&nbsp;<a href="#[1c]">ADC0_1_IRQHandler</a><BR>
 <LI><a href="#[4]">BusFault_Handler</a>&nbsp;&nbsp;&nbsp;&rArr;&nbsp;&nbsp;&nbsp;<a href="#[4]">BusFault_Handler</a><BR>
 <LI><a href="#[7]">DebugMon_Handler</a>&nbsp;&nbsp;&nbsp;&rArr;&nbsp;&nbsp;&nbsp;<a href="#[7]">DebugMon_Handler</a><BR>
 <LI><a href="#[2]">HardFault_Handler</a>&nbsp;&nbsp;&nbsp;&rArr;&nbsp;&nbsp;&nbsp;<a href="#[2]">HardFault_Handler</a><BR>
 <LI><a href="#[3]">MemManage_Handler</a>&nbsp;&nbsp;&nbsp;&rArr;&nbsp;&nbsp;&nbsp;<a href="#[3]">MemManage_Handler</a><BR>
 <LI><a href="#[1]">NMI_Handler</a>&nbsp;&nbsp;&nbsp;&rArr;&nbsp;&nbsp;&nbsp;<a href="#[1]">NMI_Handler</a><BR>
 <LI><a href="#[8]">PendSV_Handler</a>&nbsp;&nbsp;&nbsp;&rArr;&nbsp;&nbsp;&nbsp;<a href="#[8]">PendSV_Handler</a><BR>
 <LI><a href="#[6]">SVC_Handler</a>&nbsp;&nbsp;&nbsp;&rArr;&nbsp;&nbsp;&nbsp;<a href="#[6]">SVC_Handler</a><BR>
 <LI><a href="#[5]">UsageFault_Handler</a>&nbsp;&nbsp;&nbsp;&rArr;&nbsp;&nbsp;&nbsp;<a href="#[5]">UsageFault_Handler</a><BR>
</UL>
<P>
<H3>
Function Pointers
</H3><UL>
 <LI><a href="#[1c]">ADC0_1_IRQHandler</a> from startup_gd32c10x.o(.text) referenced from startup_gd32c10x.o(RESET)
 <LI><a href="#[4]">BusFault_Handler</a> from gd32c10x_it.o(i.BusFault_Handler) referenced from startup_gd32c10x.o(RESET)
 <LI><a href="#[20]">CAN0_EWMC_IRQHandler</a> from startup_gd32c10x.o(.text) referenced from startup_gd32c10x.o(RESET)
 <LI><a href="#[1e]">CAN0_RX0_IRQHandler</a> from startup_gd32c10x.o(.text) referenced from startup_gd32c10x.o(RESET)
 <LI><a href="#[1f]">CAN0_RX1_IRQHandler</a> from startup_gd32c10x.o(.text) referenced from startup_gd32c10x.o(RESET)
 <LI><a href="#[1d]">CAN0_TX_IRQHandler</a> from startup_gd32c10x.o(.text) referenced from startup_gd32c10x.o(RESET)
 <LI><a href="#[48]">CAN1_EWMC_IRQHandler</a> from startup_gd32c10x.o(.text) referenced from startup_gd32c10x.o(RESET)
 <LI><a href="#[46]">CAN1_RX0_IRQHandler</a> from startup_gd32c10x.o(.text) referenced from startup_gd32c10x.o(RESET)
 <LI><a href="#[47]">CAN1_RX1_IRQHandler</a> from startup_gd32c10x.o(.text) referenced from startup_gd32c10x.o(RESET)
 <LI><a href="#[45]">CAN1_TX_IRQHandler</a> from startup_gd32c10x.o(.text) referenced from startup_gd32c10x.o(RESET)
 <LI><a href="#[15]">DMA0_Channel0_IRQHandler</a> from startup_gd32c10x.o(.text) referenced from startup_gd32c10x.o(RESET)
 <LI><a href="#[16]">DMA0_Channel1_IRQHandler</a> from startup_gd32c10x.o(.text) referenced from startup_gd32c10x.o(RESET)
 <LI><a href="#[17]">DMA0_Channel2_IRQHandler</a> from startup_gd32c10x.o(.text) referenced from startup_gd32c10x.o(RESET)
 <LI><a href="#[18]">DMA0_Channel3_IRQHandler</a> from startup_gd32c10x.o(.text) referenced from startup_gd32c10x.o(RESET)
 <LI><a href="#[19]">DMA0_Channel4_IRQHandler</a> from startup_gd32c10x.o(.text) referenced from startup_gd32c10x.o(RESET)
 <LI><a href="#[1a]">DMA0_Channel5_IRQHandler</a> from startup_gd32c10x.o(.text) referenced from startup_gd32c10x.o(RESET)
 <LI><a href="#[1b]">DMA0_Channel6_IRQHandler</a> from startup_gd32c10x.o(.text) referenced from startup_gd32c10x.o(RESET)
 <LI><a href="#[40]">DMA1_Channel0_IRQHandler</a> from startup_gd32c10x.o(.text) referenced from startup_gd32c10x.o(RESET)
 <LI><a href="#[41]">DMA1_Channel1_IRQHandler</a> from startup_gd32c10x.o(.text) referenced from startup_gd32c10x.o(RESET)
 <LI><a href="#[42]">DMA1_Channel2_IRQHandler</a> from startup_gd32c10x.o(.text) referenced from startup_gd32c10x.o(RESET)
 <LI><a href="#[43]">DMA1_Channel3_IRQHandler</a> from startup_gd32c10x.o(.text) referenced from startup_gd32c10x.o(RESET)
 <LI><a href="#[44]">DMA1_Channel4_IRQHandler</a> from startup_gd32c10x.o(.text) referenced from startup_gd32c10x.o(RESET)
 <LI><a href="#[7]">DebugMon_Handler</a> from gd32c10x_it.o(i.DebugMon_Handler) referenced from startup_gd32c10x.o(RESET)
 <LI><a href="#[39]">EXMC_IRQHandler</a> from startup_gd32c10x.o(.text) referenced from startup_gd32c10x.o(RESET)
 <LI><a href="#[10]">EXTI0_IRQHandler</a> from startup_gd32c10x.o(.text) referenced from startup_gd32c10x.o(RESET)
 <LI><a href="#[32]">EXTI10_15_IRQHandler</a> from startup_gd32c10x.o(.text) referenced from startup_gd32c10x.o(RESET)
 <LI><a href="#[11]">EXTI1_IRQHandler</a> from startup_gd32c10x.o(.text) referenced from startup_gd32c10x.o(RESET)
 <LI><a href="#[12]">EXTI2_IRQHandler</a> from startup_gd32c10x.o(.text) referenced from startup_gd32c10x.o(RESET)
 <LI><a href="#[13]">EXTI3_IRQHandler</a> from startup_gd32c10x.o(.text) referenced from startup_gd32c10x.o(RESET)
 <LI><a href="#[14]">EXTI4_IRQHandler</a> from startup_gd32c10x.o(.text) referenced from startup_gd32c10x.o(RESET)
 <LI><a href="#[21]">EXTI5_9_IRQHandler</a> from startup_gd32c10x.o(.text) referenced from startup_gd32c10x.o(RESET)
 <LI><a href="#[e]">FMC_IRQHandler</a> from startup_gd32c10x.o(.text) referenced from startup_gd32c10x.o(RESET)
 <LI><a href="#[2]">HardFault_Handler</a> from gd32c10x_it.o(i.HardFault_Handler) referenced from startup_gd32c10x.o(RESET)
 <LI><a href="#[2a]">I2C0_ER_IRQHandler</a> from startup_gd32c10x.o(.text) referenced from startup_gd32c10x.o(RESET)
 <LI><a href="#[29]">I2C0_EV_IRQHandler</a> from startup_gd32c10x.o(.text) referenced from startup_gd32c10x.o(RESET)
 <LI><a href="#[2c]">I2C1_ER_IRQHandler</a> from startup_gd32c10x.o(.text) referenced from startup_gd32c10x.o(RESET)
 <LI><a href="#[2b]">I2C1_EV_IRQHandler</a> from startup_gd32c10x.o(.text) referenced from startup_gd32c10x.o(RESET)
 <LI><a href="#[b]">LVD_IRQHandler</a> from startup_gd32c10x.o(.text) referenced from startup_gd32c10x.o(RESET)
 <LI><a href="#[3]">MemManage_Handler</a> from gd32c10x_it.o(i.MemManage_Handler) referenced from startup_gd32c10x.o(RESET)
 <LI><a href="#[1]">NMI_Handler</a> from gd32c10x_it.o(i.NMI_Handler) referenced from startup_gd32c10x.o(RESET)
 <LI><a href="#[8]">PendSV_Handler</a> from gd32c10x_it.o(i.PendSV_Handler) referenced from startup_gd32c10x.o(RESET)
 <LI><a href="#[f]">RCU_CTC_IRQHandler</a> from startup_gd32c10x.o(.text) referenced from startup_gd32c10x.o(RESET)
 <LI><a href="#[33]">RTC_Alarm_IRQHandler</a> from startup_gd32c10x.o(.text) referenced from startup_gd32c10x.o(RESET)
 <LI><a href="#[d]">RTC_IRQHandler</a> from startup_gd32c10x.o(.text) referenced from startup_gd32c10x.o(RESET)
 <LI><a href="#[0]">Reset_Handler</a> from startup_gd32c10x.o(.text) referenced from startup_gd32c10x.o(RESET)
 <LI><a href="#[2d]">SPI0_IRQHandler</a> from startup_gd32c10x.o(.text) referenced from startup_gd32c10x.o(RESET)
 <LI><a href="#[2e]">SPI1_IRQHandler</a> from startup_gd32c10x.o(.text) referenced from startup_gd32c10x.o(RESET)
 <LI><a href="#[3b]">SPI2_IRQHandler</a> from startup_gd32c10x.o(.text) referenced from startup_gd32c10x.o(RESET)
 <LI><a href="#[6]">SVC_Handler</a> from gd32c10x_it.o(i.SVC_Handler) referenced from startup_gd32c10x.o(RESET)
 <LI><a href="#[9]">SysTick_Handler</a> from startup_gd32c10x.o(.text) referenced from startup_gd32c10x.o(RESET)
 <LI><a href="#[c]">TAMPER_IRQHandler</a> from startup_gd32c10x.o(.text) referenced from startup_gd32c10x.o(RESET)
 <LI><a href="#[22]">TIMER0_BRK_TIMER8_IRQHandler</a> from startup_gd32c10x.o(.text) referenced from startup_gd32c10x.o(RESET)
 <LI><a href="#[25]">TIMER0_Channel_IRQHandler</a> from startup_gd32c10x.o(.text) referenced from startup_gd32c10x.o(RESET)
 <LI><a href="#[24]">TIMER0_TRG_CMT_TIMER10_IRQHandler</a> from startup_gd32c10x.o(.text) referenced from startup_gd32c10x.o(RESET)
 <LI><a href="#[23]">TIMER0_UP_TIMER9_IRQHandler</a> from startup_gd32c10x.o(.text) referenced from startup_gd32c10x.o(RESET)
 <LI><a href="#[26]">TIMER1_IRQHandler</a> from startup_gd32c10x.o(.text) referenced from startup_gd32c10x.o(RESET)
 <LI><a href="#[27]">TIMER2_IRQHandler</a> from startup_gd32c10x.o(.text) referenced from startup_gd32c10x.o(RESET)
 <LI><a href="#[28]">TIMER3_IRQHandler</a> from startup_gd32c10x.o(.text) referenced from startup_gd32c10x.o(RESET)
 <LI><a href="#[3a]">TIMER4_IRQHandler</a> from startup_gd32c10x.o(.text) referenced from startup_gd32c10x.o(RESET)
 <LI><a href="#[3e]">TIMER5_IRQHandler</a> from startup_gd32c10x.o(.text) referenced from startup_gd32c10x.o(RESET)
 <LI><a href="#[3f]">TIMER6_IRQHandler</a> from startup_gd32c10x.o(.text) referenced from startup_gd32c10x.o(RESET)
 <LI><a href="#[35]">TIMER7_BRK_TIMER11_IRQHandler</a> from startup_gd32c10x.o(.text) referenced from startup_gd32c10x.o(RESET)
 <LI><a href="#[38]">TIMER7_Channel_IRQHandler</a> from startup_gd32c10x.o(.text) referenced from startup_gd32c10x.o(RESET)
 <LI><a href="#[37]">TIMER7_TRG_CMT_TIMER13_IRQHandler</a> from startup_gd32c10x.o(.text) referenced from startup_gd32c10x.o(RESET)
 <LI><a href="#[36]">TIMER7_UP_TIMER12_IRQHandler</a> from startup_gd32c10x.o(.text) referenced from startup_gd32c10x.o(RESET)
 <LI><a href="#[3c]">UART3_IRQHandler</a> from startup_gd32c10x.o(.text) referenced from startup_gd32c10x.o(RESET)
 <LI><a href="#[3d]">UART4_IRQHandler</a> from startup_gd32c10x.o(.text) referenced from startup_gd32c10x.o(RESET)
 <LI><a href="#[2f]">USART0_IRQHandler</a> from startup_gd32c10x.o(.text) referenced from startup_gd32c10x.o(RESET)
 <LI><a href="#[30]">USART1_IRQHandler</a> from startup_gd32c10x.o(.text) referenced from startup_gd32c10x.o(RESET)
 <LI><a href="#[31]">USART2_IRQHandler</a> from startup_gd32c10x.o(.text) referenced from startup_gd32c10x.o(RESET)
 <LI><a href="#[49]">USBFS_IRQHandler</a> from startup_gd32c10x.o(.text) referenced from startup_gd32c10x.o(RESET)
 <LI><a href="#[34]">USBFS_WKUP_IRQHandler</a> from startup_gd32c10x.o(.text) referenced from startup_gd32c10x.o(RESET)
 <LI><a href="#[5]">UsageFault_Handler</a> from gd32c10x_it.o(i.UsageFault_Handler) referenced from startup_gd32c10x.o(RESET)
 <LI><a href="#[a]">WWDGT_IRQHandler</a> from startup_gd32c10x.o(.text) referenced from startup_gd32c10x.o(RESET)
 <LI><a href="#[4b]">__main</a> from entry.o(.ARM.Collect$$$$00000000) referenced from startup_gd32c10x.o(.text)
 <LI><a href="#[4a]">main</a> from main.o(i.main) referenced from entry9a.o(.ARM.Collect$$$$0000000B)
</UL>
<P>
<H3>
Global Symbols
</H3>
<P><STRONG><a name="[4b]"></a>__main</STRONG> (Thumb, 0 bytes, Stack size unknown bytes, entry.o(.ARM.Collect$$$$00000000))
<BR>[Address Reference Count : 1]<UL><LI> startup_gd32c10x.o(.text)
</UL>
<P><STRONG><a name="[55]"></a>_main_stk</STRONG> (Thumb, 0 bytes, Stack size unknown bytes, entry2.o(.ARM.Collect$$$$00000001))

<P><STRONG><a name="[4c]"></a>_main_scatterload</STRONG> (Thumb, 0 bytes, Stack size unknown bytes, entry5.o(.ARM.Collect$$$$00000004))
<BR><BR>[Calls]<UL><LI><a href="#[4d]">&gt;&gt;</a>&nbsp;&nbsp;&nbsp;__scatterload
</UL>

<P><STRONG><a name="[4e]"></a>__main_after_scatterload</STRONG> (Thumb, 0 bytes, Stack size unknown bytes, entry5.o(.ARM.Collect$$$$00000004))
<BR><BR>[Called By]<UL><LI><a href="#[4d]">&gt;&gt;</a>&nbsp;&nbsp;&nbsp;__scatterload
</UL>

<P><STRONG><a name="[56]"></a>_main_clock</STRONG> (Thumb, 0 bytes, Stack size unknown bytes, entry7b.o(.ARM.Collect$$$$00000008))

<P><STRONG><a name="[57]"></a>_main_cpp_init</STRONG> (Thumb, 0 bytes, Stack size unknown bytes, entry8b.o(.ARM.Collect$$$$0000000A))

<P><STRONG><a name="[58]"></a>_main_init</STRONG> (Thumb, 0 bytes, Stack size unknown bytes, entry9a.o(.ARM.Collect$$$$0000000B))

<P><STRONG><a name="[59]"></a>__rt_lib_shutdown_fini</STRONG> (Thumb, 0 bytes, Stack size unknown bytes, entry12b.o(.ARM.Collect$$$$0000000E))

<P><STRONG><a name="[5a]"></a>__rt_final_cpp</STRONG> (Thumb, 0 bytes, Stack size unknown bytes, entry10a.o(.ARM.Collect$$$$0000000F))

<P><STRONG><a name="[5b]"></a>__rt_final_exit</STRONG> (Thumb, 0 bytes, Stack size unknown bytes, entry11a.o(.ARM.Collect$$$$00000011))

<P><STRONG><a name="[0]"></a>Reset_Handler</STRONG> (Thumb, 4 bytes, Stack size 0 bytes, startup_gd32c10x.o(.text))
<BR>[Address Reference Count : 1]<UL><LI> startup_gd32c10x.o(RESET)
</UL>
<P><STRONG><a name="[9]"></a>SysTick_Handler</STRONG> (Thumb, 2 bytes, Stack size 0 bytes, startup_gd32c10x.o(.text))
<BR><BR>[Calls]<UL><LI><a href="#[9]">&gt;&gt;</a>&nbsp;&nbsp;&nbsp;SysTick_Handler
</UL>
<BR>[Called By]<UL><LI><a href="#[9]">&gt;&gt;</a>&nbsp;&nbsp;&nbsp;SysTick_Handler
</UL>
<BR>[Address Reference Count : 1]<UL><LI> startup_gd32c10x.o(RESET)
</UL>
<P><STRONG><a name="[1c]"></a>ADC0_1_IRQHandler</STRONG> (Thumb, 0 bytes, Stack size 0 bytes, startup_gd32c10x.o(.text))
<BR><BR>[Calls]<UL><LI><a href="#[1c]">&gt;&gt;</a>&nbsp;&nbsp;&nbsp;ADC0_1_IRQHandler
</UL>
<BR>[Called By]<UL><LI><a href="#[1c]">&gt;&gt;</a>&nbsp;&nbsp;&nbsp;ADC0_1_IRQHandler
</UL>
<BR>[Address Reference Count : 1]<UL><LI> startup_gd32c10x.o(RESET)
</UL>
<P><STRONG><a name="[20]"></a>CAN0_EWMC_IRQHandler</STRONG> (Thumb, 0 bytes, Stack size 0 bytes, startup_gd32c10x.o(.text))
<BR>[Address Reference Count : 1]<UL><LI> startup_gd32c10x.o(RESET)
</UL>
<P><STRONG><a name="[1e]"></a>CAN0_RX0_IRQHandler</STRONG> (Thumb, 0 bytes, Stack size 0 bytes, startup_gd32c10x.o(.text))
<BR>[Address Reference Count : 1]<UL><LI> startup_gd32c10x.o(RESET)
</UL>
<P><STRONG><a name="[1f]"></a>CAN0_RX1_IRQHandler</STRONG> (Thumb, 0 bytes, Stack size 0 bytes, startup_gd32c10x.o(.text))
<BR>[Address Reference Count : 1]<UL><LI> startup_gd32c10x.o(RESET)
</UL>
<P><STRONG><a name="[1d]"></a>CAN0_TX_IRQHandler</STRONG> (Thumb, 0 bytes, Stack size 0 bytes, startup_gd32c10x.o(.text))
<BR>[Address Reference Count : 1]<UL><LI> startup_gd32c10x.o(RESET)
</UL>
<P><STRONG><a name="[48]"></a>CAN1_EWMC_IRQHandler</STRONG> (Thumb, 0 bytes, Stack size 0 bytes, startup_gd32c10x.o(.text))
<BR>[Address Reference Count : 1]<UL><LI> startup_gd32c10x.o(RESET)
</UL>
<P><STRONG><a name="[46]"></a>CAN1_RX0_IRQHandler</STRONG> (Thumb, 0 bytes, Stack size 0 bytes, startup_gd32c10x.o(.text))
<BR>[Address Reference Count : 1]<UL><LI> startup_gd32c10x.o(RESET)
</UL>
<P><STRONG><a name="[47]"></a>CAN1_RX1_IRQHandler</STRONG> (Thumb, 0 bytes, Stack size 0 bytes, startup_gd32c10x.o(.text))
<BR>[Address Reference Count : 1]<UL><LI> startup_gd32c10x.o(RESET)
</UL>
<P><STRONG><a name="[45]"></a>CAN1_TX_IRQHandler</STRONG> (Thumb, 0 bytes, Stack size 0 bytes, startup_gd32c10x.o(.text))
<BR>[Address Reference Count : 1]<UL><LI> startup_gd32c10x.o(RESET)
</UL>
<P><STRONG><a name="[15]"></a>DMA0_Channel0_IRQHandler</STRONG> (Thumb, 0 bytes, Stack size 0 bytes, startup_gd32c10x.o(.text))
<BR>[Address Reference Count : 1]<UL><LI> startup_gd32c10x.o(RESET)
</UL>
<P><STRONG><a name="[16]"></a>DMA0_Channel1_IRQHandler</STRONG> (Thumb, 0 bytes, Stack size 0 bytes, startup_gd32c10x.o(.text))
<BR>[Address Reference Count : 1]<UL><LI> startup_gd32c10x.o(RESET)
</UL>
<P><STRONG><a name="[17]"></a>DMA0_Channel2_IRQHandler</STRONG> (Thumb, 0 bytes, Stack size 0 bytes, startup_gd32c10x.o(.text))
<BR>[Address Reference Count : 1]<UL><LI> startup_gd32c10x.o(RESET)
</UL>
<P><STRONG><a name="[18]"></a>DMA0_Channel3_IRQHandler</STRONG> (Thumb, 0 bytes, Stack size 0 bytes, startup_gd32c10x.o(.text))
<BR>[Address Reference Count : 1]<UL><LI> startup_gd32c10x.o(RESET)
</UL>
<P><STRONG><a name="[19]"></a>DMA0_Channel4_IRQHandler</STRONG> (Thumb, 0 bytes, Stack size 0 bytes, startup_gd32c10x.o(.text))
<BR>[Address Reference Count : 1]<UL><LI> startup_gd32c10x.o(RESET)
</UL>
<P><STRONG><a name="[1a]"></a>DMA0_Channel5_IRQHandler</STRONG> (Thumb, 0 bytes, Stack size 0 bytes, startup_gd32c10x.o(.text))
<BR>[Address Reference Count : 1]<UL><LI> startup_gd32c10x.o(RESET)
</UL>
<P><STRONG><a name="[1b]"></a>DMA0_Channel6_IRQHandler</STRONG> (Thumb, 0 bytes, Stack size 0 bytes, startup_gd32c10x.o(.text))
<BR>[Address Reference Count : 1]<UL><LI> startup_gd32c10x.o(RESET)
</UL>
<P><STRONG><a name="[40]"></a>DMA1_Channel0_IRQHandler</STRONG> (Thumb, 0 bytes, Stack size 0 bytes, startup_gd32c10x.o(.text))
<BR>[Address Reference Count : 1]<UL><LI> startup_gd32c10x.o(RESET)
</UL>
<P><STRONG><a name="[41]"></a>DMA1_Channel1_IRQHandler</STRONG> (Thumb, 0 bytes, Stack size 0 bytes, startup_gd32c10x.o(.text))
<BR>[Address Reference Count : 1]<UL><LI> startup_gd32c10x.o(RESET)
</UL>
<P><STRONG><a name="[42]"></a>DMA1_Channel2_IRQHandler</STRONG> (Thumb, 0 bytes, Stack size 0 bytes, startup_gd32c10x.o(.text))
<BR>[Address Reference Count : 1]<UL><LI> startup_gd32c10x.o(RESET)
</UL>
<P><STRONG><a name="[43]"></a>DMA1_Channel3_IRQHandler</STRONG> (Thumb, 0 bytes, Stack size 0 bytes, startup_gd32c10x.o(.text))
<BR>[Address Reference Count : 1]<UL><LI> startup_gd32c10x.o(RESET)
</UL>
<P><STRONG><a name="[44]"></a>DMA1_Channel4_IRQHandler</STRONG> (Thumb, 0 bytes, Stack size 0 bytes, startup_gd32c10x.o(.text))
<BR>[Address Reference Count : 1]<UL><LI> startup_gd32c10x.o(RESET)
</UL>
<P><STRONG><a name="[39]"></a>EXMC_IRQHandler</STRONG> (Thumb, 0 bytes, Stack size 0 bytes, startup_gd32c10x.o(.text))
<BR>[Address Reference Count : 1]<UL><LI> startup_gd32c10x.o(RESET)
</UL>
<P><STRONG><a name="[10]"></a>EXTI0_IRQHandler</STRONG> (Thumb, 0 bytes, Stack size 0 bytes, startup_gd32c10x.o(.text))
<BR>[Address Reference Count : 1]<UL><LI> startup_gd32c10x.o(RESET)
</UL>
<P><STRONG><a name="[32]"></a>EXTI10_15_IRQHandler</STRONG> (Thumb, 0 bytes, Stack size 0 bytes, startup_gd32c10x.o(.text))
<BR>[Address Reference Count : 1]<UL><LI> startup_gd32c10x.o(RESET)
</UL>
<P><STRONG><a name="[11]"></a>EXTI1_IRQHandler</STRONG> (Thumb, 0 bytes, Stack size 0 bytes, startup_gd32c10x.o(.text))
<BR>[Address Reference Count : 1]<UL><LI> startup_gd32c10x.o(RESET)
</UL>
<P><STRONG><a name="[12]"></a>EXTI2_IRQHandler</STRONG> (Thumb, 0 bytes, Stack size 0 bytes, startup_gd32c10x.o(.text))
<BR>[Address Reference Count : 1]<UL><LI> startup_gd32c10x.o(RESET)
</UL>
<P><STRONG><a name="[13]"></a>EXTI3_IRQHandler</STRONG> (Thumb, 0 bytes, Stack size 0 bytes, startup_gd32c10x.o(.text))
<BR>[Address Reference Count : 1]<UL><LI> startup_gd32c10x.o(RESET)
</UL>
<P><STRONG><a name="[14]"></a>EXTI4_IRQHandler</STRONG> (Thumb, 0 bytes, Stack size 0 bytes, startup_gd32c10x.o(.text))
<BR>[Address Reference Count : 1]<UL><LI> startup_gd32c10x.o(RESET)
</UL>
<P><STRONG><a name="[21]"></a>EXTI5_9_IRQHandler</STRONG> (Thumb, 0 bytes, Stack size 0 bytes, startup_gd32c10x.o(.text))
<BR>[Address Reference Count : 1]<UL><LI> startup_gd32c10x.o(RESET)
</UL>
<P><STRONG><a name="[e]"></a>FMC_IRQHandler</STRONG> (Thumb, 0 bytes, Stack size 0 bytes, startup_gd32c10x.o(.text))
<BR>[Address Reference Count : 1]<UL><LI> startup_gd32c10x.o(RESET)
</UL>
<P><STRONG><a name="[2a]"></a>I2C0_ER_IRQHandler</STRONG> (Thumb, 0 bytes, Stack size 0 bytes, startup_gd32c10x.o(.text))
<BR>[Address Reference Count : 1]<UL><LI> startup_gd32c10x.o(RESET)
</UL>
<P><STRONG><a name="[29]"></a>I2C0_EV_IRQHandler</STRONG> (Thumb, 0 bytes, Stack size 0 bytes, startup_gd32c10x.o(.text))
<BR>[Address Reference Count : 1]<UL><LI> startup_gd32c10x.o(RESET)
</UL>
<P><STRONG><a name="[2c]"></a>I2C1_ER_IRQHandler</STRONG> (Thumb, 0 bytes, Stack size 0 bytes, startup_gd32c10x.o(.text))
<BR>[Address Reference Count : 1]<UL><LI> startup_gd32c10x.o(RESET)
</UL>
<P><STRONG><a name="[2b]"></a>I2C1_EV_IRQHandler</STRONG> (Thumb, 0 bytes, Stack size 0 bytes, startup_gd32c10x.o(.text))
<BR>[Address Reference Count : 1]<UL><LI> startup_gd32c10x.o(RESET)
</UL>
<P><STRONG><a name="[b]"></a>LVD_IRQHandler</STRONG> (Thumb, 0 bytes, Stack size 0 bytes, startup_gd32c10x.o(.text))
<BR>[Address Reference Count : 1]<UL><LI> startup_gd32c10x.o(RESET)
</UL>
<P><STRONG><a name="[f]"></a>RCU_CTC_IRQHandler</STRONG> (Thumb, 0 bytes, Stack size 0 bytes, startup_gd32c10x.o(.text))
<BR>[Address Reference Count : 1]<UL><LI> startup_gd32c10x.o(RESET)
</UL>
<P><STRONG><a name="[33]"></a>RTC_Alarm_IRQHandler</STRONG> (Thumb, 0 bytes, Stack size 0 bytes, startup_gd32c10x.o(.text))
<BR>[Address Reference Count : 1]<UL><LI> startup_gd32c10x.o(RESET)
</UL>
<P><STRONG><a name="[d]"></a>RTC_IRQHandler</STRONG> (Thumb, 0 bytes, Stack size 0 bytes, startup_gd32c10x.o(.text))
<BR>[Address Reference Count : 1]<UL><LI> startup_gd32c10x.o(RESET)
</UL>
<P><STRONG><a name="[2d]"></a>SPI0_IRQHandler</STRONG> (Thumb, 0 bytes, Stack size 0 bytes, startup_gd32c10x.o(.text))
<BR>[Address Reference Count : 1]<UL><LI> startup_gd32c10x.o(RESET)
</UL>
<P><STRONG><a name="[2e]"></a>SPI1_IRQHandler</STRONG> (Thumb, 0 bytes, Stack size 0 bytes, startup_gd32c10x.o(.text))
<BR>[Address Reference Count : 1]<UL><LI> startup_gd32c10x.o(RESET)
</UL>
<P><STRONG><a name="[3b]"></a>SPI2_IRQHandler</STRONG> (Thumb, 0 bytes, Stack size 0 bytes, startup_gd32c10x.o(.text))
<BR>[Address Reference Count : 1]<UL><LI> startup_gd32c10x.o(RESET)
</UL>
<P><STRONG><a name="[c]"></a>TAMPER_IRQHandler</STRONG> (Thumb, 0 bytes, Stack size 0 bytes, startup_gd32c10x.o(.text))
<BR>[Address Reference Count : 1]<UL><LI> startup_gd32c10x.o(RESET)
</UL>
<P><STRONG><a name="[22]"></a>TIMER0_BRK_TIMER8_IRQHandler</STRONG> (Thumb, 0 bytes, Stack size 0 bytes, startup_gd32c10x.o(.text))
<BR>[Address Reference Count : 1]<UL><LI> startup_gd32c10x.o(RESET)
</UL>
<P><STRONG><a name="[25]"></a>TIMER0_Channel_IRQHandler</STRONG> (Thumb, 0 bytes, Stack size 0 bytes, startup_gd32c10x.o(.text))
<BR>[Address Reference Count : 1]<UL><LI> startup_gd32c10x.o(RESET)
</UL>
<P><STRONG><a name="[24]"></a>TIMER0_TRG_CMT_TIMER10_IRQHandler</STRONG> (Thumb, 0 bytes, Stack size 0 bytes, startup_gd32c10x.o(.text))
<BR>[Address Reference Count : 1]<UL><LI> startup_gd32c10x.o(RESET)
</UL>
<P><STRONG><a name="[23]"></a>TIMER0_UP_TIMER9_IRQHandler</STRONG> (Thumb, 0 bytes, Stack size 0 bytes, startup_gd32c10x.o(.text))
<BR>[Address Reference Count : 1]<UL><LI> startup_gd32c10x.o(RESET)
</UL>
<P><STRONG><a name="[26]"></a>TIMER1_IRQHandler</STRONG> (Thumb, 0 bytes, Stack size 0 bytes, startup_gd32c10x.o(.text))
<BR>[Address Reference Count : 1]<UL><LI> startup_gd32c10x.o(RESET)
</UL>
<P><STRONG><a name="[27]"></a>TIMER2_IRQHandler</STRONG> (Thumb, 0 bytes, Stack size 0 bytes, startup_gd32c10x.o(.text))
<BR>[Address Reference Count : 1]<UL><LI> startup_gd32c10x.o(RESET)
</UL>
<P><STRONG><a name="[28]"></a>TIMER3_IRQHandler</STRONG> (Thumb, 0 bytes, Stack size 0 bytes, startup_gd32c10x.o(.text))
<BR>[Address Reference Count : 1]<UL><LI> startup_gd32c10x.o(RESET)
</UL>
<P><STRONG><a name="[3a]"></a>TIMER4_IRQHandler</STRONG> (Thumb, 0 bytes, Stack size 0 bytes, startup_gd32c10x.o(.text))
<BR>[Address Reference Count : 1]<UL><LI> startup_gd32c10x.o(RESET)
</UL>
<P><STRONG><a name="[3e]"></a>TIMER5_IRQHandler</STRONG> (Thumb, 0 bytes, Stack size 0 bytes, startup_gd32c10x.o(.text))
<BR>[Address Reference Count : 1]<UL><LI> startup_gd32c10x.o(RESET)
</UL>
<P><STRONG><a name="[3f]"></a>TIMER6_IRQHandler</STRONG> (Thumb, 0 bytes, Stack size 0 bytes, startup_gd32c10x.o(.text))
<BR>[Address Reference Count : 1]<UL><LI> startup_gd32c10x.o(RESET)
</UL>
<P><STRONG><a name="[35]"></a>TIMER7_BRK_TIMER11_IRQHandler</STRONG> (Thumb, 0 bytes, Stack size 0 bytes, startup_gd32c10x.o(.text))
<BR>[Address Reference Count : 1]<UL><LI> startup_gd32c10x.o(RESET)
</UL>
<P><STRONG><a name="[38]"></a>TIMER7_Channel_IRQHandler</STRONG> (Thumb, 0 bytes, Stack size 0 bytes, startup_gd32c10x.o(.text))
<BR>[Address Reference Count : 1]<UL><LI> startup_gd32c10x.o(RESET)
</UL>
<P><STRONG><a name="[37]"></a>TIMER7_TRG_CMT_TIMER13_IRQHandler</STRONG> (Thumb, 0 bytes, Stack size 0 bytes, startup_gd32c10x.o(.text))
<BR>[Address Reference Count : 1]<UL><LI> startup_gd32c10x.o(RESET)
</UL>
<P><STRONG><a name="[36]"></a>TIMER7_UP_TIMER12_IRQHandler</STRONG> (Thumb, 0 bytes, Stack size 0 bytes, startup_gd32c10x.o(.text))
<BR>[Address Reference Count : 1]<UL><LI> startup_gd32c10x.o(RESET)
</UL>
<P><STRONG><a name="[3c]"></a>UART3_IRQHandler</STRONG> (Thumb, 0 bytes, Stack size 0 bytes, startup_gd32c10x.o(.text))
<BR>[Address Reference Count : 1]<UL><LI> startup_gd32c10x.o(RESET)
</UL>
<P><STRONG><a name="[3d]"></a>UART4_IRQHandler</STRONG> (Thumb, 0 bytes, Stack size 0 bytes, startup_gd32c10x.o(.text))
<BR>[Address Reference Count : 1]<UL><LI> startup_gd32c10x.o(RESET)
</UL>
<P><STRONG><a name="[2f]"></a>USART0_IRQHandler</STRONG> (Thumb, 0 bytes, Stack size 0 bytes, startup_gd32c10x.o(.text))
<BR>[Address Reference Count : 1]<UL><LI> startup_gd32c10x.o(RESET)
</UL>
<P><STRONG><a name="[30]"></a>USART1_IRQHandler</STRONG> (Thumb, 0 bytes, Stack size 0 bytes, startup_gd32c10x.o(.text))
<BR>[Address Reference Count : 1]<UL><LI> startup_gd32c10x.o(RESET)
</UL>
<P><STRONG><a name="[31]"></a>USART2_IRQHandler</STRONG> (Thumb, 0 bytes, Stack size 0 bytes, startup_gd32c10x.o(.text))
<BR>[Address Reference Count : 1]<UL><LI> startup_gd32c10x.o(RESET)
</UL>
<P><STRONG><a name="[49]"></a>USBFS_IRQHandler</STRONG> (Thumb, 0 bytes, Stack size 0 bytes, startup_gd32c10x.o(.text))
<BR>[Address Reference Count : 1]<UL><LI> startup_gd32c10x.o(RESET)
</UL>
<P><STRONG><a name="[34]"></a>USBFS_WKUP_IRQHandler</STRONG> (Thumb, 0 bytes, Stack size 0 bytes, startup_gd32c10x.o(.text))
<BR>[Address Reference Count : 1]<UL><LI> startup_gd32c10x.o(RESET)
</UL>
<P><STRONG><a name="[a]"></a>WWDGT_IRQHandler</STRONG> (Thumb, 0 bytes, Stack size 0 bytes, startup_gd32c10x.o(.text))
<BR>[Address Reference Count : 1]<UL><LI> startup_gd32c10x.o(RESET)
</UL>
<P><STRONG><a name="[4d]"></a>__scatterload</STRONG> (Thumb, 28 bytes, Stack size 0 bytes, init.o(.text))
<BR><BR>[Calls]<UL><LI><a href="#[4e]">&gt;&gt;</a>&nbsp;&nbsp;&nbsp;__main_after_scatterload
</UL>
<BR>[Called By]<UL><LI><a href="#[4c]">&gt;&gt;</a>&nbsp;&nbsp;&nbsp;_main_scatterload
</UL>

<P><STRONG><a name="[5c]"></a>__scatterload_rt2</STRONG> (Thumb, 0 bytes, Stack size 0 bytes, init.o(.text), UNUSED)

<P><STRONG><a name="[4]"></a>BusFault_Handler</STRONG> (Thumb, 2 bytes, Stack size 0 bytes, gd32c10x_it.o(i.BusFault_Handler))
<BR><BR>[Calls]<UL><LI><a href="#[4]">&gt;&gt;</a>&nbsp;&nbsp;&nbsp;BusFault_Handler
</UL>
<BR>[Called By]<UL><LI><a href="#[4]">&gt;&gt;</a>&nbsp;&nbsp;&nbsp;BusFault_Handler
</UL>
<BR>[Address Reference Count : 1]<UL><LI> startup_gd32c10x.o(RESET)
</UL>
<P><STRONG><a name="[7]"></a>DebugMon_Handler</STRONG> (Thumb, 2 bytes, Stack size 0 bytes, gd32c10x_it.o(i.DebugMon_Handler))
<BR><BR>[Calls]<UL><LI><a href="#[7]">&gt;&gt;</a>&nbsp;&nbsp;&nbsp;DebugMon_Handler
</UL>
<BR>[Called By]<UL><LI><a href="#[7]">&gt;&gt;</a>&nbsp;&nbsp;&nbsp;DebugMon_Handler
</UL>
<BR>[Address Reference Count : 1]<UL><LI> startup_gd32c10x.o(RESET)
</UL>
<P><STRONG><a name="[2]"></a>HardFault_Handler</STRONG> (Thumb, 2 bytes, Stack size 0 bytes, gd32c10x_it.o(i.HardFault_Handler))
<BR><BR>[Calls]<UL><LI><a href="#[2]">&gt;&gt;</a>&nbsp;&nbsp;&nbsp;HardFault_Handler
</UL>
<BR>[Called By]<UL><LI><a href="#[2]">&gt;&gt;</a>&nbsp;&nbsp;&nbsp;HardFault_Handler
</UL>
<BR>[Address Reference Count : 1]<UL><LI> startup_gd32c10x.o(RESET)
</UL>
<P><STRONG><a name="[3]"></a>MemManage_Handler</STRONG> (Thumb, 2 bytes, Stack size 0 bytes, gd32c10x_it.o(i.MemManage_Handler))
<BR><BR>[Calls]<UL><LI><a href="#[3]">&gt;&gt;</a>&nbsp;&nbsp;&nbsp;MemManage_Handler
</UL>
<BR>[Called By]<UL><LI><a href="#[3]">&gt;&gt;</a>&nbsp;&nbsp;&nbsp;MemManage_Handler
</UL>
<BR>[Address Reference Count : 1]<UL><LI> startup_gd32c10x.o(RESET)
</UL>
<P><STRONG><a name="[1]"></a>NMI_Handler</STRONG> (Thumb, 2 bytes, Stack size 0 bytes, gd32c10x_it.o(i.NMI_Handler))
<BR><BR>[Calls]<UL><LI><a href="#[1]">&gt;&gt;</a>&nbsp;&nbsp;&nbsp;NMI_Handler
</UL>
<BR>[Called By]<UL><LI><a href="#[1]">&gt;&gt;</a>&nbsp;&nbsp;&nbsp;NMI_Handler
</UL>
<BR>[Address Reference Count : 1]<UL><LI> startup_gd32c10x.o(RESET)
</UL>
<P><STRONG><a name="[8]"></a>PendSV_Handler</STRONG> (Thumb, 2 bytes, Stack size 0 bytes, gd32c10x_it.o(i.PendSV_Handler))
<BR><BR>[Calls]<UL><LI><a href="#[8]">&gt;&gt;</a>&nbsp;&nbsp;&nbsp;PendSV_Handler
</UL>
<BR>[Called By]<UL><LI><a href="#[8]">&gt;&gt;</a>&nbsp;&nbsp;&nbsp;PendSV_Handler
</UL>
<BR>[Address Reference Count : 1]<UL><LI> startup_gd32c10x.o(RESET)
</UL>
<P><STRONG><a name="[6]"></a>SVC_Handler</STRONG> (Thumb, 2 bytes, Stack size 0 bytes, gd32c10x_it.o(i.SVC_Handler))
<BR><BR>[Calls]<UL><LI><a href="#[6]">&gt;&gt;</a>&nbsp;&nbsp;&nbsp;SVC_Handler
</UL>
<BR>[Called By]<UL><LI><a href="#[6]">&gt;&gt;</a>&nbsp;&nbsp;&nbsp;SVC_Handler
</UL>
<BR>[Address Reference Count : 1]<UL><LI> startup_gd32c10x.o(RESET)
</UL>
<P><STRONG><a name="[5]"></a>UsageFault_Handler</STRONG> (Thumb, 2 bytes, Stack size 0 bytes, gd32c10x_it.o(i.UsageFault_Handler))
<BR><BR>[Calls]<UL><LI><a href="#[5]">&gt;&gt;</a>&nbsp;&nbsp;&nbsp;UsageFault_Handler
</UL>
<BR>[Called By]<UL><LI><a href="#[5]">&gt;&gt;</a>&nbsp;&nbsp;&nbsp;UsageFault_Handler
</UL>
<BR>[Address Reference Count : 1]<UL><LI> startup_gd32c10x.o(RESET)
</UL>
<P><STRONG><a name="[5d]"></a>__scatterload_copy</STRONG> (Thumb, 14 bytes, Stack size unknown bytes, handlers.o(i.__scatterload_copy), UNUSED)

<P><STRONG><a name="[5e]"></a>__scatterload_null</STRONG> (Thumb, 2 bytes, Stack size unknown bytes, handlers.o(i.__scatterload_null), UNUSED)

<P><STRONG><a name="[5f]"></a>__scatterload_zeroinit</STRONG> (Thumb, 14 bytes, Stack size unknown bytes, handlers.o(i.__scatterload_zeroinit), UNUSED)

<P><STRONG><a name="[53]"></a>fmc_flag_clear</STRONG> (Thumb, 6 bytes, Stack size 0 bytes, gd32c10x_fmc.o(i.fmc_flag_clear))
<BR><BR>[Called By]<UL><LI><a href="#[4a]">&gt;&gt;</a>&nbsp;&nbsp;&nbsp;main
</UL>

<P><STRONG><a name="[54]"></a>fmc_lock</STRONG> (Thumb, 12 bytes, Stack size 0 bytes, gd32c10x_fmc.o(i.fmc_lock))
<BR><BR>[Called By]<UL><LI><a href="#[4a]">&gt;&gt;</a>&nbsp;&nbsp;&nbsp;main
</UL>

<P><STRONG><a name="[4f]"></a>fmc_page_erase</STRONG> (Thumb, 56 bytes, Stack size 16 bytes, gd32c10x_fmc.o(i.fmc_page_erase))
<BR><BR>[Stack]<UL><LI>Max Depth = 16<LI>Call Chain = fmc_page_erase
</UL>
<BR>[Calls]<UL><LI><a href="#[50]">&gt;&gt;</a>&nbsp;&nbsp;&nbsp;fmc_ready_wait
</UL>
<BR>[Called By]<UL><LI><a href="#[4a]">&gt;&gt;</a>&nbsp;&nbsp;&nbsp;main
</UL>

<P><STRONG><a name="[52]"></a>fmc_unlock</STRONG> (Thumb, 22 bytes, Stack size 0 bytes, gd32c10x_fmc.o(i.fmc_unlock))
<BR><BR>[Called By]<UL><LI><a href="#[4a]">&gt;&gt;</a>&nbsp;&nbsp;&nbsp;main
</UL>

<P><STRONG><a name="[51]"></a>fmc_word_program</STRONG> (Thumb, 50 bytes, Stack size 16 bytes, gd32c10x_fmc.o(i.fmc_word_program))
<BR><BR>[Stack]<UL><LI>Max Depth = 16<LI>Call Chain = fmc_word_program
</UL>
<BR>[Calls]<UL><LI><a href="#[50]">&gt;&gt;</a>&nbsp;&nbsp;&nbsp;fmc_ready_wait
</UL>
<BR>[Called By]<UL><LI><a href="#[4a]">&gt;&gt;</a>&nbsp;&nbsp;&nbsp;main
</UL>

<P><STRONG><a name="[4a]"></a>main</STRONG> (Thumb, 204 bytes, Stack size 0 bytes, main.o(i.main))
<BR><BR>[Stack]<UL><LI>Max Depth = 16<LI>Call Chain = main &rArr; fmc_word_program
</UL>
<BR>[Calls]<UL><LI><a href="#[51]">&gt;&gt;</a>&nbsp;&nbsp;&nbsp;fmc_word_program
<LI><a href="#[52]">&gt;&gt;</a>&nbsp;&nbsp;&nbsp;fmc_unlock
<LI><a href="#[4f]">&gt;&gt;</a>&nbsp;&nbsp;&nbsp;fmc_page_erase
<LI><a href="#[54]">&gt;&gt;</a>&nbsp;&nbsp;&nbsp;fmc_lock
<LI><a href="#[53]">&gt;&gt;</a>&nbsp;&nbsp;&nbsp;fmc_flag_clear
</UL>
<BR>[Address Reference Count : 1]<UL><LI> entry9a.o(.ARM.Collect$$$$0000000B)
</UL><P>
<H3>
Local Symbols
</H3>
<P><STRONG><a name="[50]"></a>fmc_ready_wait</STRONG> (Thumb, 68 bytes, Stack size 0 bytes, gd32c10x_fmc.o(i.fmc_ready_wait))
<BR><BR>[Called By]<UL><LI><a href="#[51]">&gt;&gt;</a>&nbsp;&nbsp;&nbsp;fmc_word_program
<LI><a href="#[4f]">&gt;&gt;</a>&nbsp;&nbsp;&nbsp;fmc_page_erase
</UL>
<P>
<H3>
Undefined Global Symbols
</H3><HR></body></html>
