<html>
<body>
<pre>
<h1>µVision Build Log</h1>
<h2>Tool Versions:</h2>
IDE-Version: ¦ÌVision V5.32.0.0
Copyright (C) 2020 ARM Ltd and ARM Germany GmbH. All rights reserved.
License Information: vcb vcb, ZJU, LIC=QF82M-XKFFW-QDYKD-8N6VV-D8AHD-L9FK3
 
Tool Versions:
Toolchain:       MDK-ARM Plus  Version: 5.32.0.0
Toolchain Path:  C:\Keil_v5\ARM\ARMCC\Bin
C Compiler:      Armcc.exe V5.06 update 7 (build 960)
Assembler:       Armasm.exe V5.06 update 7 (build 960)
Linker/Locator:  ArmLink.exe V5.06 update 7 (build 960)
Library Manager: ArmAr.exe V5.06 update 7 (build 960)
Hex Converter:   FromElf.exe V5.06 update 7 (build 960)
CPU DLL:         SARMCM3.DLL V5.32.0.0
Dialog DLL:      DCM.DLL V1.17.3.0
Target DLL:      Segger\JL2CM3.dll V2.99.38.0
Dialog DLL:      TCM.DLL V1.46.0.0
 
<h2>Project:</h2>
C:\gd32\c1_driver\Firmware_boot\MDK-ARM\dgm_boot.uvprojx
Project File Date:  07/09/2025

<h2>Output:</h2>
*** Using Compiler 'V5.06 update 7 (build 960)', folder: 'C:\Keil_v5\ARM\ARMCC\Bin'
Build target 'dgm_boot'
assembling startup_gd32c10x.s...
compiling system_gd32c10x.c...
compiling main.c...
compiling gd32c10x_dma.c...
compiling gd32c10x_rcu.c...
compiling gd32c10x_ctc.c...
compiling gd32c10x_fmc.c...
compiling gd32c10x_timer.c...
compiling gd32c10x_usart.c...
compiling gd32c10x_bkp.c...
compiling gd32c10x_exti.c...
compiling gd32c10x_dbg.c...
compiling gd32c10x_adc.c...
compiling gd32c10x_it.c...
compiling gd32c10x_misc.c...
compiling gd32c10x_spi.c...
compiling gd32c10x_fwdgt.c...
compiling gd32c10x_pmu.c...
compiling gd32c10x_gpio.c...
compiling gd32c10x_can.c...
linking...
Program Size: Code=616 RO-data=352 RW-data=0 ZI-data=2048  
FromELF: creating hex file...
After Build - User command #1: "C:\Keil_v5\\ARM\ARMCC\bin\fromelf.exe" --bincombined ".\object\dgm_boot.axf" --output="C:\gd32\c1_driver\Firmware_boot\MDK-ARM\object\\dgm_boot.bin"
".\object\dgm_boot.axf" - 0 Error(s), 0 Warning(s).

<h2>Software Packages used:</h2>

Package Vendor: GigaDevice
                https://gd32mcu.com/data/documents/pack/GigaDevice.GD32C10x_DFP.1.3.0.pack
                GigaDevice.GD32C10x_DFP.1.3.0
                GigaDevice GD32C10x Series Device Support and Examples

<h2>Collection of Component include folders:</h2>
  C:\Keil_v5\ARM\PACK\GigaDevice\GD32C10x_DFP\1.3.0\Device\Include

<h2>Collection of Component Files used:</h2>
Build Time Elapsed:  00:02:05
</pre>
</body>
</html>
